Archive member included to satisfy reference by file (symbol)

../src/ASF/thirdparty/wireless/services/common_hw_timer/mega/lib\libmegarfr2_lib_hw_timer.a(common_hw_timer.o)
                              src/ASF/thirdparty/wireless/avr2130_lwmesh/source/sys/src/sysTimer.o (common_tc_delay)
c:/program files (x86)/atmel/studio/7.0/toolchain/avr8/avr8-gnu-toolchain/bin/../lib/gcc/avr/5.4.0/avr6\libgcc.a(_mulsi3.o)
                              ../src/ASF/thirdparty/wireless/services/common_hw_timer/mega/lib\libmegarfr2_lib_hw_timer.a(common_hw_timer.o) (__mulsi3)
c:/program files (x86)/atmel/studio/7.0/toolchain/avr8/avr8-gnu-toolchain/bin/../lib/gcc/avr/5.4.0/avr6\libgcc.a(_udivmodhi4.o)
                              ../src/ASF/thirdparty/wireless/services/common_hw_timer/mega/lib\libmegarfr2_lib_hw_timer.a(common_hw_timer.o) (__udivmodhi4)
c:/program files (x86)/atmel/studio/7.0/toolchain/avr8/avr8-gnu-toolchain/bin/../lib/gcc/avr/5.4.0/avr6\libgcc.a(_udivmodsi4.o)
                              src/ASF/mega/drivers/usart/usart_megarf.o (__udivmodsi4)
c:/program files (x86)/atmel/studio/7.0/toolchain/avr8/avr8-gnu-toolchain/bin/../lib/gcc/avr/5.4.0/avr6\libgcc.a(_exit.o)
                              C:/Program Files (x86)/Atmel/Studio/7.0/Packs/atmel/ATmega_DFP/1.3.300/gcc/dev/atmega256rfr2/avr6/crtatmega256rfr2.o (exit)
c:/program files (x86)/atmel/studio/7.0/toolchain/avr8/avr8-gnu-toolchain/bin/../lib/gcc/avr/5.4.0/avr6\libgcc.a(_copy_data.o)
                              src/ASF/mega/drivers/adc/adc.o (__do_copy_data)
c:/program files (x86)/atmel/studio/7.0/toolchain/avr8/avr8-gnu-toolchain/bin/../lib/gcc/avr/5.4.0/avr6\libgcc.a(_clear_bss.o)
                              src/ASF/common/utils/stdio/read.o (__do_clear_bss)
c:/program files (x86)/atmel/studio/7.0/toolchain/avr8/avr8-gnu-toolchain/bin/../lib/gcc/avr/5.4.0/avr6\libgcc.a(_muluhisi3.o)
                              c:/program files (x86)/atmel/studio/7.0/toolchain/avr8/avr8-gnu-toolchain/bin/../lib/gcc/avr/5.4.0/avr6\libgcc.a(_mulsi3.o) (__muluhisi3)
c:/program files (x86)/atmel/studio/7.0/toolchain/avr8/avr8-gnu-toolchain/bin/../lib/gcc/avr/5.4.0/avr6\libgcc.a(_umulhisi3.o)
                              c:/program files (x86)/atmel/studio/7.0/toolchain/avr8/avr8-gnu-toolchain/bin/../lib/gcc/avr/5.4.0/avr6\libgcc.a(_muluhisi3.o) (__umulhisi3)
c:/program files (x86)/atmel/studio/7.0/toolchain/avr8/avr8-gnu-toolchain/bin/../lib/gcc/avr/5.4.0/../../../../avr/lib/avr6\libc.a(rand.o)
                              src/ASF/thirdparty/wireless/avr2130_lwmesh/source/nwk/src/nwkTx.o (rand)
c:/program files (x86)/atmel/studio/7.0/toolchain/avr8/avr8-gnu-toolchain/bin/../lib/gcc/avr/5.4.0/../../../../avr/lib/avr6\libc.a(memcpy.o)
                              src/ASF/thirdparty/wireless/avr2130_lwmesh/source/nwk/src/nwkDataReq.o (memcpy)
c:/program files (x86)/atmel/studio/7.0/toolchain/avr8/avr8-gnu-toolchain/bin/../lib/gcc/avr/5.4.0/../../../../avr/lib/avr6\libc.a(fdevopen.o)
                              src/ASF/thirdparty/wireless/addons/sio2host/uart/sio2host.o (fdevopen)
c:/program files (x86)/atmel/studio/7.0/toolchain/avr8/avr8-gnu-toolchain/bin/../lib/gcc/avr/5.4.0/../../../../avr/lib/avr6\libc.a(iob.o)
                              c:/program files (x86)/atmel/studio/7.0/toolchain/avr8/avr8-gnu-toolchain/bin/../lib/gcc/avr/5.4.0/../../../../avr/lib/avr6\libc.a(fdevopen.o) (__iob)
c:/program files (x86)/atmel/studio/7.0/toolchain/avr8/avr8-gnu-toolchain/bin/../lib/gcc/avr/5.4.0/../../../../avr/lib/avr6\libc.a(calloc.o)
                              c:/program files (x86)/atmel/studio/7.0/toolchain/avr8/avr8-gnu-toolchain/bin/../lib/gcc/avr/5.4.0/../../../../avr/lib/avr6\libc.a(fdevopen.o) (calloc)
c:/program files (x86)/atmel/studio/7.0/toolchain/avr8/avr8-gnu-toolchain/bin/../lib/gcc/avr/5.4.0/../../../../avr/lib/avr6\libc.a(malloc.o)
                              c:/program files (x86)/atmel/studio/7.0/toolchain/avr8/avr8-gnu-toolchain/bin/../lib/gcc/avr/5.4.0/../../../../avr/lib/avr6\libc.a(calloc.o) (malloc)
c:/program files (x86)/atmel/studio/7.0/toolchain/avr8/avr8-gnu-toolchain/bin/../lib/gcc/avr/5.4.0/../../../../avr/lib/avr6\libc.a(memset.o)
                              c:/program files (x86)/atmel/studio/7.0/toolchain/avr8/avr8-gnu-toolchain/bin/../lib/gcc/avr/5.4.0/../../../../avr/lib/avr6\libc.a(calloc.o) (memset)
c:/program files (x86)/atmel/studio/7.0/toolchain/avr8/avr8-gnu-toolchain/bin/../lib/gcc/avr/5.4.0/avr6\libgcc.a(_divmodsi4.o)
                              c:/program files (x86)/atmel/studio/7.0/toolchain/avr8/avr8-gnu-toolchain/bin/../lib/gcc/avr/5.4.0/../../../../avr/lib/avr6\libc.a(rand.o) (__divmodsi4)
c:/program files (x86)/atmel/studio/7.0/toolchain/avr8/avr8-gnu-toolchain/bin/../lib/gcc/avr/5.4.0/avr6\libgcc.a(_negsi2.o)
                              c:/program files (x86)/atmel/studio/7.0/toolchain/avr8/avr8-gnu-toolchain/bin/../lib/gcc/avr/5.4.0/avr6\libgcc.a(_divmodsi4.o) (__negsi2)
[...]
Memory Configuration

Name             Origin             Length             Attributes
text             0x00000000         0x00100000         xr
data             0x00800200         0x0000fe00         rw !x
eeprom           0x00810000         0x00010000         rw !x
fuse             0x00820000         0x00000003         rw !x
lock             0x00830000         0x00000400         rw !x
signature        0x00840000         0x00000400         rw !x
user_signatures  0x00850000         0x00000400         rw !x
*default*        0x00000000         0xffffffff

Linker script and memory map

Address of section .data set to 0x800200
LOAD C:/Program Files (x86)/Atmel/Studio/7.0/Packs/atmel/ATmega_DFP/1.3.300/gcc/dev/atmega256rfr2/avr6/crtatmega256rfr2.o
LOAD src/ASF/common/services/clock/mega/sysclk.o
LOAD src/ASF/common/services/serial/usart_serial.o
LOAD src/ASF/common/utils/stdio/read.o
LOAD src/ASF/common/utils/stdio/write.o
LOAD src/ASF/mega/boards/atmega256rfr2_xplained_pro/init.o
LOAD src/ASF/mega/drivers/adc/adc.o
LOAD src/ASF/mega/drivers/usart/usart_megarf.o
LOAD src/ASF/thirdparty/wireless/addons/sio2host/uart/sio2host.o
LOAD src/ASF/thirdparty/wireless/avr2130_lwmesh/source/nwk/src/nwk.o
LOAD src/ASF/thirdparty/wireless/avr2130_lwmesh/source/nwk/src/nwkDataReq.o
LOAD src/ASF/thirdparty/wireless/avr2130_lwmesh/source/nwk/src/nwkFrame.o
LOAD src/ASF/thirdparty/wireless/avr2130_lwmesh/source/nwk/src/nwkGroup.o
LOAD src/ASF/thirdparty/wireless/avr2130_lwmesh/source/nwk/src/nwkRoute.o
LOAD src/ASF/thirdparty/wireless/avr2130_lwmesh/source/nwk/src/nwkRouteDiscovery.o
LOAD src/ASF/thirdparty/wireless/avr2130_lwmesh/source/nwk/src/nwkRx.o
LOAD src/ASF/thirdparty/wireless/avr2130_lwmesh/source/nwk/src/nwkSecurity.o
LOAD src/ASF/thirdparty/wireless/avr2130_lwmesh/source/nwk/src/nwkTx.o
LOAD src/ASF/thirdparty/wireless/avr2130_lwmesh/source/phy/atmegarfr2/src/phy.o
LOAD src/ASF/thirdparty/wireless/avr2130_lwmesh/source/sys/src/sys.o
LOAD src/ASF/thirdparty/wireless/avr2130_lwmesh/source/sys/src/sysEncrypt.o
LOAD src/ASF/thirdparty/wireless/avr2130_lwmesh/source/sys/src/sysTimer.o
LOAD src/ASF/thirdparty/wireless/services/common_hw_timer/mega/hw_timer.o
LOAD src/ASF/thirdparty/wireless/services/mega/drivers/tc/tc_megarf.o
LOAD src/ASF/thirdparty/wireless/services/sal/atmegarf_sal/src/sal.o
LOAD src/Peer2Peer.o
START GROUP
LOAD ../src/ASF/thirdparty/wireless/services/common_hw_timer/mega/lib\libmegarfr2_lib_hw_timer.a
LOAD c:/program files (x86)/atmel/studio/7.0/toolchain/avr8/avr8-gnu-toolchain/bin/../lib/gcc/avr/5.4.0/../../../../avr/lib/avr6\libm.a
END GROUP
START GROUP
LOAD c:/program files (x86)/atmel/studio/7.0/toolchain/avr8/avr8-gnu-toolchain/bin/../lib/gcc/avr/5.4.0/avr6\libgcc.a
LOAD c:/program files (x86)/atmel/studio/7.0/toolchain/avr8/avr8-gnu-toolchain/bin/../lib/gcc/avr/5.4.0/../../../../avr/lib/avr6\libm.a
LOAD c:/program files (x86)/atmel/studio/7.0/toolchain/avr8/avr8-gnu-toolchain/bin/../lib/gcc/avr/5.4.0/../../../../avr/lib/avr6\libc.a
LOAD C:/Program Files (x86)/Atmel/Studio/7.0/Packs/atmel/ATmega_DFP/1.3.300/gcc/dev/atmega256rfr2/avr6\libatmega256rfr2.a
END GROUP
                0x00000000                __TEXT_REGION_ORIGIN__ = DEFINED (__TEXT_REGION_ORIGIN__)?__TEXT_REGION_ORIGIN__:0x0
                0x00800200                __DATA_REGION_ORIGIN__ = DEFINED (__DATA_REGION_ORIGIN__)?__DATA_REGION_ORIGIN__:0x800200
                0x00100000                __TEXT_REGION_LENGTH__ = DEFINED (__TEXT_REGION_LENGTH__)?__TEXT_REGION_LENGTH__:0x100000
                0x0000fe00                __DATA_REGION_LENGTH__ = DEFINED (__DATA_REGION_LENGTH__)?__DATA_REGION_LENGTH__:0xfe00
                0x00010000                __EEPROM_REGION_LENGTH__ = DEFINED (__EEPROM_REGION_LENGTH__)?__EEPROM_REGION_LENGTH__:0x10000
                [0x00000003]                __FUSE_REGION_LENGTH__ = DEFINED (__FUSE_REGION_LENGTH__)?__FUSE_REGION_LENGTH__:0x400
                0x00000400                __LOCK_REGION_LENGTH__ = DEFINED (__LOCK_REGION_LENGTH__)?__LOCK_REGION_LENGTH__:0x400
                0x00000400                __SIGNATURE_REGION_LENGTH__ = DEFINED (__SIGNATURE_REGION_LENGTH__)?__SIGNATURE_REGION_LENGTH__:0x400
                0x00000400                __USER_SIGNATURE_REGION_LENGTH__ = DEFINED (__USER_SIGNATURE_REGION_LENGTH__)?__USER_SIGNATURE_REGION_LENGTH__:0x400

.hash
 *(.hash)

.dynsym
 *(.dynsym)

.dynstr
 *(.dynstr)

.gnu.version
 *(.gnu.version)

.gnu.version_d
 *(.gnu.version_d)

.gnu.version_r
 *(.gnu.version_r)

.rel.init
 *(.rel.init)

.rela.init
 *(.rela.init)

.rel.text
 *(.rel.text)
 *(.rel.text.*)
 *(.rel.gnu.linkonce.t*)

.rela.text
 *(.rela.text)
 *(.rela.text.*)
 *(.rela.gnu.linkonce.t*)

.rel.fini
 *(.rel.fini)

.rela.fini
 *(.rela.fini)

.rel.rodata
 *(.rel.rodata)
 *(.rel.rodata.*)
 *(.rel.gnu.linkonce.r*)

.rela.rodata
 *(.rela.rodata)
 *(.rela.rodata.*)
 *(.rela.gnu.linkonce.r*)

.rel.data
 *(.rel.data)
 *(.rel.data.*)
 *(.rel.gnu.linkonce.d*)

.rela.data
 *(.rela.data)
 *(.rela.data.*)
 *(.rela.gnu.linkonce.d*)

.rel.ctors
 *(.rel.ctors)

.rela.ctors
 *(.rela.ctors)

.rel.dtors
 *(.rel.dtors)

.rela.dtors
 *(.rela.dtors)

.rel.got
 *(.rel.got)

.rela.got
 *(.rela.got)

.rel.bss
 *(.rel.bss)

.rela.bss
 *(.rela.bss)

.rel.plt
 *(.rel.plt)

.rela.plt
 *(.rela.plt)

.text           0x00000000     0x3262
 *(.vectors)
 .vectors       0x00000000      0x134 C:/Program Files (x86)/Atmel/Studio/7.0/Packs/atmel/ATmega_DFP/1.3.300/gcc/dev/atmega256rfr2/avr6/crtatmega256rfr2.o
                0x00000000                __vector_default
                0x00000000                __vectors
 *(.vectors)
 *(.progmem.gcc*)
                0x00000134                . = ALIGN (0x2)
                0x00000134                __trampolines_start = .
 *(.trampolines)
 .trampolines   0x00000134        0x0 linker stubs
 *(.trampolines*)
                0x00000134                __trampolines_end = .
 *libprintf_flt.a:*(.progmem.data)
 *libc.a:*(.progmem.data)
 *(.progmem*)
                0x00000134                . = ALIGN (0x2)
 *(.jumptables)
 *(.jumptables*)
 *(.lowtext)
 *(.lowtext*)
                0x00000134                __ctors_start = .
 *(.ctors)
                0x00000134                __ctors_end = .
                0x00000134                __dtors_start = .
 *(.dtors)
                0x00000134                __dtors_end = .
 SORT(*)(.ctors)
 SORT(*)(.dtors)
 *(.init0)
 .init0         0x00000134        0x0 C:/Program Files (x86)/Atmel/Studio/7.0/Packs/atmel/ATmega_DFP/1.3.300/gcc/dev/atmega256rfr2/avr6/crtatmega256rfr2.o
                0x00000134                __init
 *(.init0)
 *(.init1)
 *(.init1)
 *(.init2)
 .init2         0x00000134       0x10 C:/Program Files (x86)/Atmel/Studio/7.0/Packs/atmel/ATmega_DFP/1.3.300/gcc/dev/atmega256rfr2/avr6/crtatmega256rfr2.o
 *(.init2)
 *(.init3)
 *(.init3)
 *(.init4)
 .init4         0x00000144       0x1a c:/program files (x86)/atmel/studio/7.0/toolchain/avr8/avr8-gnu-toolchain/bin/../lib/gcc/avr/5.4.0/avr6\libgcc.a(_copy_data.o)
                0x00000144                __do_copy_data
 .init4         0x0000015e       0x10 c:/program files (x86)/atmel/studio/7.0/toolchain/avr8/avr8-gnu-toolchain/bin/../lib/gcc/avr/5.4.0/avr6\libgcc.a(_clear_bss.o)
                0x0000015e                __do_clear_bss
 *(.init4)
 *(.init5)
 *(.init5)
 *(.init6)
 *(.init6)
 *(.init7)
 *(.init7)
 *(.init8)
 *(.init8)
 *(.init9)
 .init9         0x0000016e        0x8 C:/Program Files (x86)/Atmel/Studio/7.0/Packs/atmel/ATmega_DFP/1.3.300/gcc/dev/atmega256rfr2/avr6/crtatmega256rfr2.o
 *(.init9)
 *(.text)
 .text          0x00000176        0x2 C:/Program Files (x86)/Atmel/Studio/7.0/Packs/atmel/ATmega_DFP/1.3.300/gcc/dev/atmega256rfr2/avr6/crtatmega256rfr2.o
                0x00000176                __vector_38
                0x00000176                __vector_22
                0x00000176                __vector_63
                0x00000176                __vector_28
                0x00000176                __vector_67
                0x00000176                __vector_1
                0x00000176                __vector_75
                0x00000176                __vector_71
                0x00000176                __vector_62
                0x00000176                __vector_24
                0x00000176                __vector_12
                0x00000176                __vector_55
                0x00000176                __vector_69
                0x00000176                __vector_46
                0x00000176                __bad_interrupt
                0x00000176                __vector_72
                0x00000176                __vector_6
                0x00000176                __vector_31
                0x00000176                __vector_74
                0x00000176                __vector_39
                0x00000176                __vector_3
                0x00000176                __vector_23
                0x00000176                __vector_68
                0x00000176                __vector_30
                0x00000176                __vector_73
                0x00000176                __vector_25
                0x00000176                __vector_61
                0x00000176                __vector_11
                0x00000176                __vector_54
                0x00000176                __vector_13
                0x00000176                __vector_56
                0x00000176                __vector_7
                0x00000176                __vector_41
                0x00000176                __vector_64
                0x00000176                __vector_27
                0x00000176                __vector_5
                0x00000176                __vector_76
                0x00000176                __vector_52
                0x00000176                __vector_37
                0x00000176                __vector_4
                0x00000176                __vector_51
                0x00000176                __vector_9
                0x00000176                __vector_2
                0x00000176                __vector_21
                0x00000176                __vector_15
                0x00000176                __vector_66
                0x00000176                __vector_58
                0x00000176                __vector_70
                0x00000176                __vector_60
                0x00000176                __vector_40
                0x00000176                __vector_8
                0x00000176                __vector_26
                0x00000176                __vector_14
                0x00000176                __vector_57
                0x00000176                __vector_53
                0x00000176                __vector_10
                0x00000176                __vector_16
                0x00000176                __vector_59
                0x00000176                __vector_65
 .text          0x00000178      0x216 ../src/ASF/thirdparty/wireless/services/common_hw_timer/mega/lib\libmegarfr2_lib_hw_timer.a(common_hw_timer.o)
                0x00000178                common_tc_read_count
                0x000001c8                common_tc_compare_stop
                0x000001ec                common_tc_overflow_stop
                0x000001f6                common_tc_stop
                0x000001fe                common_tc_delay
                0x000002e8                common_tc_init
                0x000002f6                tmr_ovf_callback
                0x00000366                tmr_cca_callback
                0x0000037a                set_common_tc_overflow_callback
                0x00000384                set_common_tc_expiry_callback
                0x0000038e                . = ALIGN (0x2)
 *(.text.*)
 .text.sysclk_init
                0x0000038e       0x36 src/ASF/common/services/clock/mega/sysclk.o
                0x0000038e                sysclk_init
 .text.sysclk_enable_module
                0x000003c4       0x30 src/ASF/common/services/clock/mega/sysclk.o
                0x000003c4                sysclk_enable_module
 .text.sysclk_disable_module
                0x000003f4       0x2e src/ASF/common/services/clock/mega/sysclk.o
                0x000003f4                sysclk_disable_module
 .text.usart_serial_write_packet
                0x00000422       0x34 src/ASF/common/services/serial/usart_serial.o
                0x00000422                usart_serial_write_packet
 .text.usart_serial_read_packet
                0x00000456       0x34 src/ASF/common/services/serial/usart_serial.o
                0x00000456                usart_serial_read_packet
 .text._read    0x0000048a       0x32 src/ASF/common/utils/stdio/read.o
                0x0000048a                _read
 .text._write   0x000004bc       0x24 src/ASF/common/utils/stdio/write.o
                0x000004bc                _write
 .text.board_init
                0x000004e0        0xa src/ASF/mega/boards/atmega256rfr2_xplained_pro/init.o
                0x000004e0                board_init
 .text.read_adc_buff
                0x000004ea       0x7e src/ASF/mega/drivers/adc/adc.o
                0x000004ea                read_adc_buff
 .text.__vector_29
                0x00000568       0x56 src/ASF/mega/drivers/adc/adc.o
                0x00000568                __vector_29
 .text.usart_putchar
                0x000005be        0xe src/ASF/mega/drivers/usart/usart_megarf.o
                0x000005be                usart_putchar
 .text.usart_getchar
                0x000005cc        0xc src/ASF/mega/drivers/usart/usart_megarf.o
                0x000005cc                usart_getchar
 .text.usart_set_baudrate
                0x000005d8       0xda src/ASF/mega/drivers/usart/usart_megarf.o
                0x000005d8                usart_set_baudrate
 .text.usart_init_rs232
                0x000006b2       0x92 src/ASF/mega/drivers/usart/usart_megarf.o
                0x000006b2                usart_init_rs232
 .text.usart_serial_getchar
                0x00000744       0x10 src/ASF/thirdparty/wireless/addons/sio2host/uart/sio2host.o
 .text.usart_serial_putchar
                0x00000754        0x4 src/ASF/thirdparty/wireless/addons/sio2host/uart/sio2host.o
 .text.sio2host_init
                0x00000758       0x92 src/ASF/thirdparty/wireless/addons/sio2host/uart/sio2host.o
                0x00000758                sio2host_init
 .text.sio2host_tx
                0x000007ea       0x2e src/ASF/thirdparty/wireless/addons/sio2host/uart/sio2host.o
                0x000007ea                sio2host_tx
 .text.sio2host_putchar
                0x00000818       0x1c src/ASF/thirdparty/wireless/addons/sio2host/uart/sio2host.o
                0x00000818                sio2host_putchar
 .text.__vector_36
                0x00000834       0x90 src/ASF/thirdparty/wireless/addons/sio2host/uart/sio2host.o
                0x00000834                __vector_36
 .text.NWK_Init
                0x000008c4       0x30 src/ASF/thirdparty/wireless/avr2130_lwmesh/source/nwk/src/nwk.o
                0x000008c4                NWK_Init
 .text.NWK_SetAddr
                0x000008f4        0xe src/ASF/thirdparty/wireless/avr2130_lwmesh/source/nwk/src/nwk.o
                0x000008f4                NWK_SetAddr
 .text.NWK_SetPanId
                0x00000902        0xe src/ASF/thirdparty/wireless/avr2130_lwmesh/source/nwk/src/nwk.o
                0x00000902                NWK_SetPanId
 .text.NWK_OpenEndpoint
                0x00000910       0x12 src/ASF/thirdparty/wireless/avr2130_lwmesh/source/nwk/src/nwk.o
                0x00000910                NWK_OpenEndpoint
 .text.NWK_TaskHandler
                0x00000922        0xc src/ASF/thirdparty/wireless/avr2130_lwmesh/source/nwk/src/nwk.o
                0x00000922                NWK_TaskHandler
 .text.nwkDataReqTxConf
                0x0000092e       0x46 src/ASF/thirdparty/wireless/avr2130_lwmesh/source/nwk/src/nwkDataReq.o
 .text.nwkDataReqInit
                0x00000974        0xa src/ASF/thirdparty/wireless/avr2130_lwmesh/source/nwk/src/nwkDataReq.o
                0x00000974                nwkDataReqInit
 .text.NWK_DataReq
                0x0000097e       0x48 src/ASF/thirdparty/wireless/avr2130_lwmesh/source/nwk/src/nwkDataReq.o
                0x0000097e                NWK_DataReq
 .text.nwkDataReqTaskHandler
                0x000009c6      0x156 src/ASF/thirdparty/wireless/avr2130_lwmesh/source/nwk/src/nwkDataReq.o
                0x000009c6                nwkDataReqTaskHandler
 .text.nwkFrameInit
                0x00000b1c        0xe src/ASF/thirdparty/wireless/avr2130_lwmesh/source/nwk/src/nwkFrame.o
                0x00000b1c                nwkFrameInit
 .text.nwkFrameAlloc
                0x00000b2a       0x6c src/ASF/thirdparty/wireless/avr2130_lwmesh/source/nwk/src/nwkFrame.o
                0x00000b2a                nwkFrameAlloc
 .text.nwkFrameFree
                0x00000b96       0x14 src/ASF/thirdparty/wireless/avr2130_lwmesh/source/nwk/src/nwkFrame.o
                0x00000b96                nwkFrameFree
 .text.nwkFrameNext
                0x00000baa       0x4a src/ASF/thirdparty/wireless/avr2130_lwmesh/source/nwk/src/nwkFrame.o
                0x00000baa                nwkFrameNext
 .text.nwkFrameCommandInit
                0x00000bf4       0x28 src/ASF/thirdparty/wireless/avr2130_lwmesh/source/nwk/src/nwkFrame.o
                0x00000bf4                nwkFrameCommandInit
 .text.nwkRouteInit
                0x00000c1c       0x40 src/ASF/thirdparty/wireless/avr2130_lwmesh/source/nwk/src/nwkRoute.o
                0x00000c1c                nwkRouteInit
 .text.NWK_RouteFindEntry
                0x00000c5c       0x64 src/ASF/thirdparty/wireless/avr2130_lwmesh/source/nwk/src/nwkRoute.o
                0x00000c5c                NWK_RouteFindEntry
 .text.NWK_RouteNewEntry
                0x00000cc0       0x44 src/ASF/thirdparty/wireless/avr2130_lwmesh/source/nwk/src/nwkRoute.o
                0x00000cc0                NWK_RouteNewEntry
 .text.NWK_RouteFreeEntry
                0x00000d04       0x14 src/ASF/thirdparty/wireless/avr2130_lwmesh/source/nwk/src/nwkRoute.o
                0x00000d04                NWK_RouteFreeEntry
 .text.NWK_RouteNextHop
                0x00000d18       0x14 src/ASF/thirdparty/wireless/avr2130_lwmesh/source/nwk/src/nwkRoute.o
                0x00000d18                NWK_RouteNextHop
 .text.nwkRouteRemove
                0x00000d2c        0xa src/ASF/thirdparty/wireless/avr2130_lwmesh/source/nwk/src/nwkRoute.o
                0x00000d2c                nwkRouteRemove
 .text.nwkRouteFrameReceived
                0x00000d36       0x9e src/ASF/thirdparty/wireless/avr2130_lwmesh/source/nwk/src/nwkRoute.o
                0x00000d36                nwkRouteFrameReceived
 .text.nwkRouteFrameSent
                0x00000dd4       0x8e src/ASF/thirdparty/wireless/avr2130_lwmesh/source/nwk/src/nwkRoute.o
                0x00000dd4                nwkRouteFrameSent
 .text.nwkRoutePrepareTx
                0x00000e62       0x3e src/ASF/thirdparty/wireless/avr2130_lwmesh/source/nwk/src/nwkRoute.o
                0x00000e62                nwkRoutePrepareTx
 .text.nwkRouteFrame
                0x00000ea0       0x98 src/ASF/thirdparty/wireless/avr2130_lwmesh/source/nwk/src/nwkRoute.o
                0x00000ea0                nwkRouteFrame
 .text.nwkRouteErrorReceived
                0x00000f38       0x1e src/ASF/thirdparty/wireless/avr2130_lwmesh/source/nwk/src/nwkRoute.o
                0x00000f38                nwkRouteErrorReceived
 .text.nwkRxSeriveDataInd
                0x00000f56       0x30 src/ASF/thirdparty/wireless/avr2130_lwmesh/source/nwk/src/nwkRx.o
 .text.nwkRxDuplicateRejectionTimerHandler
                0x00000f86       0x2e src/ASF/thirdparty/wireless/avr2130_lwmesh/source/nwk/src/nwkRx.o
 .text.nwkRxInit
                0x00000fb4       0x3a src/ASF/thirdparty/wireless/avr2130_lwmesh/source/nwk/src/nwkRx.o
                0x00000fb4                nwkRxInit
 .text.PHY_DataInd
                0x00000fee       0x56 src/ASF/thirdparty/wireless/avr2130_lwmesh/source/nwk/src/nwkRx.o
                0x00000fee                PHY_DataInd
 .text.nwkRxDecryptConf
                0x00001044       0x14 src/ASF/thirdparty/wireless/avr2130_lwmesh/source/nwk/src/nwkRx.o
                0x00001044                nwkRxDecryptConf
 .text.nwkRxTaskHandler
                0x00001058      0x4a2 src/ASF/thirdparty/wireless/avr2130_lwmesh/source/nwk/src/nwkRx.o
                0x00001058                nwkRxTaskHandler
 .text.nwkSecurityInit
                0x000014fa        0xe src/ASF/thirdparty/wireless/avr2130_lwmesh/source/nwk/src/nwkSecurity.o
                0x000014fa                nwkSecurityInit
 .text.nwkSecurityProcess
                0x00001508       0x1e src/ASF/thirdparty/wireless/avr2130_lwmesh/source/nwk/src/nwkSecurity.o
                0x00001508                nwkSecurityProcess
 .text.SYS_EncryptConf
                0x00001526       0x82 src/ASF/thirdparty/wireless/avr2130_lwmesh/source/nwk/src/nwkSecurity.o
                0x00001526                SYS_EncryptConf
 .text.nwkSecurityTaskHandler
                0x000015a8      0x1de src/ASF/thirdparty/wireless/avr2130_lwmesh/source/nwk/src/nwkSecurity.o
                0x000015a8                nwkSecurityTaskHandler
 .text.nwkTxDelayTimerHandler
                0x00001786       0x58 src/ASF/thirdparty/wireless/avr2130_lwmesh/source/nwk/src/nwkTx.o
 .text.nwkTxAckWaitTimerHandler
                0x000017de       0x64 src/ASF/thirdparty/wireless/avr2130_lwmesh/source/nwk/src/nwkTx.o
 .text.nwkTxInit
                0x00001842       0x46 src/ASF/thirdparty/wireless/avr2130_lwmesh/source/nwk/src/nwkTx.o
                0x00001842                nwkTxInit
 .text.nwkTxFrame
                0x00001888       0xaa src/ASF/thirdparty/wireless/avr2130_lwmesh/source/nwk/src/nwkTx.o
                0x00001888                nwkTxFrame
 .text.nwkTxBroadcastFrame
                0x00001932       0x8a src/ASF/thirdparty/wireless/avr2130_lwmesh/source/nwk/src/nwkTx.o
                0x00001932                nwkTxBroadcastFrame
 .text.nwkTxAckReceived
                0x000019bc       0x4a src/ASF/thirdparty/wireless/avr2130_lwmesh/source/nwk/src/nwkTx.o
                0x000019bc                nwkTxAckReceived
 .text.nwkTxEncryptConf
                0x00001a06        0x8 src/ASF/thirdparty/wireless/avr2130_lwmesh/source/nwk/src/nwkTx.o
                0x00001a06                nwkTxEncryptConf
 .text.PHY_DataConf
                0x00001a0e       0x46 src/ASF/thirdparty/wireless/avr2130_lwmesh/source/nwk/src/nwkTx.o
                0x00001a0e                PHY_DataConf
 .text.nwkTxTaskHandler
                0x00001a54      0x140 src/ASF/thirdparty/wireless/avr2130_lwmesh/source/nwk/src/nwkTx.o
                0x00001a54                nwkTxTaskHandler
 .text.phySetChannel
                0x00001b94       0x3c src/ASF/thirdparty/wireless/avr2130_lwmesh/source/phy/atmegarfr2/src/phy.o
 .text.phyTrxSetState
                0x00001bd0       0x28 src/ASF/thirdparty/wireless/avr2130_lwmesh/source/phy/atmegarfr2/src/phy.o
 .text.phySetRxState
                0x00001bf8       0x18 src/ASF/thirdparty/wireless/avr2130_lwmesh/source/phy/atmegarfr2/src/phy.o
 .text.PHY_Init
                0x00001c10       0x3c src/ASF/thirdparty/wireless/avr2130_lwmesh/source/phy/atmegarfr2/src/phy.o
                0x00001c10                PHY_Init
 .text.PHY_SetRxState
                0x00001c4c        0x8 src/ASF/thirdparty/wireless/avr2130_lwmesh/source/phy/atmegarfr2/src/phy.o
                0x00001c4c                PHY_SetRxState
 .text.PHY_SetChannel
                0x00001c54        0x8 src/ASF/thirdparty/wireless/avr2130_lwmesh/source/phy/atmegarfr2/src/phy.o
                0x00001c54                PHY_SetChannel
 .text.PHY_SetPanId
                0x00001c5c       0x24 src/ASF/thirdparty/wireless/avr2130_lwmesh/source/phy/atmegarfr2/src/phy.o
                0x00001c5c                PHY_SetPanId
 .text.PHY_SetShortAddr
                0x00001c80       0x2e src/ASF/thirdparty/wireless/avr2130_lwmesh/source/phy/atmegarfr2/src/phy.o
                0x00001c80                PHY_SetShortAddr
 .text.PHY_DataReq
                0x00001cae       0x50 src/ASF/thirdparty/wireless/avr2130_lwmesh/source/phy/atmegarfr2/src/phy.o
                0x00001cae                PHY_DataReq
 .text.PHY_EncryptReq
                0x00001cfe       0x1c src/ASF/thirdparty/wireless/avr2130_lwmesh/source/phy/atmegarfr2/src/phy.o
                0x00001cfe                PHY_EncryptReq
 .text.PHY_TaskHandler
                0x00001d1a       0xf6 src/ASF/thirdparty/wireless/avr2130_lwmesh/source/phy/atmegarfr2/src/phy.o
                0x00001d1a                PHY_TaskHandler
 .text.SYS_Init
                0x00001e10        0xc src/ASF/thirdparty/wireless/avr2130_lwmesh/source/sys/src/sys.o
                0x00001e10                SYS_Init
 .text.SYS_TaskHandler
                0x00001e1c        0xa src/ASF/thirdparty/wireless/avr2130_lwmesh/source/sys/src/sys.o
                0x00001e1c                SYS_TaskHandler
 .text.SYS_EncryptReq
                0x00001e26        0x6 src/ASF/thirdparty/wireless/avr2130_lwmesh/source/sys/src/sysEncrypt.o
                0x00001e26                SYS_EncryptReq
 .text.placeTimer
                0x00001e2c       0xc8 src/ASF/thirdparty/wireless/avr2130_lwmesh/source/sys/src/sysTimer.o
 .text.SYS_HwExpiry_Cb
                0x00001ef4       0x14 src/ASF/thirdparty/wireless/avr2130_lwmesh/source/sys/src/sysTimer.o
                0x00001ef4                SYS_HwExpiry_Cb
 .text.SYS_TimerInit
                0x00001f08       0x22 src/ASF/thirdparty/wireless/avr2130_lwmesh/source/sys/src/sysTimer.o
                0x00001f08                SYS_TimerInit
 .text.SYS_TimerStop
                0x00001f2a       0x7a src/ASF/thirdparty/wireless/avr2130_lwmesh/source/sys/src/sysTimer.o
                0x00001f2a                SYS_TimerStop
 .text.SYS_TimerStarted
                0x00001fa4       0x34 src/ASF/thirdparty/wireless/avr2130_lwmesh/source/sys/src/sysTimer.o
                0x00001fa4                SYS_TimerStarted
 .text.SYS_TimerStart
                0x00001fd8       0x16 src/ASF/thirdparty/wireless/avr2130_lwmesh/source/sys/src/sysTimer.o
                0x00001fd8                SYS_TimerStart
 .text.SYS_TimerTaskHandler
                0x00001fee       0xda src/ASF/thirdparty/wireless/avr2130_lwmesh/source/sys/src/sysTimer.o
                0x00001fee                SYS_TimerTaskHandler
 .text.tc_ovf_callback
                0x000020c8        0x6 src/ASF/thirdparty/wireless/services/common_hw_timer/mega/hw_timer.o
                0x000020c8                tc_ovf_callback
 .text.tc_cca_callback
                0x000020ce        0x6 src/ASF/thirdparty/wireless/services/common_hw_timer/mega/hw_timer.o
                0x000020ce                tc_cca_callback
 .text.tmr_read_count
                0x000020d4        0xa src/ASF/thirdparty/wireless/services/common_hw_timer/mega/hw_timer.o
                0x000020d4                tmr_read_count
 .text.tmr_disable_cc_interrupt
                0x000020de        0xe src/ASF/thirdparty/wireless/services/common_hw_timer/mega/hw_timer.o
                0x000020de                tmr_disable_cc_interrupt
 .text.tmr_enable_cc_interrupt
                0x000020ec        0xe src/ASF/thirdparty/wireless/services/common_hw_timer/mega/hw_timer.o
                0x000020ec                tmr_enable_cc_interrupt
 .text.tmr_disable_ovf_interrupt
                0x000020fa        0xe src/ASF/thirdparty/wireless/services/common_hw_timer/mega/hw_timer.o
                0x000020fa                tmr_disable_ovf_interrupt
 .text.tmr_stop
                0x00002108        0x8 src/ASF/thirdparty/wireless/services/common_hw_timer/mega/hw_timer.o
                0x00002108                tmr_stop
 .text.tmr_write_cmpreg
                0x00002110       0x16 src/ASF/thirdparty/wireless/services/common_hw_timer/mega/hw_timer.o
                0x00002110                tmr_write_cmpreg
 .text.save_cpu_interrupt
                0x00002126       0x1a src/ASF/thirdparty/wireless/services/common_hw_timer/mega/hw_timer.o
                0x00002126                save_cpu_interrupt
 .text.restore_cpu_interrupt
                0x00002140        0x4 src/ASF/thirdparty/wireless/services/common_hw_timer/mega/hw_timer.o
                0x00002140                restore_cpu_interrupt
 .text.tmr_init
                0x00002144       0x40 src/ASF/thirdparty/wireless/services/common_hw_timer/mega/hw_timer.o
                0x00002144                tmr_init
 .text.__vector_20
                0x00002184       0x5a src/ASF/thirdparty/wireless/services/mega/drivers/tc/tc_megarf.o
                0x00002184                __vector_20
 .text.__vector_17
                0x000021de       0x5a src/ASF/thirdparty/wireless/services/mega/drivers/tc/tc_megarf.o
                0x000021de                __vector_17
 .text.__vector_18
                0x00002238       0x5a src/ASF/thirdparty/wireless/services/mega/drivers/tc/tc_megarf.o
                0x00002238                __vector_18
 .text.__vector_19
                0x00002292       0x5a src/ASF/thirdparty/wireless/services/mega/drivers/tc/tc_megarf.o
                0x00002292                __vector_19
 .text.__vector_35
                0x000022ec       0x5a src/ASF/thirdparty/wireless/services/mega/drivers/tc/tc_megarf.o
                0x000022ec                __vector_35
 .text.__vector_32
                0x00002346       0x5a src/ASF/thirdparty/wireless/services/mega/drivers/tc/tc_megarf.o
                0x00002346                __vector_32
 .text.__vector_33
                0x000023a0       0x5a src/ASF/thirdparty/wireless/services/mega/drivers/tc/tc_megarf.o
                0x000023a0                __vector_33
 .text.__vector_34
                0x000023fa       0x5a src/ASF/thirdparty/wireless/services/mega/drivers/tc/tc_megarf.o
                0x000023fa                __vector_34
 .text.__vector_45
                0x00002454       0x5a src/ASF/thirdparty/wireless/services/mega/drivers/tc/tc_megarf.o
                0x00002454                __vector_45
 .text.__vector_42
                0x000024ae       0x5a src/ASF/thirdparty/wireless/services/mega/drivers/tc/tc_megarf.o
                0x000024ae                __vector_42
 .text.__vector_43
                0x00002508       0x5a src/ASF/thirdparty/wireless/services/mega/drivers/tc/tc_megarf.o
                0x00002508                __vector_43
 .text.__vector_44
                0x00002562       0x5a src/ASF/thirdparty/wireless/services/mega/drivers/tc/tc_megarf.o
                0x00002562                __vector_44
 .text.__vector_50
                0x000025bc       0x5a src/ASF/thirdparty/wireless/services/mega/drivers/tc/tc_megarf.o
                0x000025bc                __vector_50
 .text.__vector_47
                0x00002616       0x5a src/ASF/thirdparty/wireless/services/mega/drivers/tc/tc_megarf.o
                0x00002616                __vector_47
 .text.__vector_48
                0x00002670       0x5a src/ASF/thirdparty/wireless/services/mega/drivers/tc/tc_megarf.o
                0x00002670                __vector_48
 .text.__vector_49
                0x000026ca       0x5a src/ASF/thirdparty/wireless/services/mega/drivers/tc/tc_megarf.o
                0x000026ca                __vector_49
 .text.tc_enable
                0x00002724       0xee src/ASF/thirdparty/wireless/services/mega/drivers/tc/tc_megarf.o
                0x00002724                tc_enable
 .text.tc_disable
                0x00002812       0xee src/ASF/thirdparty/wireless/services/mega/drivers/tc/tc_megarf.o
                0x00002812                tc_disable
 .text.tc_set_overflow_interrupt_callback
                0x00002900       0x40 src/ASF/thirdparty/wireless/services/mega/drivers/tc/tc_megarf.o
                0x00002900                tc_set_overflow_interrupt_callback
 .text.tc_set_compa_interrupt_callback
                0x00002940       0x40 src/ASF/thirdparty/wireless/services/mega/drivers/tc/tc_megarf.o
                0x00002940                tc_set_compa_interrupt_callback
 .text.sal_init
                0x00002980        0x2 src/ASF/thirdparty/wireless/services/sal/atmegarf_sal/src/sal.o
                0x00002980                sal_init
 .text.sal_aes_exec
                0x00002982       0x2c src/ASF/thirdparty/wireless/services/sal/atmegarf_sal/src/sal.o
                0x00002982                sal_aes_exec
 .text.sal_aes_setup
                0x000029ae      0x11c src/ASF/thirdparty/wireless/services/sal/atmegarf_sal/src/sal.o
                0x000029ae                sal_aes_setup
 .text.sal_aes_read
                0x00002aca       0x18 src/ASF/thirdparty/wireless/services/sal/atmegarf_sal/src/sal.o
                0x00002aca                sal_aes_read
 .text.appDataConf
                0x00002ae2        0x6 src/Peer2Peer.o
 .text.appDataInd
                0x00002ae8       0x40 src/Peer2Peer.o
 .text.appSendData
                0x00002b28       0x62 src/Peer2Peer.o
 .text.appTimerHandler
                0x00002b8a        0x4 src/Peer2Peer.o
 .text.main     0x00002b8e      0x1fc src/Peer2Peer.o
                0x00002b8e                main
 .text.libgcc.mul
                0x00002d8a       0x1e c:/program files (x86)/atmel/studio/7.0/toolchain/avr8/avr8-gnu-toolchain/bin/../lib/gcc/avr/5.4.0/avr6\libgcc.a(_mulsi3.o)
                0x00002d8a                __mulsi3
 .text.libgcc.div
                0x00002da8       0x28 c:/program files (x86)/atmel/studio/7.0/toolchain/avr8/avr8-gnu-toolchain/bin/../lib/gcc/avr/5.4.0/avr6\libgcc.a(_udivmodhi4.o)
                0x00002da8                __udivmodhi4
 .text.libgcc.div
                0x00002dd0       0x44 c:/program files (x86)/atmel/studio/7.0/toolchain/avr8/avr8-gnu-toolchain/bin/../lib/gcc/avr/5.4.0/avr6\libgcc.a(_udivmodsi4.o)
                0x00002dd0                __udivmodsi4
 .text.libgcc.mul
                0x00002e14       0x14 c:/program files (x86)/atmel/studio/7.0/toolchain/avr8/avr8-gnu-toolchain/bin/../lib/gcc/avr/5.4.0/avr6\libgcc.a(_muluhisi3.o)
                0x00002e14                __muluhisi3
 .text.libgcc.mul
                0x00002e28       0x1e c:/program files (x86)/atmel/studio/7.0/toolchain/avr8/avr8-gnu-toolchain/bin/../lib/gcc/avr/5.4.0/avr6\libgcc.a(_umulhisi3.o)
                0x00002e28                __umulhisi3
 .text.avr-libc
                0x00002e46       0xaa c:/program files (x86)/atmel/studio/7.0/toolchain/avr8/avr8-gnu-toolchain/bin/../lib/gcc/avr/5.4.0/../../../../avr/lib/avr6\libc.a(rand.o)
                0x00002ed2                rand_r
                0x00002ed4                rand
                0x00002eda                srand
 .text.avr-libc
                0x00002ef0       0x12 c:/program files (x86)/atmel/studio/7.0/toolchain/avr8/avr8-gnu-toolchain/bin/../lib/gcc/avr/5.4.0/../../../../avr/lib/avr6\libc.a(memcpy.o)
                0x00002ef0                memcpy
 .text.avr-libc
                0x00002f02       0x94 c:/program files (x86)/atmel/studio/7.0/toolchain/avr8/avr8-gnu-toolchain/bin/../lib/gcc/avr/5.4.0/../../../../avr/lib/avr6\libc.a(fdevopen.o)
                0x00002f02                fdevopen
 .text.avr-libc
                0x00002f96       0x34 c:/program files (x86)/atmel/studio/7.0/toolchain/avr8/avr8-gnu-toolchain/bin/../lib/gcc/avr/5.4.0/../../../../avr/lib/avr6\libc.a(calloc.o)
                0x00002f96                calloc
 .text.avr-libc
                0x00002fca      0x242 c:/program files (x86)/atmel/studio/7.0/toolchain/avr8/avr8-gnu-toolchain/bin/../lib/gcc/avr/5.4.0/../../../../avr/lib/avr6\libc.a(malloc.o)
                0x00002fca                malloc
                0x000030fa                free
 .text.avr-libc
                0x0000320c        0xe c:/program files (x86)/atmel/studio/7.0/toolchain/avr8/avr8-gnu-toolchain/bin/../lib/gcc/avr/5.4.0/../../../../avr/lib/avr6\libc.a(memset.o)
                0x0000320c                memset
 .text.libgcc.div
                0x0000321a       0x28 c:/program files (x86)/atmel/studio/7.0/toolchain/avr8/avr8-gnu-toolchain/bin/../lib/gcc/avr/5.4.0/avr6\libgcc.a(_divmodsi4.o)
                0x0000321a                __divmodsi4
 .text.libgcc.div
                0x00003242       0x10 c:/program files (x86)/atmel/studio/7.0/toolchain/avr8/avr8-gnu-toolchain/bin/../lib/gcc/avr/5.4.0/avr6\libgcc.a(_negsi2.o)
                0x00003242                __negsi2
 .text.libgcc.mul
                0x00003252        0xc c:/program files (x86)/atmel/studio/7.0/toolchain/avr8/avr8-gnu-toolchain/bin/../lib/gcc/avr/5.4.0/avr6\libgcc.a(_mulshisi3.o)
                0x00003252                __mulshisi3
                0x00003256                __mulohisi3
                0x0000325e                . = ALIGN (0x2)
 *(.fini9)
 .fini9         0x0000325e        0x0 c:/program files (x86)/atmel/studio/7.0/toolchain/avr8/avr8-gnu-toolchain/bin/../lib/gcc/avr/5.4.0/avr6\libgcc.a(_exit.o)
                0x0000325e                _exit
                0x0000325e                exit
 *(.fini9)
 *(.fini8)
 *(.fini8)
 *(.fini7)
 *(.fini7)
 *(.fini6)
 *(.fini6)
 *(.fini5)
 *(.fini5)
 *(.fini4)
 *(.fini4)
 *(.fini3)
 *(.fini3)
 *(.fini2)
 *(.fini2)
 *(.fini1)
 *(.fini1)
 *(.fini0)
 .fini0         0x0000325e        0x4 c:/program files (x86)/atmel/studio/7.0/toolchain/avr8/avr8-gnu-toolchain/bin/../lib/gcc/avr/5.4.0/avr6\libgcc.a(_exit.o)
 *(.fini0)
                0x00003262                _etext = .

.data           0x00800200       0x12 load address 0x00003262
                0x00800200                PROVIDE (__data_start, .)
 *(.data)
 .data          0x00800200        0x4 c:/program files (x86)/atmel/studio/7.0/toolchain/avr8/avr8-gnu-toolchain/bin/../lib/gcc/avr/5.4.0/../../../../avr/lib/avr6\libc.a(rand.o)
 .data          0x00800204        0x6 c:/program files (x86)/atmel/studio/7.0/toolchain/avr8/avr8-gnu-toolchain/bin/../lib/gcc/avr/5.4.0/../../../../avr/lib/avr6\libc.a(malloc.o)
                0x00800204                __malloc_heap_end
                0x00800206                __malloc_heap_start
                0x00800208                __malloc_margin
 *(.data*)
 .data.usart_serial_options
                0x0080020a        0x7 src/ASF/thirdparty/wireless/addons/sio2host/uart/sio2host.o
 .data.last_dir
                0x00800211        0x1 src/ASF/thirdparty/wireless/services/sal/atmegarf_sal/src/sal.o
 *(.gnu.linkonce.d*)
 *(.rodata)
 *(.rodata*)
 *(.gnu.linkonce.r*)
                0x00800212                . = ALIGN (0x2)
                0x00800212                _edata = .
                0x00800212                PROVIDE (__data_end, .)

.bss            0x00800212      0x805
                0x00800212                PROVIDE (__bss_start, .)
 *(.bss)
 .bss           0x00800212        0xb ../src/ASF/thirdparty/wireless/services/common_hw_timer/mega/lib\libmegarfr2_lib_hw_timer.a(common_hw_timer.o)
 *(.bss*)
 .bss.adc_count
                0x0080021d        0x1 src/ASF/mega/drivers/adc/adc.o
 .bss.adc_buf_tail
                0x0080021e        0x1 src/ASF/mega/drivers/adc/adc.o
 .bss.adc_buf_head
                0x0080021f        0x1 src/ASF/mega/drivers/adc/adc.o
 .bss.adc_buf   0x00800220       0x6d src/ASF/mega/drivers/adc/adc.o
 .bss.serial_rx_buf_tail
                0x0080028d        0x1 src/ASF/thirdparty/wireless/addons/sio2host/uart/sio2host.o
 .bss.serial_rx_buf
                0x0080028e       0x9c src/ASF/thirdparty/wireless/addons/sio2host/uart/sio2host.o
 .bss.nwkDataReqQueue
                0x0080032a        0x2 src/ASF/thirdparty/wireless/avr2130_lwmesh/source/nwk/src/nwkDataReq.o
 .bss.nwkFrameFrames
                0x0080032c      0x19b src/ASF/thirdparty/wireless/avr2130_lwmesh/source/nwk/src/nwkFrame.o
 .bss.nwkRouteTable
                0x008004c7      0x2bc src/ASF/thirdparty/wireless/avr2130_lwmesh/source/nwk/src/nwkRoute.o
 .bss.nwkRxDuplicateRejectionTimer
                0x00800783        0xd src/ASF/thirdparty/wireless/avr2130_lwmesh/source/nwk/src/nwkRx.o
 .bss.nwkRxAckControl
                0x00800790        0x1 src/ASF/thirdparty/wireless/avr2130_lwmesh/source/nwk/src/nwkRx.o
 .bss.nwkRxDuplicateRejectionTable
                0x00800791       0x32 src/ASF/thirdparty/wireless/avr2130_lwmesh/source/nwk/src/nwkRx.o
 .bss.nwkSecurityVector
                0x008007c3       0x10 src/ASF/thirdparty/wireless/avr2130_lwmesh/source/nwk/src/nwkSecurity.o
 .bss.nwkSecurityEncrypt
                0x008007d3        0x1 src/ASF/thirdparty/wireless/avr2130_lwmesh/source/nwk/src/nwkSecurity.o
 .bss.nwkSecurityOffset
                0x008007d4        0x1 src/ASF/thirdparty/wireless/avr2130_lwmesh/source/nwk/src/nwkSecurity.o
 .bss.nwkSecuritySize
                0x008007d5        0x1 src/ASF/thirdparty/wireless/avr2130_lwmesh/source/nwk/src/nwkSecurity.o
 .bss.nwkSecurityActiveFrame
                0x008007d6        0x2 src/ASF/thirdparty/wireless/avr2130_lwmesh/source/nwk/src/nwkSecurity.o
 .bss.nwkSecurityActiveFrames
                0x008007d8        0x1 src/ASF/thirdparty/wireless/avr2130_lwmesh/source/nwk/src/nwkSecurity.o
 .bss.nwkTxDelayTimer
                0x008007d9        0xd src/ASF/thirdparty/wireless/avr2130_lwmesh/source/nwk/src/nwkTx.o
 .bss.nwkTxAckWaitTimer
                0x008007e6        0xd src/ASF/thirdparty/wireless/avr2130_lwmesh/source/nwk/src/nwkTx.o
 .bss.nwkTxPhyActiveFrame
                0x008007f3        0x2 src/ASF/thirdparty/wireless/avr2130_lwmesh/source/nwk/src/nwkTx.o
 .bss.phyBand   0x008007f5        0x1 src/ASF/thirdparty/wireless/avr2130_lwmesh/source/phy/atmegarfr2/src/phy.o
 .bss.phyChannel
                0x008007f6        0x1 src/ASF/thirdparty/wireless/avr2130_lwmesh/source/phy/atmegarfr2/src/phy.o
 .bss.phyRxState
                0x008007f7        0x1 src/ASF/thirdparty/wireless/avr2130_lwmesh/source/phy/atmegarfr2/src/phy.o
 .bss.phyRxBuffer
                0x008007f8       0x80 src/ASF/thirdparty/wireless/avr2130_lwmesh/source/phy/atmegarfr2/src/phy.o
 .bss.phyState  0x00800878        0x1 src/ASF/thirdparty/wireless/avr2130_lwmesh/source/phy/atmegarfr2/src/phy.o
 .bss.timers    0x00800879        0x2 src/ASF/thirdparty/wireless/avr2130_lwmesh/source/sys/src/sysTimer.o
 .bss.tc_tccr5_compc_callback
                0x0080087b        0x2 src/ASF/thirdparty/wireless/services/mega/drivers/tc/tc_megarf.o
 .bss.tc_tccr5_compb_callback
                0x0080087d        0x2 src/ASF/thirdparty/wireless/services/mega/drivers/tc/tc_megarf.o
 .bss.tc_tccr5_compa_callback
                0x0080087f        0x2 src/ASF/thirdparty/wireless/services/mega/drivers/tc/tc_megarf.o
 .bss.tc_tccr5_ovf_callback
                0x00800881        0x2 src/ASF/thirdparty/wireless/services/mega/drivers/tc/tc_megarf.o
 .bss.tc_tccr4_compc_callback
                0x00800883        0x2 src/ASF/thirdparty/wireless/services/mega/drivers/tc/tc_megarf.o
 .bss.tc_tccr4_compb_callback
                0x00800885        0x2 src/ASF/thirdparty/wireless/services/mega/drivers/tc/tc_megarf.o
 .bss.tc_tccr4_compa_callback
                0x00800887        0x2 src/ASF/thirdparty/wireless/services/mega/drivers/tc/tc_megarf.o
 .bss.tc_tccr4_ovf_callback
                0x00800889        0x2 src/ASF/thirdparty/wireless/services/mega/drivers/tc/tc_megarf.o
 .bss.tc_tccr3_compc_callback
                0x0080088b        0x2 src/ASF/thirdparty/wireless/services/mega/drivers/tc/tc_megarf.o
 .bss.tc_tccr3_compb_callback
                0x0080088d        0x2 src/ASF/thirdparty/wireless/services/mega/drivers/tc/tc_megarf.o
 .bss.tc_tccr3_compa_callback
                0x0080088f        0x2 src/ASF/thirdparty/wireless/services/mega/drivers/tc/tc_megarf.o
 .bss.tc_tccr3_ovf_callback
                0x00800891        0x2 src/ASF/thirdparty/wireless/services/mega/drivers/tc/tc_megarf.o
 .bss.tc_tccr1_compc_callback
                0x00800893        0x2 src/ASF/thirdparty/wireless/services/mega/drivers/tc/tc_megarf.o
 .bss.tc_tccr1_compb_callback
                0x00800895        0x2 src/ASF/thirdparty/wireless/services/mega/drivers/tc/tc_megarf.o
 .bss.tc_tccr1_compa_callback
                0x00800897        0x2 src/ASF/thirdparty/wireless/services/mega/drivers/tc/tc_megarf.o
 .bss.tc_tccr1_ovf_callback
                0x00800899        0x2 src/ASF/thirdparty/wireless/services/mega/drivers/tc/tc_megarf.o
 .bss.dec_key   0x0080089b       0x10 src/ASF/thirdparty/wireless/services/sal/atmegarf_sal/src/sal.o
 .bss.enc_key   0x008008ab       0x10 src/ASF/thirdparty/wireless/services/sal/atmegarf_sal/src/sal.o
 .bss.mode_byte
                0x008008bb        0x1 src/ASF/thirdparty/wireless/services/sal/atmegarf_sal/src/sal.o
 .bss.dec_initialized
                0x008008bc        0x1 src/ASF/thirdparty/wireless/services/sal/atmegarf_sal/src/sal.o
 .bss.count.3561
                0x008008bd        0x1 src/Peer2Peer.o
 .bss.button_state.3562
                0x008008be        0x1 src/Peer2Peer.o
 .bss.fs        0x008008bf        0x4 src/Peer2Peer.o
                0x008008bf                fs
 .bss.adc_length
                0x008008c3        0x1 src/Peer2Peer.o
 .bss.appADCbufferPtr
                0x008008c4        0x1 src/Peer2Peer.o
 .bss.appADCbuffer
                0x008008c5       0x69 src/Peer2Peer.o
 .bss.appDataReqBuffer
                0x0080092e       0x69 src/Peer2Peer.o
 .bss.appDataReqBusy
                0x00800997        0x1 src/Peer2Peer.o
 .bss.appDataReq
                0x00800998       0x11 src/Peer2Peer.o
 .bss.appTimer  0x008009a9        0xd src/Peer2Peer.o
 .bss.appState  0x008009b6        0x1 src/Peer2Peer.o
 .bss.rx_data   0x008009b7       0x14 src/Peer2Peer.o
 *(COMMON)
 COMMON         0x008009cb        0x2 src/ASF/common/utils/stdio/read.o
                0x008009cb                ptr_get
 COMMON         0x008009cd        0x4 src/ASF/common/utils/stdio/write.o
                0x008009cd                ptr_put
                0x008009cf                stdio_base
 COMMON         0x008009d1        0x1 src/ASF/mega/drivers/adc/adc.o
                0x008009d1                adc_temp
 COMMON         0x008009d2       0x38 src/ASF/thirdparty/wireless/avr2130_lwmesh/source/nwk/src/nwk.o
                0x008009d2                nwkIb
 COMMON         0x00800a0a        0x1 src/ASF/thirdparty/wireless/avr2130_lwmesh/source/sys/src/sysTimer.o
                0x00800a0a                SysTimerIrqCount
 COMMON         0x00800a0b        0x1 src/Peer2Peer.o
                0x00800a0b                button_down
 COMMON         0x00800a0c        0x1 ../src/ASF/thirdparty/wireless/services/common_hw_timer/mega/lib\libmegarfr2_lib_hw_timer.a(common_hw_timer.o)
                0x00800a0c                timer_multiplier
 COMMON         0x00800a0d        0x6 c:/program files (x86)/atmel/studio/7.0/toolchain/avr8/avr8-gnu-toolchain/bin/../lib/gcc/avr/5.4.0/../../../../avr/lib/avr6\libc.a(iob.o)
                0x00800a0d                __iob
 COMMON         0x00800a13        0x4 c:/program files (x86)/atmel/studio/7.0/toolchain/avr8/avr8-gnu-toolchain/bin/../lib/gcc/avr/5.4.0/../../../../avr/lib/avr6\libc.a(malloc.o)
                0x00800a13                __brkval
                0x00800a15                __flp
                0x00800a17                PROVIDE (__bss_end, .)
                0x00003262                __data_load_start = LOADADDR (.data)
                0x00003274                __data_load_end = (__data_load_start + SIZEOF (.data))

.noinit         0x00800a17        0x0
                [!provide]                PROVIDE (__noinit_start, .)
 *(.noinit*)
                [!provide]                PROVIDE (__noinit_end, .)
                0x00800a17                _end = .
                0x00800a17                PROVIDE (__heap_start, .)

.eeprom         0x00810000        0x0
 *(.eeprom*)
                0x00810000                __eeprom_end = .

.fuse
 *(.fuse)
 *(.lfuse)
 *(.hfuse)
 *(.efuse)

.lock
 *(.lock*)

.signature
 *(.signature*)

.user_signatures
 *(.user_signatures*)

.stab
 *(.stab)

.stabstr
 *(.stabstr)

.stab.excl
 *(.stab.excl)

.stab.exclstr
 *(.stab.exclstr)

.stab.index
 *(.stab.index)

.stab.indexstr
 *(.stab.indexstr)

.comment        0x00000000       0x30
 *(.comment)
 .comment       0x00000000       0x30 src/ASF/common/services/clock/mega/sysclk.o
                                 0x31 (size before relaxing)
 .comment       0x00000030       0x31 src/ASF/common/services/serial/usart_serial.o
 .comment       0x00000030       0x31 src/ASF/common/utils/stdio/read.o
 .comment       0x00000030       0x31 src/ASF/common/utils/stdio/write.o
 .comment       0x00000030       0x31 src/ASF/mega/boards/atmega256rfr2_xplained_pro/init.o
 .comment       0x00000030       0x31 src/ASF/mega/drivers/adc/adc.o
 .comment       0x00000030       0x31 src/ASF/mega/drivers/usart/usart_megarf.o
 .comment       0x00000030       0x31 src/ASF/thirdparty/wireless/addons/sio2host/uart/sio2host.o
 .comment       0x00000030       0x31 src/ASF/thirdparty/wireless/avr2130_lwmesh/source/nwk/src/nwk.o
 .comment       0x00000030       0x31 src/ASF/thirdparty/wireless/avr2130_lwmesh/source/nwk/src/nwkDataReq.o
 .comment       0x00000030       0x31 src/ASF/thirdparty/wireless/avr2130_lwmesh/source/nwk/src/nwkFrame.o
 .comment       0x00000030       0x31 src/ASF/thirdparty/wireless/avr2130_lwmesh/source/nwk/src/nwkRoute.o
 .comment       0x00000030       0x31 src/ASF/thirdparty/wireless/avr2130_lwmesh/source/nwk/src/nwkRx.o
 .comment       0x00000030       0x31 src/ASF/thirdparty/wireless/avr2130_lwmesh/source/nwk/src/nwkSecurity.o
 .comment       0x00000030       0x31 src/ASF/thirdparty/wireless/avr2130_lwmesh/source/nwk/src/nwkTx.o
 .comment       0x00000030       0x31 src/ASF/thirdparty/wireless/avr2130_lwmesh/source/phy/atmegarfr2/src/phy.o
 .comment       0x00000030       0x31 src/ASF/thirdparty/wireless/avr2130_lwmesh/source/sys/src/sys.o
 .comment       0x00000030       0x31 src/ASF/thirdparty/wireless/avr2130_lwmesh/source/sys/src/sysEncrypt.o
 .comment       0x00000030       0x31 src/ASF/thirdparty/wireless/avr2130_lwmesh/source/sys/src/sysTimer.o
 .comment       0x00000030       0x31 src/ASF/thirdparty/wireless/services/common_hw_timer/mega/hw_timer.o
 .comment       0x00000030       0x31 src/ASF/thirdparty/wireless/services/mega/drivers/tc/tc_megarf.o
 .comment       0x00000030       0x31 src/ASF/thirdparty/wireless/services/sal/atmegarf_sal/src/sal.o
 .comment       0x00000030       0x31 src/Peer2Peer.o
 .comment       0x00000030       0x31 c:/program files (x86)/atmel/studio/7.0/toolchain/avr8/avr8-gnu-toolchain/bin/../lib/gcc/avr/5.4.0/../../../../avr/lib/avr6\libc.a(rand.o)
 .comment       0x00000030       0x31 c:/program files (x86)/atmel/studio/7.0/toolchain/avr8/avr8-gnu-toolchain/bin/../lib/gcc/avr/5.4.0/../../../../avr/lib/avr6\libc.a(fdevopen.o)
 .comment       0x00000030       0x31 c:/program files (x86)/atmel/studio/7.0/toolchain/avr8/avr8-gnu-toolchain/bin/../lib/gcc/avr/5.4.0/../../../../avr/lib/avr6\libc.a(iob.o)
 .comment       0x00000030       0x31 c:/program files (x86)/atmel/studio/7.0/toolchain/avr8/avr8-gnu-toolchain/bin/../lib/gcc/avr/5.4.0/../../../../avr/lib/avr6\libc.a(calloc.o)
 .comment       0x00000030       0x31 c:/program files (x86)/atmel/studio/7.0/toolchain/avr8/avr8-gnu-toolchain/bin/../lib/gcc/avr/5.4.0/../../../../avr/lib/avr6\libc.a(malloc.o)

.note.gnu.avr.deviceinfo
                0x00000000       0x40
 .note.gnu.avr.deviceinfo
                0x00000000       0x40 C:/Program Files (x86)/Atmel/Studio/7.0/Packs/atmel/ATmega_DFP/1.3.300/gcc/dev/atmega256rfr2/avr6/crtatmega256rfr2.o

.note.gnu.build-id
 *(.note.gnu.build-id)

.debug
 *(.debug)

.line
 *(.line)

.debug_srcinfo
 *(.debug_srcinfo)

.debug_sfnames
 *(.debug_sfnames)

.debug_aranges  0x00000000      0x730
 *(.debug_aranges)
 .debug_aranges
                0x00000000       0x30 src/ASF/common/services/clock/mega/sysclk.o
 .debug_aranges
                0x00000030       0x28 src/ASF/common/services/serial/usart_serial.o
 .debug_aranges
                0x00000058       0x20 src/ASF/common/utils/stdio/read.o
 .debug_aranges
                0x00000078       0x20 src/ASF/common/utils/stdio/write.o
 .debug_aranges
                0x00000098       0x20 src/ASF/mega/boards/atmega256rfr2_xplained_pro/init.o
 .debug_aranges
                0x000000b8       0x28 src/ASF/mega/drivers/adc/adc.o
 .debug_aranges
                0x000000e0       0x50 src/ASF/mega/drivers/usart/usart_megarf.o
 .debug_aranges
                0x00000130       0x78 src/ASF/thirdparty/wireless/addons/sio2host/uart/sio2host.o
 .debug_aranges
                0x000001a8       0x70 src/ASF/thirdparty/wireless/avr2130_lwmesh/source/nwk/src/nwk.o
 .debug_aranges
                0x00000218       0x38 src/ASF/thirdparty/wireless/avr2130_lwmesh/source/nwk/src/nwkDataReq.o
 .debug_aranges
                0x00000250       0x40 src/ASF/thirdparty/wireless/avr2130_lwmesh/source/nwk/src/nwkFrame.o
 .debug_aranges
                0x00000290       0x80 src/ASF/thirdparty/wireless/avr2130_lwmesh/source/nwk/src/nwkRoute.o
 .debug_aranges
                0x00000310       0x50 src/ASF/thirdparty/wireless/avr2130_lwmesh/source/nwk/src/nwkRx.o
 .debug_aranges
                0x00000360       0x40 src/ASF/thirdparty/wireless/avr2130_lwmesh/source/nwk/src/nwkSecurity.o
 .debug_aranges
                0x000003a0       0x68 src/ASF/thirdparty/wireless/avr2130_lwmesh/source/nwk/src/nwkTx.o
 .debug_aranges
                0x00000408       0xb0 src/ASF/thirdparty/wireless/avr2130_lwmesh/source/phy/atmegarfr2/src/phy.o
 .debug_aranges
                0x000004b8       0x28 src/ASF/thirdparty/wireless/avr2130_lwmesh/source/sys/src/sys.o
 .debug_aranges
                0x000004e0       0x20 src/ASF/thirdparty/wireless/avr2130_lwmesh/source/sys/src/sysEncrypt.o
 .debug_aranges
                0x00000500       0x50 src/ASF/thirdparty/wireless/avr2130_lwmesh/source/sys/src/sysTimer.o
 .debug_aranges
                0x00000550       0x70 src/ASF/thirdparty/wireless/services/common_hw_timer/mega/hw_timer.o
 .debug_aranges
                0x000005c0       0xc8 src/ASF/thirdparty/wireless/services/mega/drivers/tc/tc_megarf.o
 .debug_aranges
                0x00000688       0x48 src/ASF/thirdparty/wireless/services/sal/atmegarf_sal/src/sal.o
 .debug_aranges
                0x000006d0       0x40 src/Peer2Peer.o
 .debug_aranges
                0x00000710       0x20 ../src/ASF/thirdparty/wireless/services/common_hw_timer/mega/lib\libmegarfr2_lib_hw_timer.a(common_hw_timer.o)

.debug_pubnames
 *(.debug_pubnames)

.debug_info     0x00000000     0xa733
 *(.debug_info .gnu.linkonce.wi.*)
 .debug_info    0x00000000     0x13e6 C:/Program Files (x86)/Atmel/Studio/7.0/Packs/atmel/ATmega_DFP/1.3.300/gcc/dev/atmega256rfr2/avr6/crtatmega256rfr2.o
 .debug_info    0x000013e6      0x2b5 src/ASF/common/services/clock/mega/sysclk.o
 .debug_info    0x0000169b      0x39e src/ASF/common/services/serial/usart_serial.o
 .debug_info    0x00001a39      0x104 src/ASF/common/utils/stdio/read.o
 .debug_info    0x00001b3d      0x104 src/ASF/common/utils/stdio/write.o
 .debug_info    0x00001c41      0x282 src/ASF/mega/boards/atmega256rfr2_xplained_pro/init.o
 .debug_info    0x00001ec3      0x163 src/ASF/mega/drivers/adc/adc.o
 .debug_info    0x00002026      0xbcc src/ASF/mega/drivers/usart/usart_megarf.o
 .debug_info    0x00002bf2      0x823 src/ASF/thirdparty/wireless/addons/sio2host/uart/sio2host.o
 .debug_info    0x00003415      0x527 src/ASF/thirdparty/wireless/avr2130_lwmesh/source/nwk/src/nwk.o
 .debug_info    0x0000393c      0x7b2 src/ASF/thirdparty/wireless/avr2130_lwmesh/source/nwk/src/nwkDataReq.o
 .debug_info    0x000040ee      0x59f src/ASF/thirdparty/wireless/avr2130_lwmesh/source/nwk/src/nwkFrame.o
 .debug_info    0x0000468d      0xb7f src/ASF/thirdparty/wireless/avr2130_lwmesh/source/nwk/src/nwkRoute.o
 .debug_info    0x0000520c      0xcbc src/ASF/thirdparty/wireless/avr2130_lwmesh/source/nwk/src/nwkRx.o
 .debug_info    0x00005ec8      0x72e src/ASF/thirdparty/wireless/avr2130_lwmesh/source/nwk/src/nwkSecurity.o
 .debug_info    0x000065f6      0xaa0 src/ASF/thirdparty/wireless/avr2130_lwmesh/source/nwk/src/nwkTx.o
 .debug_info    0x00007096      0xaaa src/ASF/thirdparty/wireless/avr2130_lwmesh/source/phy/atmegarfr2/src/phy.o
 .debug_info    0x00007b40      0x233 src/ASF/thirdparty/wireless/avr2130_lwmesh/source/sys/src/sys.o
 .debug_info    0x00007d73      0x104 src/ASF/thirdparty/wireless/avr2130_lwmesh/source/sys/src/sysEncrypt.o
 .debug_info    0x00007e77      0x459 src/ASF/thirdparty/wireless/avr2130_lwmesh/source/sys/src/sysTimer.o
 .debug_info    0x000082d0      0x734 src/ASF/thirdparty/wireless/services/common_hw_timer/mega/hw_timer.o
 .debug_info    0x00008a04      0x854 src/ASF/thirdparty/wireless/services/mega/drivers/tc/tc_megarf.o
 .debug_info    0x00009258      0x24b src/ASF/thirdparty/wireless/services/sal/atmegarf_sal/src/sal.o
 .debug_info    0x000094a3     0x1014 src/Peer2Peer.o
 .debug_info    0x0000a4b7      0x27c ../src/ASF/thirdparty/wireless/services/common_hw_timer/mega/lib\libmegarfr2_lib_hw_timer.a(common_hw_timer.o)

.debug_abbrev   0x00000000     0x42e5
 *(.debug_abbrev)
 .debug_abbrev  0x00000000     0x12d6 C:/Program Files (x86)/Atmel/Studio/7.0/Packs/atmel/ATmega_DFP/1.3.300/gcc/dev/atmega256rfr2/avr6/crtatmega256rfr2.o
 .debug_abbrev  0x000012d6      0x1a6 src/ASF/common/services/clock/mega/sysclk.o
 .debug_abbrev  0x0000147c      0x17d src/ASF/common/services/serial/usart_serial.o
 .debug_abbrev  0x000015f9       0xc5 src/ASF/common/utils/stdio/read.o
 .debug_abbrev  0x000016be       0xa7 src/ASF/common/utils/stdio/write.o
 .debug_abbrev  0x00001765      0x149 src/ASF/mega/boards/atmega256rfr2_xplained_pro/init.o
 .debug_abbrev  0x000018ae       0xc9 src/ASF/mega/drivers/adc/adc.o
 .debug_abbrev  0x00001977      0x354 src/ASF/mega/drivers/usart/usart_megarf.o
 .debug_abbrev  0x00001ccb      0x301 src/ASF/thirdparty/wireless/addons/sio2host/uart/sio2host.o
 .debug_abbrev  0x00001fcc      0x1b8 src/ASF/thirdparty/wireless/avr2130_lwmesh/source/nwk/src/nwk.o
 .debug_abbrev  0x00002184      0x282 src/ASF/thirdparty/wireless/avr2130_lwmesh/source/nwk/src/nwkDataReq.o
 .debug_abbrev  0x00002406      0x186 src/ASF/thirdparty/wireless/avr2130_lwmesh/source/nwk/src/nwkFrame.o
 .debug_abbrev  0x0000258c      0x335 src/ASF/thirdparty/wireless/avr2130_lwmesh/source/nwk/src/nwkRoute.o
 .debug_abbrev  0x000028c1      0x38d src/ASF/thirdparty/wireless/avr2130_lwmesh/source/nwk/src/nwkRx.o
 .debug_abbrev  0x00002c4e      0x276 src/ASF/thirdparty/wireless/avr2130_lwmesh/source/nwk/src/nwkSecurity.o
 .debug_abbrev  0x00002ec4      0x338 src/ASF/thirdparty/wireless/avr2130_lwmesh/source/nwk/src/nwkTx.o
 .debug_abbrev  0x000031fc      0x319 src/ASF/thirdparty/wireless/avr2130_lwmesh/source/phy/atmegarfr2/src/phy.o
 .debug_abbrev  0x00003515       0xdc src/ASF/thirdparty/wireless/avr2130_lwmesh/source/sys/src/sys.o
 .debug_abbrev  0x000035f1       0xb3 src/ASF/thirdparty/wireless/avr2130_lwmesh/source/sys/src/sysEncrypt.o
 .debug_abbrev  0x000036a4      0x211 src/ASF/thirdparty/wireless/avr2130_lwmesh/source/sys/src/sysTimer.o
 .debug_abbrev  0x000038b5      0x21b src/ASF/thirdparty/wireless/services/common_hw_timer/mega/hw_timer.o
 .debug_abbrev  0x00003ad0      0x1d3 src/ASF/thirdparty/wireless/services/mega/drivers/tc/tc_megarf.o
 .debug_abbrev  0x00003ca3      0x146 src/ASF/thirdparty/wireless/services/sal/atmegarf_sal/src/sal.o
 .debug_abbrev  0x00003de9      0x3e5 src/Peer2Peer.o
 .debug_abbrev  0x000041ce      0x117 ../src/ASF/thirdparty/wireless/services/common_hw_timer/mega/lib\libmegarfr2_lib_hw_timer.a(common_hw_timer.o)

.debug_line     0x00000000     0x9d68
 *(.debug_line .debug_line.* .debug_line_end)
 .debug_line    0x00000000      0x271 C:/Program Files (x86)/Atmel/Studio/7.0/Packs/atmel/ATmega_DFP/1.3.300/gcc/dev/atmega256rfr2/avr6/crtatmega256rfr2.o
 .debug_line    0x00000271      0x58b src/ASF/common/services/clock/mega/sysclk.o
 .debug_line    0x000007fc      0x5e2 src/ASF/common/services/serial/usart_serial.o
 .debug_line    0x00000dde      0x32e src/ASF/common/utils/stdio/read.o
 .debug_line    0x0000110c      0x335 src/ASF/common/utils/stdio/write.o
 .debug_line    0x00001441      0x479 src/ASF/mega/boards/atmega256rfr2_xplained_pro/init.o
 .debug_line    0x000018ba      0x5ae src/ASF/mega/drivers/adc/adc.o
 .debug_line    0x00001e68      0x7d6 src/ASF/mega/drivers/usart/usart_megarf.o
 .debug_line    0x0000263e      0x999 src/ASF/thirdparty/wireless/addons/sio2host/uart/sio2host.o
 .debug_line    0x00002fd7      0x647 src/ASF/thirdparty/wireless/avr2130_lwmesh/source/nwk/src/nwk.o
 .debug_line    0x0000361e      0x5b0 src/ASF/thirdparty/wireless/avr2130_lwmesh/source/nwk/src/nwkDataReq.o
 .debug_line    0x00003bce      0x520 src/ASF/thirdparty/wireless/avr2130_lwmesh/source/nwk/src/nwkFrame.o
 .debug_line    0x000040ee      0x80f src/ASF/thirdparty/wireless/avr2130_lwmesh/source/nwk/src/nwkRoute.o
 .debug_line    0x000048fd      0x891 src/ASF/thirdparty/wireless/avr2130_lwmesh/source/nwk/src/nwkRx.o
 .debug_line    0x0000518e      0x611 src/ASF/thirdparty/wireless/avr2130_lwmesh/source/nwk/src/nwkSecurity.o
 .debug_line    0x0000579f      0x865 src/ASF/thirdparty/wireless/avr2130_lwmesh/source/nwk/src/nwkTx.o
 .debug_line    0x00006004      0xa82 src/ASF/thirdparty/wireless/avr2130_lwmesh/source/phy/atmegarfr2/src/phy.o
 .debug_line    0x00006a86      0x932 src/ASF/thirdparty/wireless/avr2130_lwmesh/source/sys/src/sys.o
 .debug_line    0x000073b8      0x242 src/ASF/thirdparty/wireless/avr2130_lwmesh/source/sys/src/sysEncrypt.o
 .debug_line    0x000075fa      0x639 src/ASF/thirdparty/wireless/avr2130_lwmesh/source/sys/src/sysTimer.o
 .debug_line    0x00007c33      0x71d src/ASF/thirdparty/wireless/services/common_hw_timer/mega/hw_timer.o
 .debug_line    0x00008350      0x9f7 src/ASF/thirdparty/wireless/services/mega/drivers/tc/tc_megarf.o
 .debug_line    0x00008d47      0x396 src/ASF/thirdparty/wireless/services/sal/atmegarf_sal/src/sal.o
 .debug_line    0x000090dd      0xb46 src/Peer2Peer.o
 .debug_line    0x00009c23      0x145 ../src/ASF/thirdparty/wireless/services/common_hw_timer/mega/lib\libmegarfr2_lib_hw_timer.a(common_hw_timer.o)

.debug_frame    0x00000000     0x1620
 *(.debug_frame)
 .debug_frame   0x00000000       0x74 src/ASF/common/services/clock/mega/sysclk.o
 .debug_frame   0x00000074       0x74 src/ASF/common/services/serial/usart_serial.o
 .debug_frame   0x000000e8       0x34 src/ASF/common/utils/stdio/read.o
 .debug_frame   0x0000011c       0x24 src/ASF/common/utils/stdio/write.o
 .debug_frame   0x00000140       0x24 src/ASF/mega/boards/atmega256rfr2_xplained_pro/init.o
 .debug_frame   0x00000164       0x54 src/ASF/mega/drivers/adc/adc.o
 .debug_frame   0x000001b8      0x11c src/ASF/mega/drivers/usart/usart_megarf.o
 .debug_frame   0x000002d4      0x1a0 src/ASF/thirdparty/wireless/addons/sio2host/uart/sio2host.o
 .debug_frame   0x00000474       0xd4 src/ASF/thirdparty/wireless/avr2130_lwmesh/source/nwk/src/nwk.o
 .debug_frame   0x00000548       0x68 src/ASF/thirdparty/wireless/avr2130_lwmesh/source/nwk/src/nwkDataReq.o
 .debug_frame   0x000005b0       0x64 src/ASF/thirdparty/wireless/avr2130_lwmesh/source/nwk/src/nwkFrame.o
 .debug_frame   0x00000614      0x174 src/ASF/thirdparty/wireless/avr2130_lwmesh/source/nwk/src/nwkRoute.o
 .debug_frame   0x00000788       0xf0 src/ASF/thirdparty/wireless/avr2130_lwmesh/source/nwk/src/nwkRx.o
 .debug_frame   0x00000878       0x84 src/ASF/thirdparty/wireless/avr2130_lwmesh/source/nwk/src/nwkSecurity.o
 .debug_frame   0x000008fc      0x154 src/ASF/thirdparty/wireless/avr2130_lwmesh/source/nwk/src/nwkTx.o
 .debug_frame   0x00000a50      0x1bc src/ASF/thirdparty/wireless/avr2130_lwmesh/source/phy/atmegarfr2/src/phy.o
 .debug_frame   0x00000c0c       0x34 src/ASF/thirdparty/wireless/avr2130_lwmesh/source/sys/src/sys.o
 .debug_frame   0x00000c40       0x24 src/ASF/thirdparty/wireless/avr2130_lwmesh/source/sys/src/sysEncrypt.o
 .debug_frame   0x00000c64       0xe0 src/ASF/thirdparty/wireless/avr2130_lwmesh/source/sys/src/sysTimer.o
 .debug_frame   0x00000d44       0xe0 src/ASF/thirdparty/wireless/services/common_hw_timer/mega/hw_timer.o
 .debug_frame   0x00000e24      0x624 src/ASF/thirdparty/wireless/services/mega/drivers/tc/tc_megarf.o
 .debug_frame   0x00001448       0x90 src/ASF/thirdparty/wireless/services/sal/atmegarf_sal/src/sal.o
 .debug_frame   0x000014d8       0x80 src/Peer2Peer.o
 .debug_frame   0x00001558       0xc8 ../src/ASF/thirdparty/wireless/services/common_hw_timer/mega/lib\libmegarfr2_lib_hw_timer.a(common_hw_timer.o)

.debug_str      0x00000000    0x1d7df
 *(.debug_str)
 .debug_str     0x00000000      0x7f7 C:/Program Files (x86)/Atmel/Studio/7.0/Packs/atmel/ATmega_DFP/1.3.300/gcc/dev/atmega256rfr2/avr6/crtatmega256rfr2.o
 .debug_str     0x000007f7    0x16da6 src/ASF/common/services/clock/mega/sysclk.o
                              0x16ff4 (size before relaxing)
 .debug_str     0x0001759d      0x7c9 src/ASF/common/services/serial/usart_serial.o
                              0x17702 (size before relaxing)
 .debug_str     0x00017d66       0x38 src/ASF/common/utils/stdio/read.o
                              0x15d43 (size before relaxing)
 .debug_str     0x00017d9e       0x35 src/ASF/common/utils/stdio/write.o
                              0x15d45 (size before relaxing)
 .debug_str     0x00017dd3      0x170 src/ASF/mega/boards/atmega256rfr2_xplained_pro/init.o
                              0x16d19 (size before relaxing)
 .debug_str     0x00017f43      0x672 src/ASF/mega/drivers/adc/adc.o
                              0x1759b (size before relaxing)
 .debug_str     0x000185b5      0x3c1 src/ASF/mega/drivers/usart/usart_megarf.o
                              0x17b9f (size before relaxing)
 .debug_str     0x00018976      0xb10 src/ASF/thirdparty/wireless/addons/sio2host/uart/sio2host.o
                              0x1897d (size before relaxing)
 .debug_str     0x00019486      0x762 src/ASF/thirdparty/wireless/avr2130_lwmesh/source/nwk/src/nwk.o
                              0x164b5 (size before relaxing)
 .debug_str     0x00019be8      0x36c src/ASF/thirdparty/wireless/avr2130_lwmesh/source/nwk/src/nwkDataReq.o
                              0x1664e (size before relaxing)
 .debug_str     0x00019f54       0x8d src/ASF/thirdparty/wireless/avr2130_lwmesh/source/nwk/src/nwkFrame.o
                              0x164e1 (size before relaxing)
 .debug_str     0x00019fe1      0x269 src/ASF/thirdparty/wireless/avr2130_lwmesh/source/nwk/src/nwkRoute.o
                              0x165d5 (size before relaxing)
 .debug_str     0x0001a24a      0x446 src/ASF/thirdparty/wireless/avr2130_lwmesh/source/nwk/src/nwkRx.o
                              0x169a9 (size before relaxing)
 .debug_str     0x0001a690      0x1fe src/ASF/thirdparty/wireless/avr2130_lwmesh/source/nwk/src/nwkSecurity.o
                              0x16603 (size before relaxing)
 .debug_str     0x0001a88e      0x252 src/ASF/thirdparty/wireless/avr2130_lwmesh/source/nwk/src/nwkTx.o
                              0x168d0 (size before relaxing)
 .debug_str     0x0001aae0     0x1781 src/ASF/thirdparty/wireless/avr2130_lwmesh/source/phy/atmegarfr2/src/phy.o
                              0x18b09 (size before relaxing)
 .debug_str     0x0001c261       0x91 src/ASF/thirdparty/wireless/avr2130_lwmesh/source/sys/src/sys.o
                              0x188bb (size before relaxing)
 .debug_str     0x0001c2f2       0x4a src/ASF/thirdparty/wireless/avr2130_lwmesh/source/sys/src/sysEncrypt.o
                               0x3910 (size before relaxing)
 .debug_str     0x0001c33c      0x11d src/ASF/thirdparty/wireless/avr2130_lwmesh/source/sys/src/sysTimer.o
                              0x15f49 (size before relaxing)
 .debug_str     0x0001c459      0x40a src/ASF/thirdparty/wireless/services/common_hw_timer/mega/hw_timer.o
                              0x1744b (size before relaxing)
 .debug_str     0x0001c863      0x2f1 src/ASF/thirdparty/wireless/services/mega/drivers/tc/tc_megarf.o
                              0x17361 (size before relaxing)
 .debug_str     0x0001cb54      0x363 src/ASF/thirdparty/wireless/services/sal/atmegarf_sal/src/sal.o
                               0x3af6 (size before relaxing)
 .debug_str     0x0001ceb7      0x7a1 src/Peer2Peer.o
                              0x1953b (size before relaxing)
 .debug_str     0x0001d658      0x187 ../src/ASF/thirdparty/wireless/services/common_hw_timer/mega/lib\libmegarfr2_lib_hw_timer.a(common_hw_timer.o)
                                0x2a0 (size before relaxing)

.debug_loc      0x00000000     0x57ab
 *(.debug_loc)
 .debug_loc     0x00000000      0x1f2 src/ASF/common/services/clock/mega/sysclk.o
 .debug_loc     0x000001f2      0x273 src/ASF/common/services/serial/usart_serial.o
 .debug_loc     0x00000465       0x6e src/ASF/common/utils/stdio/read.o
 .debug_loc     0x000004d3       0x52 src/ASF/common/utils/stdio/write.o
 .debug_loc     0x00000525       0x51 src/ASF/mega/boards/atmega256rfr2_xplained_pro/init.o
 .debug_loc     0x00000576      0x10c src/ASF/mega/drivers/adc/adc.o
 .debug_loc     0x00000682      0xca3 src/ASF/mega/drivers/usart/usart_megarf.o
 .debug_loc     0x00001325      0x50d src/ASF/thirdparty/wireless/addons/sio2host/uart/sio2host.o
 .debug_loc     0x00001832      0x14d src/ASF/thirdparty/wireless/avr2130_lwmesh/source/nwk/src/nwk.o
 .debug_loc     0x0000197f      0x137 src/ASF/thirdparty/wireless/avr2130_lwmesh/source/nwk/src/nwkDataReq.o
 .debug_loc     0x00001ab6      0x11e src/ASF/thirdparty/wireless/avr2130_lwmesh/source/nwk/src/nwkFrame.o
 .debug_loc     0x00001bd4      0x875 src/ASF/thirdparty/wireless/avr2130_lwmesh/source/nwk/src/nwkRoute.o
 .debug_loc     0x00002449      0x543 src/ASF/thirdparty/wireless/avr2130_lwmesh/source/nwk/src/nwkRx.o
 .debug_loc     0x0000298c      0x186 src/ASF/thirdparty/wireless/avr2130_lwmesh/source/nwk/src/nwkSecurity.o
 .debug_loc     0x00002b12      0x691 src/ASF/thirdparty/wireless/avr2130_lwmesh/source/nwk/src/nwkTx.o
 .debug_loc     0x000031a3      0x571 src/ASF/thirdparty/wireless/avr2130_lwmesh/source/phy/atmegarfr2/src/phy.o
 .debug_loc     0x00003714       0x4c src/ASF/thirdparty/wireless/avr2130_lwmesh/source/sys/src/sysEncrypt.o
 .debug_loc     0x00003760      0x442 src/ASF/thirdparty/wireless/avr2130_lwmesh/source/sys/src/sysTimer.o
 .debug_loc     0x00003ba2      0x1ec src/ASF/thirdparty/wireless/services/common_hw_timer/mega/hw_timer.o
 .debug_loc     0x00003d8e     0x131a src/ASF/thirdparty/wireless/services/mega/drivers/tc/tc_megarf.o
 .debug_loc     0x000050a8      0x340 src/ASF/thirdparty/wireless/services/sal/atmegarf_sal/src/sal.o
 .debug_loc     0x000053e8      0x255 src/Peer2Peer.o
 .debug_loc     0x0000563d      0x16e ../src/ASF/thirdparty/wireless/services/common_hw_timer/mega/lib\libmegarfr2_lib_hw_timer.a(common_hw_timer.o)

.debug_macinfo
 *(.debug_macinfo)

.debug_weaknames
 *(.debug_weaknames)

.debug_funcnames
 *(.debug_funcnames)

.debug_typenames
 *(.debug_typenames)

.debug_varnames
 *(.debug_varnames)

.debug_pubtypes
 *(.debug_pubtypes)

.debug_ranges   0x00000000      0x738
 *(.debug_ranges)
 .debug_ranges  0x00000000       0x20 src/ASF/common/services/clock/mega/sysclk.o
 .debug_ranges  0x00000020       0x18 src/ASF/common/services/serial/usart_serial.o
 .debug_ranges  0x00000038       0x10 src/ASF/common/utils/stdio/read.o
 .debug_ranges  0x00000048       0x10 src/ASF/common/utils/stdio/write.o
 .debug_ranges  0x00000058       0x10 src/ASF/mega/boards/atmega256rfr2_xplained_pro/init.o
 .debug_ranges  0x00000068       0x18 src/ASF/mega/drivers/adc/adc.o
 .debug_ranges  0x00000080       0x78 src/ASF/mega/drivers/usart/usart_megarf.o
 .debug_ranges  0x000000f8       0x68 src/ASF/thirdparty/wireless/addons/sio2host/uart/sio2host.o
 .debug_ranges  0x00000160       0x60 src/ASF/thirdparty/wireless/avr2130_lwmesh/source/nwk/src/nwk.o
 .debug_ranges  0x000001c0       0x28 src/ASF/thirdparty/wireless/avr2130_lwmesh/source/nwk/src/nwkDataReq.o
 .debug_ranges  0x000001e8       0x30 src/ASF/thirdparty/wireless/avr2130_lwmesh/source/nwk/src/nwkFrame.o
 .debug_ranges  0x00000218       0x88 src/ASF/thirdparty/wireless/avr2130_lwmesh/source/nwk/src/nwkRoute.o
 .debug_ranges  0x000002a0       0xd8 src/ASF/thirdparty/wireless/avr2130_lwmesh/source/nwk/src/nwkRx.o
 .debug_ranges  0x00000378       0x30 src/ASF/thirdparty/wireless/avr2130_lwmesh/source/nwk/src/nwkSecurity.o
 .debug_ranges  0x000003a8       0x70 src/ASF/thirdparty/wireless/avr2130_lwmesh/source/nwk/src/nwkTx.o
 .debug_ranges  0x00000418       0xa0 src/ASF/thirdparty/wireless/avr2130_lwmesh/source/phy/atmegarfr2/src/phy.o
 .debug_ranges  0x000004b8       0x18 src/ASF/thirdparty/wireless/avr2130_lwmesh/source/sys/src/sys.o
 .debug_ranges  0x000004d0       0x10 src/ASF/thirdparty/wireless/avr2130_lwmesh/source/sys/src/sysEncrypt.o
 .debug_ranges  0x000004e0       0x78 src/ASF/thirdparty/wireless/avr2130_lwmesh/source/sys/src/sysTimer.o
 .debug_ranges  0x00000558       0x60 src/ASF/thirdparty/wireless/services/common_hw_timer/mega/hw_timer.o
 .debug_ranges  0x000005b8       0xb8 src/ASF/thirdparty/wireless/services/mega/drivers/tc/tc_megarf.o
 .debug_ranges  0x00000670       0x38 src/ASF/thirdparty/wireless/services/sal/atmegarf_sal/src/sal.o
 .debug_ranges  0x000006a8       0x90 src/Peer2Peer.o

.debug_macro    0x00000000     0x98d1
 *(.debug_macro)
 .debug_macro   0x00000000      0x191 src/ASF/common/services/clock/mega/sysclk.o
 .debug_macro   0x00000191      0xa84 src/ASF/common/services/clock/mega/sysclk.o
 .debug_macro   0x00000c15       0x10 src/ASF/common/services/clock/mega/sysclk.o
 .debug_macro   0x00000c25      0x1c9 src/ASF/common/services/clock/mega/sysclk.o
 .debug_macro   0x00000dee      0x2fc src/ASF/common/services/clock/mega/sysclk.o
 .debug_macro   0x000010ea       0x9e src/ASF/common/services/clock/mega/sysclk.o
 .debug_macro   0x00001188     0x37d1 src/ASF/common/services/clock/mega/sysclk.o
 .debug_macro   0x00004959      0x219 src/ASF/common/services/clock/mega/sysclk.o
 .debug_macro   0x00004b72       0xd9 src/ASF/common/services/clock/mega/sysclk.o
 .debug_macro   0x00004c4b       0x34 src/ASF/common/services/clock/mega/sysclk.o
 .debug_macro   0x00004c7f       0x18 src/ASF/common/services/clock/mega/sysclk.o
 .debug_macro   0x00004c97       0x6c src/ASF/common/services/clock/mega/sysclk.o
 .debug_macro   0x00004d03       0x22 src/ASF/common/services/clock/mega/sysclk.o
 .debug_macro   0x00004d25      0x16d src/ASF/common/services/clock/mega/sysclk.o
 .debug_macro   0x00004e92       0x1c src/ASF/common/services/clock/mega/sysclk.o
 .debug_macro   0x00004eae       0x35 src/ASF/common/services/clock/mega/sysclk.o
 .debug_macro   0x00004ee3       0x66 src/ASF/common/services/clock/mega/sysclk.o
 .debug_macro   0x00004f49      0x708 src/ASF/common/services/clock/mega/sysclk.o
 .debug_macro   0x00005651       0x43 src/ASF/common/services/clock/mega/sysclk.o
 .debug_macro   0x00005694       0x69 src/ASF/common/services/clock/mega/sysclk.o
 .debug_macro   0x000056fd       0x31 src/ASF/common/services/clock/mega/sysclk.o
 .debug_macro   0x0000572e       0x10 src/ASF/common/services/clock/mega/sysclk.o
 .debug_macro   0x0000573e      0x175 src/ASF/common/services/clock/mega/sysclk.o
 .debug_macro   0x000058b3       0x40 src/ASF/common/services/clock/mega/sysclk.o
 .debug_macro   0x000058f3      0x100 src/ASF/common/services/clock/mega/sysclk.o
 .debug_macro   0x000059f3       0x3a src/ASF/common/services/clock/mega/sysclk.o
 .debug_macro   0x00005a2d      0x2d8 src/ASF/common/services/clock/mega/sysclk.o
 .debug_macro   0x00005d05       0x6e src/ASF/common/services/clock/mega/sysclk.o
 .debug_macro   0x00005d73       0x40 src/ASF/common/services/clock/mega/sysclk.o
 .debug_macro   0x00005db3       0x16 src/ASF/common/services/clock/mega/sysclk.o
 .debug_macro   0x00005dc9       0x34 src/ASF/common/services/clock/mega/sysclk.o
 .debug_macro   0x00005dfd       0xc9 src/ASF/common/services/clock/mega/sysclk.o
 .debug_macro   0x00005ec6      0x1c2 src/ASF/common/services/serial/usart_serial.o
 .debug_macro   0x00006088      0x1ca src/ASF/common/services/serial/usart_serial.o
 .debug_macro   0x00006252      0x11b src/ASF/common/utils/stdio/read.o
 .debug_macro   0x0000636d      0x11b src/ASF/common/utils/stdio/write.o
 .debug_macro   0x00006488      0x17f src/ASF/mega/boards/atmega256rfr2_xplained_pro/init.o
 .debug_macro   0x00006607      0x2d2 src/ASF/mega/boards/atmega256rfr2_xplained_pro/init.o
 .debug_macro   0x000068d9      0x1b9 src/ASF/mega/drivers/adc/adc.o
 .debug_macro   0x00006a92      0x160 src/ASF/mega/drivers/adc/adc.o
 .debug_macro   0x00006bf2       0x22 src/ASF/mega/drivers/adc/adc.o
 .debug_macro   0x00006c14       0x2e src/ASF/mega/drivers/adc/adc.o
 .debug_macro   0x00006c42      0x1a4 src/ASF/mega/drivers/usart/usart_megarf.o
 .debug_macro   0x00006de6      0x302 src/ASF/mega/drivers/usart/usart_megarf.o
 .debug_macro   0x000070e8      0x1c4 src/ASF/mega/drivers/usart/usart_megarf.o
 .debug_macro   0x000072ac      0x25b src/ASF/thirdparty/wireless/addons/sio2host/uart/sio2host.o
 .debug_macro   0x00007507       0x28 src/ASF/thirdparty/wireless/addons/sio2host/uart/sio2host.o
 .debug_macro   0x0000752f       0x28 src/ASF/thirdparty/wireless/addons/sio2host/uart/sio2host.o
 .debug_macro   0x00007557       0x22 src/ASF/thirdparty/wireless/addons/sio2host/uart/sio2host.o
 .debug_macro   0x00007579       0x58 src/ASF/thirdparty/wireless/addons/sio2host/uart/sio2host.o
 .debug_macro   0x000075d1       0x10 src/ASF/thirdparty/wireless/addons/sio2host/uart/sio2host.o
 .debug_macro   0x000075e1       0xf2 src/ASF/thirdparty/wireless/addons/sio2host/uart/sio2host.o
 .debug_macro   0x000076d3       0x16 src/ASF/thirdparty/wireless/addons/sio2host/uart/sio2host.o
 .debug_macro   0x000076e9       0x3a src/ASF/thirdparty/wireless/addons/sio2host/uart/sio2host.o
 .debug_macro   0x00007723      0x1c5 src/ASF/thirdparty/wireless/avr2130_lwmesh/source/nwk/src/nwk.o
 .debug_macro   0x000078e8      0x10e src/ASF/thirdparty/wireless/avr2130_lwmesh/source/nwk/src/nwk.o
 .debug_macro   0x000079f6       0x16 src/ASF/thirdparty/wireless/avr2130_lwmesh/source/nwk/src/nwk.o
 .debug_macro   0x00007a0c       0x20 src/ASF/thirdparty/wireless/avr2130_lwmesh/source/nwk/src/nwk.o
 .debug_macro   0x00007a2c       0x1c src/ASF/thirdparty/wireless/avr2130_lwmesh/source/nwk/src/nwk.o
 .debug_macro   0x00007a48       0x6a src/ASF/thirdparty/wireless/avr2130_lwmesh/source/nwk/src/nwk.o
 .debug_macro   0x00007ab2       0x16 src/ASF/thirdparty/wireless/avr2130_lwmesh/source/nwk/src/nwk.o
 .debug_macro   0x00007ac8       0x86 src/ASF/thirdparty/wireless/avr2130_lwmesh/source/nwk/src/nwk.o
 .debug_macro   0x00007b4e       0x16 src/ASF/thirdparty/wireless/avr2130_lwmesh/source/nwk/src/nwk.o
 .debug_macro   0x00007b64       0x1c src/ASF/thirdparty/wireless/avr2130_lwmesh/source/nwk/src/nwk.o
 .debug_macro   0x00007b80       0x1c src/ASF/thirdparty/wireless/avr2130_lwmesh/source/nwk/src/nwk.o
 .debug_macro   0x00007b9c      0x1b0 src/ASF/thirdparty/wireless/avr2130_lwmesh/source/nwk/src/nwkDataReq.o
 .debug_macro   0x00007d4c       0x10 src/ASF/thirdparty/wireless/avr2130_lwmesh/source/nwk/src/nwkDataReq.o
 .debug_macro   0x00007d5c      0x19e src/ASF/thirdparty/wireless/avr2130_lwmesh/source/nwk/src/nwkFrame.o
 .debug_macro   0x00007efa      0x1bc src/ASF/thirdparty/wireless/avr2130_lwmesh/source/nwk/src/nwkRoute.o
 .debug_macro   0x000080b6      0x1f0 src/ASF/thirdparty/wireless/avr2130_lwmesh/source/nwk/src/nwkRx.o
 .debug_macro   0x000082a6      0x1b6 src/ASF/thirdparty/wireless/avr2130_lwmesh/source/nwk/src/nwkSecurity.o
 .debug_macro   0x0000845c      0x1de src/ASF/thirdparty/wireless/avr2130_lwmesh/source/nwk/src/nwkTx.o
 .debug_macro   0x0000863a      0x1f4 src/ASF/thirdparty/wireless/avr2130_lwmesh/source/phy/atmegarfr2/src/phy.o
 .debug_macro   0x0000882e       0x16 src/ASF/thirdparty/wireless/avr2130_lwmesh/source/phy/atmegarfr2/src/phy.o
 .debug_macro   0x00008844       0x28 src/ASF/thirdparty/wireless/avr2130_lwmesh/source/phy/atmegarfr2/src/phy.o
 .debug_macro   0x0000886c       0x16 src/ASF/thirdparty/wireless/avr2130_lwmesh/source/phy/atmegarfr2/src/phy.o
 .debug_macro   0x00008882       0x23 src/ASF/thirdparty/wireless/avr2130_lwmesh/source/phy/atmegarfr2/src/phy.o
 .debug_macro   0x000088a5      0x27e src/ASF/thirdparty/wireless/avr2130_lwmesh/source/phy/atmegarfr2/src/phy.o
 .debug_macro   0x00008b23      0x2f6 src/ASF/thirdparty/wireless/avr2130_lwmesh/source/sys/src/sys.o
 .debug_macro   0x00008e19       0x6f src/ASF/thirdparty/wireless/avr2130_lwmesh/source/sys/src/sysEncrypt.o
 .debug_macro   0x00008e88       0x97 src/ASF/thirdparty/wireless/avr2130_lwmesh/source/sys/src/sysEncrypt.o
 .debug_macro   0x00008f1f       0x16 src/ASF/thirdparty/wireless/avr2130_lwmesh/source/sys/src/sysEncrypt.o
 .debug_macro   0x00008f35      0x13d src/ASF/thirdparty/wireless/avr2130_lwmesh/source/sys/src/sysTimer.o
 .debug_macro   0x00009072       0x10 src/ASF/thirdparty/wireless/avr2130_lwmesh/source/sys/src/sysTimer.o
 .debug_macro   0x00009082      0x1c6 src/ASF/thirdparty/wireless/services/common_hw_timer/mega/hw_timer.o
 .debug_macro   0x00009248       0x10 src/ASF/thirdparty/wireless/services/common_hw_timer/mega/hw_timer.o
 .debug_macro   0x00009258      0x19e src/ASF/thirdparty/wireless/services/mega/drivers/tc/tc_megarf.o
 .debug_macro   0x000093f6       0xfe src/ASF/thirdparty/wireless/services/sal/atmegarf_sal/src/sal.o
 .debug_macro   0x000094f4      0x317 src/Peer2Peer.o
 .debug_macro   0x0000980b       0x1c src/Peer2Peer.o
 .debug_macro   0x00009827       0xaa src/Peer2Peer.o
OUTPUT(APPS_PEER2PEER4.elf elf32-avr)
LOAD linker stubs
