Archive member included to satisfy reference by file (symbol)

../src/ASF/thirdparty/wireless/services/common_hw_timer/mega/lib\libmegarfr2_lib_hw_timer.a(common_hw_timer.o)
                              src/ASF/thirdparty/wireless/avr2130_lwmesh/source/sys/src/sysTimer.o (common_tc_delay)
c:/program files (x86)/atmel/studio/7.0/toolchain/avr8/avr8-gnu-toolchain/bin/../lib/gcc/avr/5.4.0/avr6\libgcc.a(_mulsi3.o)
                              ../src/ASF/thirdparty/wireless/services/common_hw_timer/mega/lib\libmegarfr2_lib_hw_timer.a(common_hw_timer.o) (__mulsi3)
c:/program files (x86)/atmel/studio/7.0/toolchain/avr8/avr8-gnu-toolchain/bin/../lib/gcc/avr/5.4.0/avr6\libgcc.a(_udivmodhi4.o)
                              ../src/ASF/thirdparty/wireless/services/common_hw_timer/mega/lib\libmegarfr2_lib_hw_timer.a(common_hw_timer.o) (__udivmodhi4)
c:/program files (x86)/atmel/studio/7.0/toolchain/avr8/avr8-gnu-toolchain/bin/../lib/gcc/avr/5.4.0/avr6\libgcc.a(_udivmodsi4.o)
                              src/ASF/mega/drivers/usart/usart_megarf.o (__udivmodsi4)
c:/program files (x86)/atmel/studio/7.0/toolchain/avr8/avr8-gnu-toolchain/bin/../lib/gcc/avr/5.4.0/avr6\libgcc.a(_exit.o)
                              C:/Program Files (x86)/Atmel/Studio/7.0/Packs/atmel/ATmega_DFP/1.3.300/gcc/dev/atmega256rfr2/avr6/crtatmega256rfr2.o (exit)
c:/program files (x86)/atmel/studio/7.0/toolchain/avr8/avr8-gnu-toolchain/bin/../lib/gcc/avr/5.4.0/avr6\libgcc.a(_copy_data.o)
                              src/ASF/thirdparty/wireless/addons/sio2host/uart/sio2host.o (__do_copy_data)
c:/program files (x86)/atmel/studio/7.0/toolchain/avr8/avr8-gnu-toolchain/bin/../lib/gcc/avr/5.4.0/avr6\libgcc.a(_clear_bss.o)
                              src/ASF/common/utils/stdio/read.o (__do_clear_bss)
c:/program files (x86)/atmel/studio/7.0/toolchain/avr8/avr8-gnu-toolchain/bin/../lib/gcc/avr/5.4.0/avr6\libgcc.a(_muluhisi3.o)
                              c:/program files (x86)/atmel/studio/7.0/toolchain/avr8/avr8-gnu-toolchain/bin/../lib/gcc/avr/5.4.0/avr6\libgcc.a(_mulsi3.o) (__muluhisi3)
c:/program files (x86)/atmel/studio/7.0/toolchain/avr8/avr8-gnu-toolchain/bin/../lib/gcc/avr/5.4.0/avr6\libgcc.a(_umulhisi3.o)
                              c:/program files (x86)/atmel/studio/7.0/toolchain/avr8/avr8-gnu-toolchain/bin/../lib/gcc/avr/5.4.0/avr6\libgcc.a(_muluhisi3.o) (__umulhisi3)
c:/program files (x86)/atmel/studio/7.0/toolchain/avr8/avr8-gnu-toolchain/bin/../lib/gcc/avr/5.4.0/../../../../avr/lib/avr6\libc.a(rand.o)
                              src/ASF/thirdparty/wireless/avr2130_lwmesh/source/nwk/src/nwkTx.o (rand)
c:/program files (x86)/atmel/studio/7.0/toolchain/avr8/avr8-gnu-toolchain/bin/../lib/gcc/avr/5.4.0/../../../../avr/lib/avr6\libc.a(memcpy.o)
                              src/ASF/thirdparty/wireless/avr2130_lwmesh/source/nwk/src/nwkDataReq.o (memcpy)
c:/program files (x86)/atmel/studio/7.0/toolchain/avr8/avr8-gnu-toolchain/bin/../lib/gcc/avr/5.4.0/../../../../avr/lib/avr6\libc.a(fdevopen.o)
                              src/ASF/thirdparty/wireless/addons/sio2host/uart/sio2host.o (fdevopen)
c:/program files (x86)/atmel/studio/7.0/toolchain/avr8/avr8-gnu-toolchain/bin/../lib/gcc/avr/5.4.0/../../../../avr/lib/avr6\libc.a(iob.o)
                              c:/program files (x86)/atmel/studio/7.0/toolchain/avr8/avr8-gnu-toolchain/bin/../lib/gcc/avr/5.4.0/../../../../avr/lib/avr6\libc.a(fdevopen.o) (__iob)
c:/program files (x86)/atmel/studio/7.0/toolchain/avr8/avr8-gnu-toolchain/bin/../lib/gcc/avr/5.4.0/../../../../avr/lib/avr6\libc.a(calloc.o)
                              c:/program files (x86)/atmel/studio/7.0/toolchain/avr8/avr8-gnu-toolchain/bin/../lib/gcc/avr/5.4.0/../../../../avr/lib/avr6\libc.a(fdevopen.o) (calloc)
c:/program files (x86)/atmel/studio/7.0/toolchain/avr8/avr8-gnu-toolchain/bin/../lib/gcc/avr/5.4.0/../../../../avr/lib/avr6\libc.a(malloc.o)
                              c:/program files (x86)/atmel/studio/7.0/toolchain/avr8/avr8-gnu-toolchain/bin/../lib/gcc/avr/5.4.0/../../../../avr/lib/avr6\libc.a(calloc.o) (malloc)
c:/program files (x86)/atmel/studio/7.0/toolchain/avr8/avr8-gnu-toolchain/bin/../lib/gcc/avr/5.4.0/../../../../avr/lib/avr6\libc.a(memset.o)
                              c:/program files (x86)/atmel/studio/7.0/toolchain/avr8/avr8-gnu-toolchain/bin/../lib/gcc/avr/5.4.0/../../../../avr/lib/avr6\libc.a(calloc.o) (memset)
c:/program files (x86)/atmel/studio/7.0/toolchain/avr8/avr8-gnu-toolchain/bin/../lib/gcc/avr/5.4.0/avr6\libgcc.a(_divmodsi4.o)
                              c:/program files (x86)/atmel/studio/7.0/toolchain/avr8/avr8-gnu-toolchain/bin/../lib/gcc/avr/5.4.0/../../../../avr/lib/avr6\libc.a(rand.o) (__divmodsi4)
c:/program files (x86)/atmel/studio/7.0/toolchain/avr8/avr8-gnu-toolchain/bin/../lib/gcc/avr/5.4.0/avr6\libgcc.a(_negsi2.o)
                              c:/program files (x86)/atmel/studio/7.0/toolchain/avr8/avr8-gnu-toolchain/bin/../lib/gcc/avr/5.4.0/avr6\libgcc.a(_divmodsi4.o) (__negsi2)
[...]
Memory Configuration

Name             Origin             Length             Attributes
text             0x00000000         0x00100000         xr
data             0x00800200         0x0000fe00         rw !x
eeprom           0x00810000         0x00010000         rw !x
fuse             0x00820000         0x00000003         rw !x
lock             0x00830000         0x00000400         rw !x
signature        0x00840000         0x00000400         rw !x
user_signatures  0x00850000         0x00000400         rw !x
*default*        0x00000000         0xffffffff

Linker script and memory map

Address of section .data set to 0x800200
LOAD C:/Program Files (x86)/Atmel/Studio/7.0/Packs/atmel/ATmega_DFP/1.3.300/gcc/dev/atmega256rfr2/avr6/crtatmega256rfr2.o
LOAD src/spi.o
LOAD src/ASF/common/services/clock/mega/sysclk.o
LOAD src/ASF/common/services/serial/usart_serial.o
LOAD src/ASF/common/utils/stdio/read.o
LOAD src/ASF/common/utils/stdio/write.o
LOAD src/ASF/mega/boards/atmega256rfr2_xplained_pro/init.o
LOAD src/ASF/mega/drivers/usart/usart_megarf.o
LOAD src/ASF/thirdparty/wireless/addons/sio2host/uart/sio2host.o
LOAD src/ASF/thirdparty/wireless/avr2130_lwmesh/source/nwk/src/nwk.o
LOAD src/ASF/thirdparty/wireless/avr2130_lwmesh/source/nwk/src/nwkDataReq.o
LOAD src/ASF/thirdparty/wireless/avr2130_lwmesh/source/nwk/src/nwkFrame.o
LOAD src/ASF/thirdparty/wireless/avr2130_lwmesh/source/nwk/src/nwkGroup.o
LOAD src/ASF/thirdparty/wireless/avr2130_lwmesh/source/nwk/src/nwkRoute.o
LOAD src/ASF/thirdparty/wireless/avr2130_lwmesh/source/nwk/src/nwkRouteDiscovery.o
LOAD src/ASF/thirdparty/wireless/avr2130_lwmesh/source/nwk/src/nwkRx.o
LOAD src/ASF/thirdparty/wireless/avr2130_lwmesh/source/nwk/src/nwkSecurity.o
LOAD src/ASF/thirdparty/wireless/avr2130_lwmesh/source/nwk/src/nwkTx.o
LOAD src/ASF/thirdparty/wireless/avr2130_lwmesh/source/phy/atmegarfr2/src/phy.o
LOAD src/ASF/thirdparty/wireless/avr2130_lwmesh/source/sys/src/sys.o
LOAD src/ASF/thirdparty/wireless/avr2130_lwmesh/source/sys/src/sysEncrypt.o
LOAD src/ASF/thirdparty/wireless/avr2130_lwmesh/source/sys/src/sysTimer.o
LOAD src/ASF/thirdparty/wireless/services/common_hw_timer/mega/hw_timer.o
LOAD src/ASF/thirdparty/wireless/services/mega/drivers/tc/tc_megarf.o
LOAD src/ASF/thirdparty/wireless/services/sal/atmegarf_sal/src/sal.o
LOAD src/Peer2Peer.o
START GROUP
LOAD ../src/ASF/thirdparty/wireless/services/common_hw_timer/mega/lib\libmegarfr2_lib_hw_timer.a
LOAD c:/program files (x86)/atmel/studio/7.0/toolchain/avr8/avr8-gnu-toolchain/bin/../lib/gcc/avr/5.4.0/../../../../avr/lib/avr6\libm.a
END GROUP
START GROUP
LOAD c:/program files (x86)/atmel/studio/7.0/toolchain/avr8/avr8-gnu-toolchain/bin/../lib/gcc/avr/5.4.0/avr6\libgcc.a
LOAD c:/program files (x86)/atmel/studio/7.0/toolchain/avr8/avr8-gnu-toolchain/bin/../lib/gcc/avr/5.4.0/../../../../avr/lib/avr6\libm.a
LOAD c:/program files (x86)/atmel/studio/7.0/toolchain/avr8/avr8-gnu-toolchain/bin/../lib/gcc/avr/5.4.0/../../../../avr/lib/avr6\libc.a
LOAD C:/Program Files (x86)/Atmel/Studio/7.0/Packs/atmel/ATmega_DFP/1.3.300/gcc/dev/atmega256rfr2/avr6\libatmega256rfr2.a
END GROUP
                0x00000000                __TEXT_REGION_ORIGIN__ = DEFINED (__TEXT_REGION_ORIGIN__)?__TEXT_REGION_ORIGIN__:0x0
                0x00800200                __DATA_REGION_ORIGIN__ = DEFINED (__DATA_REGION_ORIGIN__)?__DATA_REGION_ORIGIN__:0x800200
                0x00100000                __TEXT_REGION_LENGTH__ = DEFINED (__TEXT_REGION_LENGTH__)?__TEXT_REGION_LENGTH__:0x100000
                0x0000fe00                __DATA_REGION_LENGTH__ = DEFINED (__DATA_REGION_LENGTH__)?__DATA_REGION_LENGTH__:0xfe00
                0x00010000                __EEPROM_REGION_LENGTH__ = DEFINED (__EEPROM_REGION_LENGTH__)?__EEPROM_REGION_LENGTH__:0x10000
                [0x00000003]                __FUSE_REGION_LENGTH__ = DEFINED (__FUSE_REGION_LENGTH__)?__FUSE_REGION_LENGTH__:0x400
                0x00000400                __LOCK_REGION_LENGTH__ = DEFINED (__LOCK_REGION_LENGTH__)?__LOCK_REGION_LENGTH__:0x400
                0x00000400                __SIGNATURE_REGION_LENGTH__ = DEFINED (__SIGNATURE_REGION_LENGTH__)?__SIGNATURE_REGION_LENGTH__:0x400
                0x00000400                __USER_SIGNATURE_REGION_LENGTH__ = DEFINED (__USER_SIGNATURE_REGION_LENGTH__)?__USER_SIGNATURE_REGION_LENGTH__:0x400

.hash
 *(.hash)

.dynsym
 *(.dynsym)

.dynstr
 *(.dynstr)

.gnu.version
 *(.gnu.version)

.gnu.version_d
 *(.gnu.version_d)

.gnu.version_r
 *(.gnu.version_r)

.rel.init
 *(.rel.init)

.rela.init
 *(.rela.init)

.rel.text
 *(.rel.text)
 *(.rel.text.*)
 *(.rel.gnu.linkonce.t*)

.rela.text
 *(.rela.text)
 *(.rela.text.*)
 *(.rela.gnu.linkonce.t*)

.rel.fini
 *(.rel.fini)

.rela.fini
 *(.rela.fini)

.rel.rodata
 *(.rel.rodata)
 *(.rel.rodata.*)
 *(.rel.gnu.linkonce.r*)

.rela.rodata
 *(.rela.rodata)
 *(.rela.rodata.*)
 *(.rela.gnu.linkonce.r*)

.rel.data
 *(.rel.data)
 *(.rel.data.*)
 *(.rel.gnu.linkonce.d*)

.rela.data
 *(.rela.data)
 *(.rela.data.*)
 *(.rela.gnu.linkonce.d*)

.rel.ctors
 *(.rel.ctors)

.rela.ctors
 *(.rela.ctors)

.rel.dtors
 *(.rel.dtors)

.rela.dtors
 *(.rela.dtors)

.rel.got
 *(.rel.got)

.rela.got
 *(.rela.got)

.rel.bss
 *(.rel.bss)

.rela.bss
 *(.rela.bss)

.rel.plt
 *(.rel.plt)

.rela.plt
 *(.rela.plt)

.text           0x00000000     0x3238
 *(.vectors)
 .vectors       0x00000000      0x134 C:/Program Files (x86)/Atmel/Studio/7.0/Packs/atmel/ATmega_DFP/1.3.300/gcc/dev/atmega256rfr2/avr6/crtatmega256rfr2.o
                0x00000000                __vector_default
                0x00000000                __vectors
 *(.vectors)
 *(.progmem.gcc*)
                0x00000134                . = ALIGN (0x2)
                0x00000134                __trampolines_start = .
 *(.trampolines)
 .trampolines   0x00000134        0x0 linker stubs
 *(.trampolines*)
                0x00000134                __trampolines_end = .
 *libprintf_flt.a:*(.progmem.data)
 *libc.a:*(.progmem.data)
 *(.progmem*)
                0x00000134                . = ALIGN (0x2)
 *(.jumptables)
 *(.jumptables*)
 *(.lowtext)
 *(.lowtext*)
                0x00000134                __ctors_start = .
 *(.ctors)
                0x00000134                __ctors_end = .
                0x00000134                __dtors_start = .
 *(.dtors)
                0x00000134                __dtors_end = .
 SORT(*)(.ctors)
 SORT(*)(.dtors)
 *(.init0)
 .init0         0x00000134        0x0 C:/Program Files (x86)/Atmel/Studio/7.0/Packs/atmel/ATmega_DFP/1.3.300/gcc/dev/atmega256rfr2/avr6/crtatmega256rfr2.o
                0x00000134                __init
 *(.init0)
 *(.init1)
 *(.init1)
 *(.init2)
 .init2         0x00000134       0x10 C:/Program Files (x86)/Atmel/Studio/7.0/Packs/atmel/ATmega_DFP/1.3.300/gcc/dev/atmega256rfr2/avr6/crtatmega256rfr2.o
 *(.init2)
 *(.init3)
 *(.init3)
 *(.init4)
 .init4         0x00000144       0x1a c:/program files (x86)/atmel/studio/7.0/toolchain/avr8/avr8-gnu-toolchain/bin/../lib/gcc/avr/5.4.0/avr6\libgcc.a(_copy_data.o)
                0x00000144                __do_copy_data
 .init4         0x0000015e       0x10 c:/program files (x86)/atmel/studio/7.0/toolchain/avr8/avr8-gnu-toolchain/bin/../lib/gcc/avr/5.4.0/avr6\libgcc.a(_clear_bss.o)
                0x0000015e                __do_clear_bss
 *(.init4)
 *(.init5)
 *(.init5)
 *(.init6)
 *(.init6)
 *(.init7)
 *(.init7)
 *(.init8)
 *(.init8)
 *(.init9)
 .init9         0x0000016e        0x8 C:/Program Files (x86)/Atmel/Studio/7.0/Packs/atmel/ATmega_DFP/1.3.300/gcc/dev/atmega256rfr2/avr6/crtatmega256rfr2.o
 *(.init9)
 *(.text)
 .text          0x00000176        0x2 C:/Program Files (x86)/Atmel/Studio/7.0/Packs/atmel/ATmega_DFP/1.3.300/gcc/dev/atmega256rfr2/avr6/crtatmega256rfr2.o
                0x00000176                __vector_38
                0x00000176                __vector_22
                0x00000176                __vector_63
                0x00000176                __vector_28
                0x00000176                __vector_67
                0x00000176                __vector_75
                0x00000176                __vector_71
                0x00000176                __vector_62
                0x00000176                __vector_24
                0x00000176                __vector_12
                0x00000176                __vector_55
                0x00000176                __vector_69
                0x00000176                __vector_46
                0x00000176                __bad_interrupt
                0x00000176                __vector_72
                0x00000176                __vector_6
                0x00000176                __vector_31
                0x00000176                __vector_74
                0x00000176                __vector_39
                0x00000176                __vector_3
                0x00000176                __vector_23
                0x00000176                __vector_68
                0x00000176                __vector_30
                0x00000176                __vector_73
                0x00000176                __vector_25
                0x00000176                __vector_61
                0x00000176                __vector_11
                0x00000176                __vector_54
                0x00000176                __vector_13
                0x00000176                __vector_56
                0x00000176                __vector_7
                0x00000176                __vector_41
                0x00000176                __vector_64
                0x00000176                __vector_27
                0x00000176                __vector_5
                0x00000176                __vector_76
                0x00000176                __vector_52
                0x00000176                __vector_37
                0x00000176                __vector_4
                0x00000176                __vector_51
                0x00000176                __vector_9
                0x00000176                __vector_2
                0x00000176                __vector_21
                0x00000176                __vector_15
                0x00000176                __vector_66
                0x00000176                __vector_58
                0x00000176                __vector_70
                0x00000176                __vector_29
                0x00000176                __vector_60
                0x00000176                __vector_40
                0x00000176                __vector_8
                0x00000176                __vector_26
                0x00000176                __vector_14
                0x00000176                __vector_57
                0x00000176                __vector_53
                0x00000176                __vector_10
                0x00000176                __vector_16
                0x00000176                __vector_59
                0x00000176                __vector_65
 .text          0x00000178      0x216 ../src/ASF/thirdparty/wireless/services/common_hw_timer/mega/lib\libmegarfr2_lib_hw_timer.a(common_hw_timer.o)
                0x00000178                common_tc_read_count
                0x000001c8                common_tc_compare_stop
                0x000001ec                common_tc_overflow_stop
                0x000001f6                common_tc_stop
                0x000001fe                common_tc_delay
                0x000002e8                common_tc_init
                0x000002f6                tmr_ovf_callback
                0x00000366                tmr_cca_callback
                0x0000037a                set_common_tc_overflow_callback
                0x00000384                set_common_tc_expiry_callback
                0x0000038e                . = ALIGN (0x2)
 *(.text.*)
 .text.init_SPI_mstr
                0x0000038e       0x20 src/spi.o
                0x0000038e                init_SPI_mstr
 .text.SPI_Transmit_no_IRQ
                0x000003ae        0xc src/spi.o
                0x000003ae                SPI_Transmit_no_IRQ
 .text.sysclk_init
                0x000003ba       0x36 src/ASF/common/services/clock/mega/sysclk.o
                0x000003ba                sysclk_init
 .text.sysclk_enable_module
                0x000003f0       0x30 src/ASF/common/services/clock/mega/sysclk.o
                0x000003f0                sysclk_enable_module
 .text.sysclk_disable_module
                0x00000420       0x2e src/ASF/common/services/clock/mega/sysclk.o
                0x00000420                sysclk_disable_module
 .text.usart_serial_write_packet
                0x0000044e       0x34 src/ASF/common/services/serial/usart_serial.o
                0x0000044e                usart_serial_write_packet
 .text.usart_serial_read_packet
                0x00000482       0x34 src/ASF/common/services/serial/usart_serial.o
                0x00000482                usart_serial_read_packet
 .text._read    0x000004b6       0x32 src/ASF/common/utils/stdio/read.o
                0x000004b6                _read
 .text._write   0x000004e8       0x24 src/ASF/common/utils/stdio/write.o
                0x000004e8                _write
 .text.board_init
                0x0000050c        0xa src/ASF/mega/boards/atmega256rfr2_xplained_pro/init.o
                0x0000050c                board_init
 .text.usart_putchar
                0x00000516        0xe src/ASF/mega/drivers/usart/usart_megarf.o
                0x00000516                usart_putchar
 .text.usart_getchar
                0x00000524        0xc src/ASF/mega/drivers/usart/usart_megarf.o
                0x00000524                usart_getchar
 .text.usart_set_baudrate
                0x00000530       0xda src/ASF/mega/drivers/usart/usart_megarf.o
                0x00000530                usart_set_baudrate
 .text.usart_init_rs232
                0x0000060a       0x92 src/ASF/mega/drivers/usart/usart_megarf.o
                0x0000060a                usart_init_rs232
 .text.usart_serial_getchar
                0x0000069c       0x10 src/ASF/thirdparty/wireless/addons/sio2host/uart/sio2host.o
 .text.usart_serial_putchar
                0x000006ac        0x4 src/ASF/thirdparty/wireless/addons/sio2host/uart/sio2host.o
 .text.sio2host_init
                0x000006b0       0x92 src/ASF/thirdparty/wireless/addons/sio2host/uart/sio2host.o
                0x000006b0                sio2host_init
 .text.sio2host_tx
                0x00000742       0x2e src/ASF/thirdparty/wireless/addons/sio2host/uart/sio2host.o
                0x00000742                sio2host_tx
 .text.sio2host_putchar
                0x00000770       0x1c src/ASF/thirdparty/wireless/addons/sio2host/uart/sio2host.o
                0x00000770                sio2host_putchar
 .text.__vector_36
                0x0000078c       0x90 src/ASF/thirdparty/wireless/addons/sio2host/uart/sio2host.o
                0x0000078c                __vector_36
 .text.NWK_Init
                0x0000081c       0x30 src/ASF/thirdparty/wireless/avr2130_lwmesh/source/nwk/src/nwk.o
                0x0000081c                NWK_Init
 .text.NWK_SetAddr
                0x0000084c        0xe src/ASF/thirdparty/wireless/avr2130_lwmesh/source/nwk/src/nwk.o
                0x0000084c                NWK_SetAddr
 .text.NWK_SetPanId
                0x0000085a        0xe src/ASF/thirdparty/wireless/avr2130_lwmesh/source/nwk/src/nwk.o
                0x0000085a                NWK_SetPanId
 .text.NWK_OpenEndpoint
                0x00000868       0x12 src/ASF/thirdparty/wireless/avr2130_lwmesh/source/nwk/src/nwk.o
                0x00000868                NWK_OpenEndpoint
 .text.NWK_TaskHandler
                0x0000087a        0xc src/ASF/thirdparty/wireless/avr2130_lwmesh/source/nwk/src/nwk.o
                0x0000087a                NWK_TaskHandler
 .text.nwkDataReqTxConf
                0x00000886       0x46 src/ASF/thirdparty/wireless/avr2130_lwmesh/source/nwk/src/nwkDataReq.o
 .text.nwkDataReqInit
                0x000008cc        0xa src/ASF/thirdparty/wireless/avr2130_lwmesh/source/nwk/src/nwkDataReq.o
                0x000008cc                nwkDataReqInit
 .text.NWK_DataReq
                0x000008d6       0x48 src/ASF/thirdparty/wireless/avr2130_lwmesh/source/nwk/src/nwkDataReq.o
                0x000008d6                NWK_DataReq
 .text.nwkDataReqTaskHandler
                0x0000091e      0x156 src/ASF/thirdparty/wireless/avr2130_lwmesh/source/nwk/src/nwkDataReq.o
                0x0000091e                nwkDataReqTaskHandler
 .text.nwkFrameInit
                0x00000a74        0xe src/ASF/thirdparty/wireless/avr2130_lwmesh/source/nwk/src/nwkFrame.o
                0x00000a74                nwkFrameInit
 .text.nwkFrameAlloc
                0x00000a82       0x6c src/ASF/thirdparty/wireless/avr2130_lwmesh/source/nwk/src/nwkFrame.o
                0x00000a82                nwkFrameAlloc
 .text.nwkFrameFree
                0x00000aee       0x14 src/ASF/thirdparty/wireless/avr2130_lwmesh/source/nwk/src/nwkFrame.o
                0x00000aee                nwkFrameFree
 .text.nwkFrameNext
                0x00000b02       0x4a src/ASF/thirdparty/wireless/avr2130_lwmesh/source/nwk/src/nwkFrame.o
                0x00000b02                nwkFrameNext
 .text.nwkFrameCommandInit
                0x00000b4c       0x28 src/ASF/thirdparty/wireless/avr2130_lwmesh/source/nwk/src/nwkFrame.o
                0x00000b4c                nwkFrameCommandInit
 .text.nwkRouteInit
                0x00000b74       0x40 src/ASF/thirdparty/wireless/avr2130_lwmesh/source/nwk/src/nwkRoute.o
                0x00000b74                nwkRouteInit
 .text.NWK_RouteFindEntry
                0x00000bb4       0x64 src/ASF/thirdparty/wireless/avr2130_lwmesh/source/nwk/src/nwkRoute.o
                0x00000bb4                NWK_RouteFindEntry
 .text.NWK_RouteNewEntry
                0x00000c18       0x44 src/ASF/thirdparty/wireless/avr2130_lwmesh/source/nwk/src/nwkRoute.o
                0x00000c18                NWK_RouteNewEntry
 .text.NWK_RouteFreeEntry
                0x00000c5c       0x14 src/ASF/thirdparty/wireless/avr2130_lwmesh/source/nwk/src/nwkRoute.o
                0x00000c5c                NWK_RouteFreeEntry
 .text.NWK_RouteNextHop
                0x00000c70       0x14 src/ASF/thirdparty/wireless/avr2130_lwmesh/source/nwk/src/nwkRoute.o
                0x00000c70                NWK_RouteNextHop
 .text.nwkRouteRemove
                0x00000c84        0xa src/ASF/thirdparty/wireless/avr2130_lwmesh/source/nwk/src/nwkRoute.o
                0x00000c84                nwkRouteRemove
 .text.nwkRouteFrameReceived
                0x00000c8e       0x9e src/ASF/thirdparty/wireless/avr2130_lwmesh/source/nwk/src/nwkRoute.o
                0x00000c8e                nwkRouteFrameReceived
 .text.nwkRouteFrameSent
                0x00000d2c       0x8e src/ASF/thirdparty/wireless/avr2130_lwmesh/source/nwk/src/nwkRoute.o
                0x00000d2c                nwkRouteFrameSent
 .text.nwkRoutePrepareTx
                0x00000dba       0x3e src/ASF/thirdparty/wireless/avr2130_lwmesh/source/nwk/src/nwkRoute.o
                0x00000dba                nwkRoutePrepareTx
 .text.nwkRouteFrame
                0x00000df8       0x98 src/ASF/thirdparty/wireless/avr2130_lwmesh/source/nwk/src/nwkRoute.o
                0x00000df8                nwkRouteFrame
 .text.nwkRouteErrorReceived
                0x00000e90       0x1e src/ASF/thirdparty/wireless/avr2130_lwmesh/source/nwk/src/nwkRoute.o
                0x00000e90                nwkRouteErrorReceived
 .text.nwkRxSeriveDataInd
                0x00000eae       0x30 src/ASF/thirdparty/wireless/avr2130_lwmesh/source/nwk/src/nwkRx.o
 .text.nwkRxDuplicateRejectionTimerHandler
                0x00000ede       0x2c src/ASF/thirdparty/wireless/avr2130_lwmesh/source/nwk/src/nwkRx.o
 .text.nwkRxInit
                0x00000f0a       0x3a src/ASF/thirdparty/wireless/avr2130_lwmesh/source/nwk/src/nwkRx.o
                0x00000f0a                nwkRxInit
 .text.PHY_DataInd
                0x00000f44       0x56 src/ASF/thirdparty/wireless/avr2130_lwmesh/source/nwk/src/nwkRx.o
                0x00000f44                PHY_DataInd
 .text.nwkRxDecryptConf
                0x00000f9a       0x14 src/ASF/thirdparty/wireless/avr2130_lwmesh/source/nwk/src/nwkRx.o
                0x00000f9a                nwkRxDecryptConf
 .text.nwkRxTaskHandler
                0x00000fae      0x4a2 src/ASF/thirdparty/wireless/avr2130_lwmesh/source/nwk/src/nwkRx.o
                0x00000fae                nwkRxTaskHandler
 .text.nwkSecurityInit
                0x00001450        0xe src/ASF/thirdparty/wireless/avr2130_lwmesh/source/nwk/src/nwkSecurity.o
                0x00001450                nwkSecurityInit
 .text.nwkSecurityProcess
                0x0000145e       0x1e src/ASF/thirdparty/wireless/avr2130_lwmesh/source/nwk/src/nwkSecurity.o
                0x0000145e                nwkSecurityProcess
 .text.SYS_EncryptConf
                0x0000147c       0x82 src/ASF/thirdparty/wireless/avr2130_lwmesh/source/nwk/src/nwkSecurity.o
                0x0000147c                SYS_EncryptConf
 .text.nwkSecurityTaskHandler
                0x000014fe      0x1de src/ASF/thirdparty/wireless/avr2130_lwmesh/source/nwk/src/nwkSecurity.o
                0x000014fe                nwkSecurityTaskHandler
 .text.nwkTxDelayTimerHandler
                0x000016dc       0x58 src/ASF/thirdparty/wireless/avr2130_lwmesh/source/nwk/src/nwkTx.o
 .text.nwkTxAckWaitTimerHandler
                0x00001734       0x64 src/ASF/thirdparty/wireless/avr2130_lwmesh/source/nwk/src/nwkTx.o
 .text.nwkTxInit
                0x00001798       0x46 src/ASF/thirdparty/wireless/avr2130_lwmesh/source/nwk/src/nwkTx.o
                0x00001798                nwkTxInit
 .text.nwkTxFrame
                0x000017de       0xaa src/ASF/thirdparty/wireless/avr2130_lwmesh/source/nwk/src/nwkTx.o
                0x000017de                nwkTxFrame
 .text.nwkTxBroadcastFrame
                0x00001888       0x8a src/ASF/thirdparty/wireless/avr2130_lwmesh/source/nwk/src/nwkTx.o
                0x00001888                nwkTxBroadcastFrame
 .text.nwkTxAckReceived
                0x00001912       0x4a src/ASF/thirdparty/wireless/avr2130_lwmesh/source/nwk/src/nwkTx.o
                0x00001912                nwkTxAckReceived
 .text.nwkTxEncryptConf
                0x0000195c        0x8 src/ASF/thirdparty/wireless/avr2130_lwmesh/source/nwk/src/nwkTx.o
                0x0000195c                nwkTxEncryptConf
 .text.PHY_DataConf
                0x00001964       0x46 src/ASF/thirdparty/wireless/avr2130_lwmesh/source/nwk/src/nwkTx.o
                0x00001964                PHY_DataConf
 .text.nwkTxTaskHandler
                0x000019aa      0x140 src/ASF/thirdparty/wireless/avr2130_lwmesh/source/nwk/src/nwkTx.o
                0x000019aa                nwkTxTaskHandler
 .text.phySetChannel
                0x00001aea       0x3c src/ASF/thirdparty/wireless/avr2130_lwmesh/source/phy/atmegarfr2/src/phy.o
 .text.phyTrxSetState
                0x00001b26       0x28 src/ASF/thirdparty/wireless/avr2130_lwmesh/source/phy/atmegarfr2/src/phy.o
 .text.phySetRxState
                0x00001b4e       0x18 src/ASF/thirdparty/wireless/avr2130_lwmesh/source/phy/atmegarfr2/src/phy.o
 .text.PHY_Init
                0x00001b66       0x3c src/ASF/thirdparty/wireless/avr2130_lwmesh/source/phy/atmegarfr2/src/phy.o
                0x00001b66                PHY_Init
 .text.PHY_SetRxState
                0x00001ba2        0x8 src/ASF/thirdparty/wireless/avr2130_lwmesh/source/phy/atmegarfr2/src/phy.o
                0x00001ba2                PHY_SetRxState
 .text.PHY_SetChannel
                0x00001baa        0x8 src/ASF/thirdparty/wireless/avr2130_lwmesh/source/phy/atmegarfr2/src/phy.o
                0x00001baa                PHY_SetChannel
 .text.PHY_SetPanId
                0x00001bb2       0x24 src/ASF/thirdparty/wireless/avr2130_lwmesh/source/phy/atmegarfr2/src/phy.o
                0x00001bb2                PHY_SetPanId
 .text.PHY_SetShortAddr
                0x00001bd6       0x2e src/ASF/thirdparty/wireless/avr2130_lwmesh/source/phy/atmegarfr2/src/phy.o
                0x00001bd6                PHY_SetShortAddr
 .text.PHY_DataReq
                0x00001c04       0x50 src/ASF/thirdparty/wireless/avr2130_lwmesh/source/phy/atmegarfr2/src/phy.o
                0x00001c04                PHY_DataReq
 .text.PHY_EncryptReq
                0x00001c54       0x1c src/ASF/thirdparty/wireless/avr2130_lwmesh/source/phy/atmegarfr2/src/phy.o
                0x00001c54                PHY_EncryptReq
 .text.PHY_TaskHandler
                0x00001c70       0xf6 src/ASF/thirdparty/wireless/avr2130_lwmesh/source/phy/atmegarfr2/src/phy.o
                0x00001c70                PHY_TaskHandler
 .text.SYS_Init
                0x00001d66        0xc src/ASF/thirdparty/wireless/avr2130_lwmesh/source/sys/src/sys.o
                0x00001d66                SYS_Init
 .text.SYS_TaskHandler
                0x00001d72        0xa src/ASF/thirdparty/wireless/avr2130_lwmesh/source/sys/src/sys.o
                0x00001d72                SYS_TaskHandler
 .text.SYS_EncryptReq
                0x00001d7c        0x6 src/ASF/thirdparty/wireless/avr2130_lwmesh/source/sys/src/sysEncrypt.o
                0x00001d7c                SYS_EncryptReq
 .text.placeTimer
                0x00001d82       0xc8 src/ASF/thirdparty/wireless/avr2130_lwmesh/source/sys/src/sysTimer.o
 .text.SYS_HwExpiry_Cb
                0x00001e4a       0x14 src/ASF/thirdparty/wireless/avr2130_lwmesh/source/sys/src/sysTimer.o
                0x00001e4a                SYS_HwExpiry_Cb
 .text.SYS_TimerInit
                0x00001e5e       0x22 src/ASF/thirdparty/wireless/avr2130_lwmesh/source/sys/src/sysTimer.o
                0x00001e5e                SYS_TimerInit
 .text.SYS_TimerStarted
                0x00001e80       0x34 src/ASF/thirdparty/wireless/avr2130_lwmesh/source/sys/src/sysTimer.o
                0x00001e80                SYS_TimerStarted
 .text.SYS_TimerStart
                0x00001eb4       0x16 src/ASF/thirdparty/wireless/avr2130_lwmesh/source/sys/src/sysTimer.o
                0x00001eb4                SYS_TimerStart
 .text.SYS_TimerTaskHandler
                0x00001eca       0xda src/ASF/thirdparty/wireless/avr2130_lwmesh/source/sys/src/sysTimer.o
                0x00001eca                SYS_TimerTaskHandler
 .text.tc_ovf_callback
                0x00001fa4        0x6 src/ASF/thirdparty/wireless/services/common_hw_timer/mega/hw_timer.o
                0x00001fa4                tc_ovf_callback
 .text.tc_cca_callback
                0x00001faa        0x6 src/ASF/thirdparty/wireless/services/common_hw_timer/mega/hw_timer.o
                0x00001faa                tc_cca_callback
 .text.tmr_read_count
                0x00001fb0        0xa src/ASF/thirdparty/wireless/services/common_hw_timer/mega/hw_timer.o
                0x00001fb0                tmr_read_count
 .text.tmr_disable_cc_interrupt
                0x00001fba        0xe src/ASF/thirdparty/wireless/services/common_hw_timer/mega/hw_timer.o
                0x00001fba                tmr_disable_cc_interrupt
 .text.tmr_enable_cc_interrupt
                0x00001fc8        0xe src/ASF/thirdparty/wireless/services/common_hw_timer/mega/hw_timer.o
                0x00001fc8                tmr_enable_cc_interrupt
 .text.tmr_disable_ovf_interrupt
                0x00001fd6        0xe src/ASF/thirdparty/wireless/services/common_hw_timer/mega/hw_timer.o
                0x00001fd6                tmr_disable_ovf_interrupt
 .text.tmr_stop
                0x00001fe4        0x8 src/ASF/thirdparty/wireless/services/common_hw_timer/mega/hw_timer.o
                0x00001fe4                tmr_stop
 .text.tmr_write_cmpreg
                0x00001fec       0x16 src/ASF/thirdparty/wireless/services/common_hw_timer/mega/hw_timer.o
                0x00001fec                tmr_write_cmpreg
 .text.save_cpu_interrupt
                0x00002002       0x1a src/ASF/thirdparty/wireless/services/common_hw_timer/mega/hw_timer.o
                0x00002002                save_cpu_interrupt
 .text.restore_cpu_interrupt
                0x0000201c        0x4 src/ASF/thirdparty/wireless/services/common_hw_timer/mega/hw_timer.o
                0x0000201c                restore_cpu_interrupt
 .text.tmr_init
                0x00002020       0x40 src/ASF/thirdparty/wireless/services/common_hw_timer/mega/hw_timer.o
                0x00002020                tmr_init
 .text.__vector_20
                0x00002060       0x5a src/ASF/thirdparty/wireless/services/mega/drivers/tc/tc_megarf.o
                0x00002060                __vector_20
 .text.__vector_17
                0x000020ba       0x5a src/ASF/thirdparty/wireless/services/mega/drivers/tc/tc_megarf.o
                0x000020ba                __vector_17
 .text.__vector_18
                0x00002114       0x5a src/ASF/thirdparty/wireless/services/mega/drivers/tc/tc_megarf.o
                0x00002114                __vector_18
 .text.__vector_19
                0x0000216e       0x5a src/ASF/thirdparty/wireless/services/mega/drivers/tc/tc_megarf.o
                0x0000216e                __vector_19
 .text.__vector_35
                0x000021c8       0x5a src/ASF/thirdparty/wireless/services/mega/drivers/tc/tc_megarf.o
                0x000021c8                __vector_35
 .text.__vector_32
                0x00002222       0x5a src/ASF/thirdparty/wireless/services/mega/drivers/tc/tc_megarf.o
                0x00002222                __vector_32
 .text.__vector_33
                0x0000227c       0x5a src/ASF/thirdparty/wireless/services/mega/drivers/tc/tc_megarf.o
                0x0000227c                __vector_33
 .text.__vector_34
                0x000022d6       0x5a src/ASF/thirdparty/wireless/services/mega/drivers/tc/tc_megarf.o
                0x000022d6                __vector_34
 .text.__vector_45
                0x00002330       0x5a src/ASF/thirdparty/wireless/services/mega/drivers/tc/tc_megarf.o
                0x00002330                __vector_45
 .text.__vector_42
                0x0000238a       0x5a src/ASF/thirdparty/wireless/services/mega/drivers/tc/tc_megarf.o
                0x0000238a                __vector_42
 .text.__vector_43
                0x000023e4       0x5a src/ASF/thirdparty/wireless/services/mega/drivers/tc/tc_megarf.o
                0x000023e4                __vector_43
 .text.__vector_44
                0x0000243e       0x5a src/ASF/thirdparty/wireless/services/mega/drivers/tc/tc_megarf.o
                0x0000243e                __vector_44
 .text.__vector_50
                0x00002498       0x5a src/ASF/thirdparty/wireless/services/mega/drivers/tc/tc_megarf.o
                0x00002498                __vector_50
 .text.__vector_47
                0x000024f2       0x5a src/ASF/thirdparty/wireless/services/mega/drivers/tc/tc_megarf.o
                0x000024f2                __vector_47
 .text.__vector_48
                0x0000254c       0x5a src/ASF/thirdparty/wireless/services/mega/drivers/tc/tc_megarf.o
                0x0000254c                __vector_48
 .text.__vector_49
                0x000025a6       0x5a src/ASF/thirdparty/wireless/services/mega/drivers/tc/tc_megarf.o
                0x000025a6                __vector_49
 .text.tc_enable
                0x00002600       0xee src/ASF/thirdparty/wireless/services/mega/drivers/tc/tc_megarf.o
                0x00002600                tc_enable
 .text.tc_disable
                0x000026ee       0xee src/ASF/thirdparty/wireless/services/mega/drivers/tc/tc_megarf.o
                0x000026ee                tc_disable
 .text.tc_set_overflow_interrupt_callback
                0x000027dc       0x40 src/ASF/thirdparty/wireless/services/mega/drivers/tc/tc_megarf.o
                0x000027dc                tc_set_overflow_interrupt_callback
 .text.tc_set_compa_interrupt_callback
                0x0000281c       0x40 src/ASF/thirdparty/wireless/services/mega/drivers/tc/tc_megarf.o
                0x0000281c                tc_set_compa_interrupt_callback
 .text.sal_init
                0x0000285c        0x2 src/ASF/thirdparty/wireless/services/sal/atmegarf_sal/src/sal.o
                0x0000285c                sal_init
 .text.sal_aes_exec
                0x0000285e       0x2c src/ASF/thirdparty/wireless/services/sal/atmegarf_sal/src/sal.o
                0x0000285e                sal_aes_exec
 .text.sal_aes_setup
                0x0000288a      0x11c src/ASF/thirdparty/wireless/services/sal/atmegarf_sal/src/sal.o
                0x0000288a                sal_aes_setup
 .text.sal_aes_read
                0x000029a6       0x18 src/ASF/thirdparty/wireless/services/sal/atmegarf_sal/src/sal.o
                0x000029a6                sal_aes_read
 .text.appDataConf
                0x000029be        0x6 src/Peer2Peer.o
 .text.appDataInd
                0x000029c4       0x3c src/Peer2Peer.o
 .text.config_Ziggys_ADC
                0x00002a00       0x2a src/Peer2Peer.o
                0x00002a00                config_Ziggys_ADC
 .text.adc_start_conversions
                0x00002a2a        0xc src/Peer2Peer.o
                0x00002a2a                adc_start_conversions
 .text.config_ext_DR_irq
                0x00002a36        0xe src/Peer2Peer.o
                0x00002a36                config_ext_DR_irq
 .text.check_adc
                0x00002a44       0xb0 src/Peer2Peer.o
                0x00002a44                check_adc
 .text.spi_rx   0x00002af4       0x60 src/Peer2Peer.o
                0x00002af4                spi_rx
 .text.main     0x00002b54      0x186 src/Peer2Peer.o
                0x00002b54                main
 .text.__vector_1
                0x00002cda       0x86 src/Peer2Peer.o
                0x00002cda                __vector_1
 .text.libgcc.mul
                0x00002d60       0x1e c:/program files (x86)/atmel/studio/7.0/toolchain/avr8/avr8-gnu-toolchain/bin/../lib/gcc/avr/5.4.0/avr6\libgcc.a(_mulsi3.o)
                0x00002d60                __mulsi3
 .text.libgcc.div
                0x00002d7e       0x28 c:/program files (x86)/atmel/studio/7.0/toolchain/avr8/avr8-gnu-toolchain/bin/../lib/gcc/avr/5.4.0/avr6\libgcc.a(_udivmodhi4.o)
                0x00002d7e                __udivmodhi4
 .text.libgcc.div
                0x00002da6       0x44 c:/program files (x86)/atmel/studio/7.0/toolchain/avr8/avr8-gnu-toolchain/bin/../lib/gcc/avr/5.4.0/avr6\libgcc.a(_udivmodsi4.o)
                0x00002da6                __udivmodsi4
 .text.libgcc.mul
                0x00002dea       0x14 c:/program files (x86)/atmel/studio/7.0/toolchain/avr8/avr8-gnu-toolchain/bin/../lib/gcc/avr/5.4.0/avr6\libgcc.a(_muluhisi3.o)
                0x00002dea                __muluhisi3
 .text.libgcc.mul
                0x00002dfe       0x1e c:/program files (x86)/atmel/studio/7.0/toolchain/avr8/avr8-gnu-toolchain/bin/../lib/gcc/avr/5.4.0/avr6\libgcc.a(_umulhisi3.o)
                0x00002dfe                __umulhisi3
 .text.avr-libc
                0x00002e1c       0xaa c:/program files (x86)/atmel/studio/7.0/toolchain/avr8/avr8-gnu-toolchain/bin/../lib/gcc/avr/5.4.0/../../../../avr/lib/avr6\libc.a(rand.o)
                0x00002ea8                rand_r
                0x00002eaa                rand
                0x00002eb0                srand
 .text.avr-libc
                0x00002ec6       0x12 c:/program files (x86)/atmel/studio/7.0/toolchain/avr8/avr8-gnu-toolchain/bin/../lib/gcc/avr/5.4.0/../../../../avr/lib/avr6\libc.a(memcpy.o)
                0x00002ec6                memcpy
 .text.avr-libc
                0x00002ed8       0x94 c:/program files (x86)/atmel/studio/7.0/toolchain/avr8/avr8-gnu-toolchain/bin/../lib/gcc/avr/5.4.0/../../../../avr/lib/avr6\libc.a(fdevopen.o)
                0x00002ed8                fdevopen
 .text.avr-libc
                0x00002f6c       0x34 c:/program files (x86)/atmel/studio/7.0/toolchain/avr8/avr8-gnu-toolchain/bin/../lib/gcc/avr/5.4.0/../../../../avr/lib/avr6\libc.a(calloc.o)
                0x00002f6c                calloc
 .text.avr-libc
                0x00002fa0      0x242 c:/program files (x86)/atmel/studio/7.0/toolchain/avr8/avr8-gnu-toolchain/bin/../lib/gcc/avr/5.4.0/../../../../avr/lib/avr6\libc.a(malloc.o)
                0x00002fa0                malloc
                0x000030d0                free
 .text.avr-libc
                0x000031e2        0xe c:/program files (x86)/atmel/studio/7.0/toolchain/avr8/avr8-gnu-toolchain/bin/../lib/gcc/avr/5.4.0/../../../../avr/lib/avr6\libc.a(memset.o)
                0x000031e2                memset
 .text.libgcc.div
                0x000031f0       0x28 c:/program files (x86)/atmel/studio/7.0/toolchain/avr8/avr8-gnu-toolchain/bin/../lib/gcc/avr/5.4.0/avr6\libgcc.a(_divmodsi4.o)
                0x000031f0                __divmodsi4
 .text.libgcc.div
                0x00003218       0x10 c:/program files (x86)/atmel/studio/7.0/toolchain/avr8/avr8-gnu-toolchain/bin/../lib/gcc/avr/5.4.0/avr6\libgcc.a(_negsi2.o)
                0x00003218                __negsi2
 .text.libgcc.mul
                0x00003228        0xc c:/program files (x86)/atmel/studio/7.0/toolchain/avr8/avr8-gnu-toolchain/bin/../lib/gcc/avr/5.4.0/avr6\libgcc.a(_mulshisi3.o)
                0x00003228                __mulshisi3
                0x0000322c                __mulohisi3
                0x00003234                . = ALIGN (0x2)
 *(.fini9)
 .fini9         0x00003234        0x0 c:/program files (x86)/atmel/studio/7.0/toolchain/avr8/avr8-gnu-toolchain/bin/../lib/gcc/avr/5.4.0/avr6\libgcc.a(_exit.o)
                0x00003234                _exit
                0x00003234                exit
 *(.fini9)
 *(.fini8)
 *(.fini8)
 *(.fini7)
 *(.fini7)
 *(.fini6)
 *(.fini6)
 *(.fini5)
 *(.fini5)
 *(.fini4)
 *(.fini4)
 *(.fini3)
 *(.fini3)
 *(.fini2)
 *(.fini2)
 *(.fini1)
 *(.fini1)
 *(.fini0)
 .fini0         0x00003234        0x4 c:/program files (x86)/atmel/studio/7.0/toolchain/avr8/avr8-gnu-toolchain/bin/../lib/gcc/avr/5.4.0/avr6\libgcc.a(_exit.o)
 *(.fini0)
                0x00003238                _etext = .

.data           0x00800200       0x12 load address 0x00003238
                0x00800200                PROVIDE (__data_start, .)
 *(.data)
 .data          0x00800200        0x4 c:/program files (x86)/atmel/studio/7.0/toolchain/avr8/avr8-gnu-toolchain/bin/../lib/gcc/avr/5.4.0/../../../../avr/lib/avr6\libc.a(rand.o)
 .data          0x00800204        0x6 c:/program files (x86)/atmel/studio/7.0/toolchain/avr8/avr8-gnu-toolchain/bin/../lib/gcc/avr/5.4.0/../../../../avr/lib/avr6\libc.a(malloc.o)
                0x00800204                __malloc_heap_end
                0x00800206                __malloc_heap_start
                0x00800208                __malloc_margin
 *(.data*)
 .data.usart_serial_options
                0x0080020a        0x7 src/ASF/thirdparty/wireless/addons/sio2host/uart/sio2host.o
 .data.last_dir
                0x00800211        0x1 src/ASF/thirdparty/wireless/services/sal/atmegarf_sal/src/sal.o
 *(.gnu.linkonce.d*)
 *(.rodata)
 *(.rodata*)
 *(.gnu.linkonce.r*)
                0x00800212                . = ALIGN (0x2)
                0x00800212                _edata = .
                0x00800212                PROVIDE (__data_end, .)

.bss            0x00800212      0xf3b
                0x00800212                PROVIDE (__bss_start, .)
 *(.bss)
 .bss           0x00800212        0xb ../src/ASF/thirdparty/wireless/services/common_hw_timer/mega/lib\libmegarfr2_lib_hw_timer.a(common_hw_timer.o)
 *(.bss*)
 .bss.serial_rx_buf_tail
                0x0080021d        0x1 src/ASF/thirdparty/wireless/addons/sio2host/uart/sio2host.o
 .bss.serial_rx_buf
                0x0080021e       0x9c src/ASF/thirdparty/wireless/addons/sio2host/uart/sio2host.o
 .bss.nwkDataReqQueue
                0x008002ba        0x2 src/ASF/thirdparty/wireless/avr2130_lwmesh/source/nwk/src/nwkDataReq.o
 .bss.nwkFrameFrames
                0x008002bc      0x19b src/ASF/thirdparty/wireless/avr2130_lwmesh/source/nwk/src/nwkFrame.o
 .bss.nwkRouteTable
                0x00800457      0x2bc src/ASF/thirdparty/wireless/avr2130_lwmesh/source/nwk/src/nwkRoute.o
 .bss.nwkRxDuplicateRejectionTimer
                0x00800713        0xd src/ASF/thirdparty/wireless/avr2130_lwmesh/source/nwk/src/nwkRx.o
 .bss.nwkRxAckControl
                0x00800720        0x1 src/ASF/thirdparty/wireless/avr2130_lwmesh/source/nwk/src/nwkRx.o
 .bss.nwkRxDuplicateRejectionTable
                0x00800721       0x32 src/ASF/thirdparty/wireless/avr2130_lwmesh/source/nwk/src/nwkRx.o
 .bss.nwkSecurityVector
                0x00800753       0x10 src/ASF/thirdparty/wireless/avr2130_lwmesh/source/nwk/src/nwkSecurity.o
 .bss.nwkSecurityEncrypt
                0x00800763        0x1 src/ASF/thirdparty/wireless/avr2130_lwmesh/source/nwk/src/nwkSecurity.o
 .bss.nwkSecurityOffset
                0x00800764        0x1 src/ASF/thirdparty/wireless/avr2130_lwmesh/source/nwk/src/nwkSecurity.o
 .bss.nwkSecuritySize
                0x00800765        0x1 src/ASF/thirdparty/wireless/avr2130_lwmesh/source/nwk/src/nwkSecurity.o
 .bss.nwkSecurityActiveFrame
                0x00800766        0x2 src/ASF/thirdparty/wireless/avr2130_lwmesh/source/nwk/src/nwkSecurity.o
 .bss.nwkSecurityActiveFrames
                0x00800768        0x1 src/ASF/thirdparty/wireless/avr2130_lwmesh/source/nwk/src/nwkSecurity.o
 .bss.nwkTxDelayTimer
                0x00800769        0xd src/ASF/thirdparty/wireless/avr2130_lwmesh/source/nwk/src/nwkTx.o
 .bss.nwkTxAckWaitTimer
                0x00800776        0xd src/ASF/thirdparty/wireless/avr2130_lwmesh/source/nwk/src/nwkTx.o
 .bss.nwkTxPhyActiveFrame
                0x00800783        0x2 src/ASF/thirdparty/wireless/avr2130_lwmesh/source/nwk/src/nwkTx.o
 .bss.phyBand   0x00800785        0x1 src/ASF/thirdparty/wireless/avr2130_lwmesh/source/phy/atmegarfr2/src/phy.o
 .bss.phyChannel
                0x00800786        0x1 src/ASF/thirdparty/wireless/avr2130_lwmesh/source/phy/atmegarfr2/src/phy.o
 .bss.phyRxState
                0x00800787        0x1 src/ASF/thirdparty/wireless/avr2130_lwmesh/source/phy/atmegarfr2/src/phy.o
 .bss.phyRxBuffer
                0x00800788       0x80 src/ASF/thirdparty/wireless/avr2130_lwmesh/source/phy/atmegarfr2/src/phy.o
 .bss.phyState  0x00800808        0x1 src/ASF/thirdparty/wireless/avr2130_lwmesh/source/phy/atmegarfr2/src/phy.o
 .bss.timers    0x00800809        0x2 src/ASF/thirdparty/wireless/avr2130_lwmesh/source/sys/src/sysTimer.o
 .bss.tc_tccr5_compc_callback
                0x0080080b        0x2 src/ASF/thirdparty/wireless/services/mega/drivers/tc/tc_megarf.o
 .bss.tc_tccr5_compb_callback
                0x0080080d        0x2 src/ASF/thirdparty/wireless/services/mega/drivers/tc/tc_megarf.o
 .bss.tc_tccr5_compa_callback
                0x0080080f        0x2 src/ASF/thirdparty/wireless/services/mega/drivers/tc/tc_megarf.o
 .bss.tc_tccr5_ovf_callback
                0x00800811        0x2 src/ASF/thirdparty/wireless/services/mega/drivers/tc/tc_megarf.o
 .bss.tc_tccr4_compc_callback
                0x00800813        0x2 src/ASF/thirdparty/wireless/services/mega/drivers/tc/tc_megarf.o
 .bss.tc_tccr4_compb_callback
                0x00800815        0x2 src/ASF/thirdparty/wireless/services/mega/drivers/tc/tc_megarf.o
 .bss.tc_tccr4_compa_callback
                0x00800817        0x2 src/ASF/thirdparty/wireless/services/mega/drivers/tc/tc_megarf.o
 .bss.tc_tccr4_ovf_callback
                0x00800819        0x2 src/ASF/thirdparty/wireless/services/mega/drivers/tc/tc_megarf.o
 .bss.tc_tccr3_compc_callback
                0x0080081b        0x2 src/ASF/thirdparty/wireless/services/mega/drivers/tc/tc_megarf.o
 .bss.tc_tccr3_compb_callback
                0x0080081d        0x2 src/ASF/thirdparty/wireless/services/mega/drivers/tc/tc_megarf.o
 .bss.tc_tccr3_compa_callback
                0x0080081f        0x2 src/ASF/thirdparty/wireless/services/mega/drivers/tc/tc_megarf.o
 .bss.tc_tccr3_ovf_callback
                0x00800821        0x2 src/ASF/thirdparty/wireless/services/mega/drivers/tc/tc_megarf.o
 .bss.tc_tccr1_compc_callback
                0x00800823        0x2 src/ASF/thirdparty/wireless/services/mega/drivers/tc/tc_megarf.o
 .bss.tc_tccr1_compb_callback
                0x00800825        0x2 src/ASF/thirdparty/wireless/services/mega/drivers/tc/tc_megarf.o
 .bss.tc_tccr1_compa_callback
                0x00800827        0x2 src/ASF/thirdparty/wireless/services/mega/drivers/tc/tc_megarf.o
 .bss.tc_tccr1_ovf_callback
                0x00800829        0x2 src/ASF/thirdparty/wireless/services/mega/drivers/tc/tc_megarf.o
 .bss.dec_key   0x0080082b       0x10 src/ASF/thirdparty/wireless/services/sal/atmegarf_sal/src/sal.o
 .bss.enc_key   0x0080083b       0x10 src/ASF/thirdparty/wireless/services/sal/atmegarf_sal/src/sal.o
 .bss.mode_byte
                0x0080084b        0x1 src/ASF/thirdparty/wireless/services/sal/atmegarf_sal/src/sal.o
 .bss.dec_initialized
                0x0080084c        0x1 src/ASF/thirdparty/wireless/services/sal/atmegarf_sal/src/sal.o
 .bss.count.3321
                0x0080084d        0x1 src/Peer2Peer.o
 .bss.button_state.3322
                0x0080084e        0x1 src/Peer2Peer.o
 .bss.spi_rx_count
                0x0080084f        0x1 src/Peer2Peer.o
 .bss.spi_rx_buf_head
                0x00800850        0x1 src/Peer2Peer.o
 .bss.spi_rx_buf_tail
                0x00800851        0x1 src/Peer2Peer.o
 .bss.spi_rx_buf
                0x00800852      0x7d0 src/Peer2Peer.o
 .bss.buff_count
                0x00801022        0x1 src/Peer2Peer.o
                0x00801022                buff_count
 .bss.number_samples
                0x00801023        0x1 src/Peer2Peer.o
                0x00801023                number_samples
 .bss.spi_rx_length
                0x00801024        0x1 src/Peer2Peer.o
 .bss.SpiBufferPtr
                0x00801025        0x1 src/Peer2Peer.o
 .bss.SpiBuffer
                0x00801026       0x64 src/Peer2Peer.o
 .bss.appDataReqBusy
                0x0080108a        0x1 src/Peer2Peer.o
 .bss.appDataReq
                0x0080108b       0x11 src/Peer2Peer.o
 .bss.rx_data   0x0080109c       0x64 src/Peer2Peer.o
 *(COMMON)
 COMMON         0x00801100        0x2 src/ASF/common/utils/stdio/read.o
                0x00801100                ptr_get
 COMMON         0x00801102        0x4 src/ASF/common/utils/stdio/write.o
                0x00801102                ptr_put
                0x00801104                stdio_base
 COMMON         0x00801106       0x38 src/ASF/thirdparty/wireless/avr2130_lwmesh/source/nwk/src/nwk.o
                0x00801106                nwkIb
 COMMON         0x0080113e        0x1 src/ASF/thirdparty/wireless/avr2130_lwmesh/source/sys/src/sysTimer.o
                0x0080113e                SysTimerIrqCount
 COMMON         0x0080113f        0x3 src/Peer2Peer.o
                0x0080113f                HADCs
                0x00801140                LADCs
                0x00801141                button_down
 COMMON         0x00801142        0x1 ../src/ASF/thirdparty/wireless/services/common_hw_timer/mega/lib\libmegarfr2_lib_hw_timer.a(common_hw_timer.o)
                0x00801142                timer_multiplier
 COMMON         0x00801143        0x6 c:/program files (x86)/atmel/studio/7.0/toolchain/avr8/avr8-gnu-toolchain/bin/../lib/gcc/avr/5.4.0/../../../../avr/lib/avr6\libc.a(iob.o)
                0x00801143                __iob
 COMMON         0x00801149        0x4 c:/program files (x86)/atmel/studio/7.0/toolchain/avr8/avr8-gnu-toolchain/bin/../lib/gcc/avr/5.4.0/../../../../avr/lib/avr6\libc.a(malloc.o)
                0x00801149                __brkval
                0x0080114b                __flp
                0x0080114d                PROVIDE (__bss_end, .)
                0x00003238                __data_load_start = LOADADDR (.data)
                0x0000324a                __data_load_end = (__data_load_start + SIZEOF (.data))

.noinit         0x0080114d        0x0
                [!provide]                PROVIDE (__noinit_start, .)
 *(.noinit*)
                [!provide]                PROVIDE (__noinit_end, .)
                0x0080114d                _end = .
                0x0080114d                PROVIDE (__heap_start, .)

.eeprom         0x00810000        0x0
 *(.eeprom*)
                0x00810000                __eeprom_end = .

.fuse
 *(.fuse)
 *(.lfuse)
 *(.hfuse)
 *(.efuse)

.lock
 *(.lock*)

.signature
 *(.signature*)

.user_signatures
 *(.user_signatures*)

.stab
 *(.stab)

.stabstr
 *(.stabstr)

.stab.excl
 *(.stab.excl)

.stab.exclstr
 *(.stab.exclstr)

.stab.index
 *(.stab.index)

.stab.indexstr
 *(.stab.indexstr)

.comment        0x00000000       0x30
 *(.comment)
 .comment       0x00000000       0x30 src/spi.o
                                 0x31 (size before relaxing)
 .comment       0x00000030       0x31 src/ASF/common/services/clock/mega/sysclk.o
 .comment       0x00000030       0x31 src/ASF/common/services/serial/usart_serial.o
 .comment       0x00000030       0x31 src/ASF/common/utils/stdio/read.o
 .comment       0x00000030       0x31 src/ASF/common/utils/stdio/write.o
 .comment       0x00000030       0x31 src/ASF/mega/boards/atmega256rfr2_xplained_pro/init.o
 .comment       0x00000030       0x31 src/ASF/mega/drivers/usart/usart_megarf.o
 .comment       0x00000030       0x31 src/ASF/thirdparty/wireless/addons/sio2host/uart/sio2host.o
 .comment       0x00000030       0x31 src/ASF/thirdparty/wireless/avr2130_lwmesh/source/nwk/src/nwk.o
 .comment       0x00000030       0x31 src/ASF/thirdparty/wireless/avr2130_lwmesh/source/nwk/src/nwkDataReq.o
 .comment       0x00000030       0x31 src/ASF/thirdparty/wireless/avr2130_lwmesh/source/nwk/src/nwkFrame.o
 .comment       0x00000030       0x31 src/ASF/thirdparty/wireless/avr2130_lwmesh/source/nwk/src/nwkRoute.o
 .comment       0x00000030       0x31 src/ASF/thirdparty/wireless/avr2130_lwmesh/source/nwk/src/nwkRx.o
 .comment       0x00000030       0x31 src/ASF/thirdparty/wireless/avr2130_lwmesh/source/nwk/src/nwkSecurity.o
 .comment       0x00000030       0x31 src/ASF/thirdparty/wireless/avr2130_lwmesh/source/nwk/src/nwkTx.o
 .comment       0x00000030       0x31 src/ASF/thirdparty/wireless/avr2130_lwmesh/source/phy/atmegarfr2/src/phy.o
 .comment       0x00000030       0x31 src/ASF/thirdparty/wireless/avr2130_lwmesh/source/sys/src/sys.o
 .comment       0x00000030       0x31 src/ASF/thirdparty/wireless/avr2130_lwmesh/source/sys/src/sysEncrypt.o
 .comment       0x00000030       0x31 src/ASF/thirdparty/wireless/avr2130_lwmesh/source/sys/src/sysTimer.o
 .comment       0x00000030       0x31 src/ASF/thirdparty/wireless/services/common_hw_timer/mega/hw_timer.o
 .comment       0x00000030       0x31 src/ASF/thirdparty/wireless/services/mega/drivers/tc/tc_megarf.o
 .comment       0x00000030       0x31 src/ASF/thirdparty/wireless/services/sal/atmegarf_sal/src/sal.o
 .comment       0x00000030       0x31 src/Peer2Peer.o
 .comment       0x00000030       0x31 c:/program files (x86)/atmel/studio/7.0/toolchain/avr8/avr8-gnu-toolchain/bin/../lib/gcc/avr/5.4.0/../../../../avr/lib/avr6\libc.a(rand.o)
 .comment       0x00000030       0x31 c:/program files (x86)/atmel/studio/7.0/toolchain/avr8/avr8-gnu-toolchain/bin/../lib/gcc/avr/5.4.0/../../../../avr/lib/avr6\libc.a(fdevopen.o)
 .comment       0x00000030       0x31 c:/program files (x86)/atmel/studio/7.0/toolchain/avr8/avr8-gnu-toolchain/bin/../lib/gcc/avr/5.4.0/../../../../avr/lib/avr6\libc.a(iob.o)
 .comment       0x00000030       0x31 c:/program files (x86)/atmel/studio/7.0/toolchain/avr8/avr8-gnu-toolchain/bin/../lib/gcc/avr/5.4.0/../../../../avr/lib/avr6\libc.a(calloc.o)
 .comment       0x00000030       0x31 c:/program files (x86)/atmel/studio/7.0/toolchain/avr8/avr8-gnu-toolchain/bin/../lib/gcc/avr/5.4.0/../../../../avr/lib/avr6\libc.a(malloc.o)

.note.gnu.avr.deviceinfo
                0x00000000       0x40
 .note.gnu.avr.deviceinfo
                0x00000000       0x40 C:/Program Files (x86)/Atmel/Studio/7.0/Packs/atmel/ATmega_DFP/1.3.300/gcc/dev/atmega256rfr2/avr6/crtatmega256rfr2.o

.note.gnu.build-id
 *(.note.gnu.build-id)

.debug
 *(.debug)

.line
 *(.line)

.debug_srcinfo
 *(.debug_srcinfo)

.debug_sfnames
 *(.debug_sfnames)

.debug_aranges  0x00000000      0x750
 *(.debug_aranges)
 .debug_aranges
                0x00000000       0x28 src/spi.o
 .debug_aranges
                0x00000028       0x30 src/ASF/common/services/clock/mega/sysclk.o
 .debug_aranges
                0x00000058       0x28 src/ASF/common/services/serial/usart_serial.o
 .debug_aranges
                0x00000080       0x20 src/ASF/common/utils/stdio/read.o
 .debug_aranges
                0x000000a0       0x20 src/ASF/common/utils/stdio/write.o
 .debug_aranges
                0x000000c0       0x20 src/ASF/mega/boards/atmega256rfr2_xplained_pro/init.o
 .debug_aranges
                0x000000e0       0x50 src/ASF/mega/drivers/usart/usart_megarf.o
 .debug_aranges
                0x00000130       0x78 src/ASF/thirdparty/wireless/addons/sio2host/uart/sio2host.o
 .debug_aranges
                0x000001a8       0x70 src/ASF/thirdparty/wireless/avr2130_lwmesh/source/nwk/src/nwk.o
 .debug_aranges
                0x00000218       0x38 src/ASF/thirdparty/wireless/avr2130_lwmesh/source/nwk/src/nwkDataReq.o
 .debug_aranges
                0x00000250       0x40 src/ASF/thirdparty/wireless/avr2130_lwmesh/source/nwk/src/nwkFrame.o
 .debug_aranges
                0x00000290       0x80 src/ASF/thirdparty/wireless/avr2130_lwmesh/source/nwk/src/nwkRoute.o
 .debug_aranges
                0x00000310       0x50 src/ASF/thirdparty/wireless/avr2130_lwmesh/source/nwk/src/nwkRx.o
 .debug_aranges
                0x00000360       0x40 src/ASF/thirdparty/wireless/avr2130_lwmesh/source/nwk/src/nwkSecurity.o
 .debug_aranges
                0x000003a0       0x68 src/ASF/thirdparty/wireless/avr2130_lwmesh/source/nwk/src/nwkTx.o
 .debug_aranges
                0x00000408       0xb0 src/ASF/thirdparty/wireless/avr2130_lwmesh/source/phy/atmegarfr2/src/phy.o
 .debug_aranges
                0x000004b8       0x28 src/ASF/thirdparty/wireless/avr2130_lwmesh/source/sys/src/sys.o
 .debug_aranges
                0x000004e0       0x20 src/ASF/thirdparty/wireless/avr2130_lwmesh/source/sys/src/sysEncrypt.o
 .debug_aranges
                0x00000500       0x50 src/ASF/thirdparty/wireless/avr2130_lwmesh/source/sys/src/sysTimer.o
 .debug_aranges
                0x00000550       0x70 src/ASF/thirdparty/wireless/services/common_hw_timer/mega/hw_timer.o
 .debug_aranges
                0x000005c0       0xc8 src/ASF/thirdparty/wireless/services/mega/drivers/tc/tc_megarf.o
 .debug_aranges
                0x00000688       0x48 src/ASF/thirdparty/wireless/services/sal/atmegarf_sal/src/sal.o
 .debug_aranges
                0x000006d0       0x60 src/Peer2Peer.o
 .debug_aranges
                0x00000730       0x20 ../src/ASF/thirdparty/wireless/services/common_hw_timer/mega/lib\libmegarfr2_lib_hw_timer.a(common_hw_timer.o)

.debug_pubnames
 *(.debug_pubnames)

.debug_info     0x00000000     0xa36d
 *(.debug_info .gnu.linkonce.wi.*)
 .debug_info    0x00000000     0x13e6 C:/Program Files (x86)/Atmel/Studio/7.0/Packs/atmel/ATmega_DFP/1.3.300/gcc/dev/atmega256rfr2/avr6/crtatmega256rfr2.o
 .debug_info    0x000013e6      0x1f6 src/spi.o
 .debug_info    0x000015dc      0x2b5 src/ASF/common/services/clock/mega/sysclk.o
 .debug_info    0x00001891      0x39e src/ASF/common/services/serial/usart_serial.o
 .debug_info    0x00001c2f      0x104 src/ASF/common/utils/stdio/read.o
 .debug_info    0x00001d33      0x104 src/ASF/common/utils/stdio/write.o
 .debug_info    0x00001e37      0x282 src/ASF/mega/boards/atmega256rfr2_xplained_pro/init.o
 .debug_info    0x000020b9      0xbcc src/ASF/mega/drivers/usart/usart_megarf.o
 .debug_info    0x00002c85      0x823 src/ASF/thirdparty/wireless/addons/sio2host/uart/sio2host.o
 .debug_info    0x000034a8      0x527 src/ASF/thirdparty/wireless/avr2130_lwmesh/source/nwk/src/nwk.o
 .debug_info    0x000039cf      0x7b2 src/ASF/thirdparty/wireless/avr2130_lwmesh/source/nwk/src/nwkDataReq.o
 .debug_info    0x00004181      0x59f src/ASF/thirdparty/wireless/avr2130_lwmesh/source/nwk/src/nwkFrame.o
 .debug_info    0x00004720      0xb7f src/ASF/thirdparty/wireless/avr2130_lwmesh/source/nwk/src/nwkRoute.o
 .debug_info    0x0000529f      0xcbc src/ASF/thirdparty/wireless/avr2130_lwmesh/source/nwk/src/nwkRx.o
 .debug_info    0x00005f5b      0x72e src/ASF/thirdparty/wireless/avr2130_lwmesh/source/nwk/src/nwkSecurity.o
 .debug_info    0x00006689      0xaa0 src/ASF/thirdparty/wireless/avr2130_lwmesh/source/nwk/src/nwkTx.o
 .debug_info    0x00007129      0xaaa src/ASF/thirdparty/wireless/avr2130_lwmesh/source/phy/atmegarfr2/src/phy.o
 .debug_info    0x00007bd3      0x233 src/ASF/thirdparty/wireless/avr2130_lwmesh/source/sys/src/sys.o
 .debug_info    0x00007e06      0x104 src/ASF/thirdparty/wireless/avr2130_lwmesh/source/sys/src/sysEncrypt.o
 .debug_info    0x00007f0a      0x459 src/ASF/thirdparty/wireless/avr2130_lwmesh/source/sys/src/sysTimer.o
 .debug_info    0x00008363      0x734 src/ASF/thirdparty/wireless/services/common_hw_timer/mega/hw_timer.o
 .debug_info    0x00008a97      0x854 src/ASF/thirdparty/wireless/services/mega/drivers/tc/tc_megarf.o
 .debug_info    0x000092eb      0x24b src/ASF/thirdparty/wireless/services/sal/atmegarf_sal/src/sal.o
 .debug_info    0x00009536      0xbbb src/Peer2Peer.o
 .debug_info    0x0000a0f1      0x27c ../src/ASF/thirdparty/wireless/services/common_hw_timer/mega/lib\libmegarfr2_lib_hw_timer.a(common_hw_timer.o)

.debug_abbrev   0x00000000     0x4364
 *(.debug_abbrev)
 .debug_abbrev  0x00000000     0x12d6 C:/Program Files (x86)/Atmel/Studio/7.0/Packs/atmel/ATmega_DFP/1.3.300/gcc/dev/atmega256rfr2/avr6/crtatmega256rfr2.o
 .debug_abbrev  0x000012d6      0x12d src/spi.o
 .debug_abbrev  0x00001403      0x1a6 src/ASF/common/services/clock/mega/sysclk.o
 .debug_abbrev  0x000015a9      0x17d src/ASF/common/services/serial/usart_serial.o
 .debug_abbrev  0x00001726       0xc5 src/ASF/common/utils/stdio/read.o
 .debug_abbrev  0x000017eb       0xa7 src/ASF/common/utils/stdio/write.o
 .debug_abbrev  0x00001892      0x149 src/ASF/mega/boards/atmega256rfr2_xplained_pro/init.o
 .debug_abbrev  0x000019db      0x354 src/ASF/mega/drivers/usart/usart_megarf.o
 .debug_abbrev  0x00001d2f      0x301 src/ASF/thirdparty/wireless/addons/sio2host/uart/sio2host.o
 .debug_abbrev  0x00002030      0x1b8 src/ASF/thirdparty/wireless/avr2130_lwmesh/source/nwk/src/nwk.o
 .debug_abbrev  0x000021e8      0x282 src/ASF/thirdparty/wireless/avr2130_lwmesh/source/nwk/src/nwkDataReq.o
 .debug_abbrev  0x0000246a      0x186 src/ASF/thirdparty/wireless/avr2130_lwmesh/source/nwk/src/nwkFrame.o
 .debug_abbrev  0x000025f0      0x335 src/ASF/thirdparty/wireless/avr2130_lwmesh/source/nwk/src/nwkRoute.o
 .debug_abbrev  0x00002925      0x38d src/ASF/thirdparty/wireless/avr2130_lwmesh/source/nwk/src/nwkRx.o
 .debug_abbrev  0x00002cb2      0x276 src/ASF/thirdparty/wireless/avr2130_lwmesh/source/nwk/src/nwkSecurity.o
 .debug_abbrev  0x00002f28      0x338 src/ASF/thirdparty/wireless/avr2130_lwmesh/source/nwk/src/nwkTx.o
 .debug_abbrev  0x00003260      0x319 src/ASF/thirdparty/wireless/avr2130_lwmesh/source/phy/atmegarfr2/src/phy.o
 .debug_abbrev  0x00003579       0xdc src/ASF/thirdparty/wireless/avr2130_lwmesh/source/sys/src/sys.o
 .debug_abbrev  0x00003655       0xb3 src/ASF/thirdparty/wireless/avr2130_lwmesh/source/sys/src/sysEncrypt.o
 .debug_abbrev  0x00003708      0x211 src/ASF/thirdparty/wireless/avr2130_lwmesh/source/sys/src/sysTimer.o
 .debug_abbrev  0x00003919      0x21b src/ASF/thirdparty/wireless/services/common_hw_timer/mega/hw_timer.o
 .debug_abbrev  0x00003b34      0x1d3 src/ASF/thirdparty/wireless/services/mega/drivers/tc/tc_megarf.o
 .debug_abbrev  0x00003d07      0x146 src/ASF/thirdparty/wireless/services/sal/atmegarf_sal/src/sal.o
 .debug_abbrev  0x00003e4d      0x400 src/Peer2Peer.o
 .debug_abbrev  0x0000424d      0x117 ../src/ASF/thirdparty/wireless/services/common_hw_timer/mega/lib\libmegarfr2_lib_hw_timer.a(common_hw_timer.o)

.debug_line     0x00000000     0x9f1a
 *(.debug_line .debug_line.* .debug_line_end)
 .debug_line    0x00000000      0x271 C:/Program Files (x86)/Atmel/Studio/7.0/Packs/atmel/ATmega_DFP/1.3.300/gcc/dev/atmega256rfr2/avr6/crtatmega256rfr2.o
 .debug_line    0x00000271      0x71f src/spi.o
 .debug_line    0x00000990      0x58b src/ASF/common/services/clock/mega/sysclk.o
 .debug_line    0x00000f1b      0x5e2 src/ASF/common/services/serial/usart_serial.o
 .debug_line    0x000014fd      0x32e src/ASF/common/utils/stdio/read.o
 .debug_line    0x0000182b      0x335 src/ASF/common/utils/stdio/write.o
 .debug_line    0x00001b60      0x479 src/ASF/mega/boards/atmega256rfr2_xplained_pro/init.o
 .debug_line    0x00001fd9      0x7d6 src/ASF/mega/drivers/usart/usart_megarf.o
 .debug_line    0x000027af      0x95a src/ASF/thirdparty/wireless/addons/sio2host/uart/sio2host.o
 .debug_line    0x00003109      0x647 src/ASF/thirdparty/wireless/avr2130_lwmesh/source/nwk/src/nwk.o
 .debug_line    0x00003750      0x5b0 src/ASF/thirdparty/wireless/avr2130_lwmesh/source/nwk/src/nwkDataReq.o
 .debug_line    0x00003d00      0x520 src/ASF/thirdparty/wireless/avr2130_lwmesh/source/nwk/src/nwkFrame.o
 .debug_line    0x00004220      0x80f src/ASF/thirdparty/wireless/avr2130_lwmesh/source/nwk/src/nwkRoute.o
 .debug_line    0x00004a2f      0x891 src/ASF/thirdparty/wireless/avr2130_lwmesh/source/nwk/src/nwkRx.o
 .debug_line    0x000052c0      0x611 src/ASF/thirdparty/wireless/avr2130_lwmesh/source/nwk/src/nwkSecurity.o
 .debug_line    0x000058d1      0x865 src/ASF/thirdparty/wireless/avr2130_lwmesh/source/nwk/src/nwkTx.o
 .debug_line    0x00006136      0xa82 src/ASF/thirdparty/wireless/avr2130_lwmesh/source/phy/atmegarfr2/src/phy.o
 .debug_line    0x00006bb8      0x8f3 src/ASF/thirdparty/wireless/avr2130_lwmesh/source/sys/src/sys.o
 .debug_line    0x000074ab      0x242 src/ASF/thirdparty/wireless/avr2130_lwmesh/source/sys/src/sysEncrypt.o
 .debug_line    0x000076ed      0x639 src/ASF/thirdparty/wireless/avr2130_lwmesh/source/sys/src/sysTimer.o
 .debug_line    0x00007d26      0x71d src/ASF/thirdparty/wireless/services/common_hw_timer/mega/hw_timer.o
 .debug_line    0x00008443      0x9f7 src/ASF/thirdparty/wireless/services/mega/drivers/tc/tc_megarf.o
 .debug_line    0x00008e3a      0x396 src/ASF/thirdparty/wireless/services/sal/atmegarf_sal/src/sal.o
 .debug_line    0x000091d0      0xc05 src/Peer2Peer.o
 .debug_line    0x00009dd5      0x145 ../src/ASF/thirdparty/wireless/services/common_hw_timer/mega/lib\libmegarfr2_lib_hw_timer.a(common_hw_timer.o)

.debug_frame    0x00000000     0x1690
 *(.debug_frame)
 .debug_frame   0x00000000       0x34 src/spi.o
 .debug_frame   0x00000034       0x74 src/ASF/common/services/clock/mega/sysclk.o
 .debug_frame   0x000000a8       0x74 src/ASF/common/services/serial/usart_serial.o
 .debug_frame   0x0000011c       0x34 src/ASF/common/utils/stdio/read.o
 .debug_frame   0x00000150       0x24 src/ASF/common/utils/stdio/write.o
 .debug_frame   0x00000174       0x24 src/ASF/mega/boards/atmega256rfr2_xplained_pro/init.o
 .debug_frame   0x00000198      0x11c src/ASF/mega/drivers/usart/usart_megarf.o
 .debug_frame   0x000002b4      0x1a0 src/ASF/thirdparty/wireless/addons/sio2host/uart/sio2host.o
 .debug_frame   0x00000454       0xd4 src/ASF/thirdparty/wireless/avr2130_lwmesh/source/nwk/src/nwk.o
 .debug_frame   0x00000528       0x68 src/ASF/thirdparty/wireless/avr2130_lwmesh/source/nwk/src/nwkDataReq.o
 .debug_frame   0x00000590       0x64 src/ASF/thirdparty/wireless/avr2130_lwmesh/source/nwk/src/nwkFrame.o
 .debug_frame   0x000005f4      0x174 src/ASF/thirdparty/wireless/avr2130_lwmesh/source/nwk/src/nwkRoute.o
 .debug_frame   0x00000768       0xf0 src/ASF/thirdparty/wireless/avr2130_lwmesh/source/nwk/src/nwkRx.o
 .debug_frame   0x00000858       0x84 src/ASF/thirdparty/wireless/avr2130_lwmesh/source/nwk/src/nwkSecurity.o
 .debug_frame   0x000008dc      0x154 src/ASF/thirdparty/wireless/avr2130_lwmesh/source/nwk/src/nwkTx.o
 .debug_frame   0x00000a30      0x1bc src/ASF/thirdparty/wireless/avr2130_lwmesh/source/phy/atmegarfr2/src/phy.o
 .debug_frame   0x00000bec       0x34 src/ASF/thirdparty/wireless/avr2130_lwmesh/source/sys/src/sys.o
 .debug_frame   0x00000c20       0x24 src/ASF/thirdparty/wireless/avr2130_lwmesh/source/sys/src/sysEncrypt.o
 .debug_frame   0x00000c44       0xe0 src/ASF/thirdparty/wireless/avr2130_lwmesh/source/sys/src/sysTimer.o
 .debug_frame   0x00000d24       0xe0 src/ASF/thirdparty/wireless/services/common_hw_timer/mega/hw_timer.o
 .debug_frame   0x00000e04      0x624 src/ASF/thirdparty/wireless/services/mega/drivers/tc/tc_megarf.o
 .debug_frame   0x00001428       0x90 src/ASF/thirdparty/wireless/services/sal/atmegarf_sal/src/sal.o
 .debug_frame   0x000014b8      0x110 src/Peer2Peer.o
 .debug_frame   0x000015c8       0xc8 ../src/ASF/thirdparty/wireless/services/common_hw_timer/mega/lib\libmegarfr2_lib_hw_timer.a(common_hw_timer.o)

.debug_str      0x00000000    0x1ced6
 *(.debug_str)
 .debug_str     0x00000000      0x7f7 C:/Program Files (x86)/Atmel/Studio/7.0/Packs/atmel/ATmega_DFP/1.3.300/gcc/dev/atmega256rfr2/avr6/crtatmega256rfr2.o
 .debug_str     0x000007f7    0x17bc0 src/spi.o
                              0x17e54 (size before relaxing)
 .debug_str     0x000183b7       0x95 src/ASF/common/services/clock/mega/sysclk.o
                              0x16ff9 (size before relaxing)
 .debug_str     0x0001844c      0x21a src/ASF/common/services/serial/usart_serial.o
                              0x17707 (size before relaxing)
 .debug_str     0x00018666       0x25 src/ASF/common/utils/stdio/read.o
                              0x15d48 (size before relaxing)
 .debug_str     0x0001868b       0x2d src/ASF/common/utils/stdio/write.o
                              0x15d4a (size before relaxing)
 .debug_str     0x000186b8      0x170 src/ASF/mega/boards/atmega256rfr2_xplained_pro/init.o
                              0x16d1e (size before relaxing)
 .debug_str     0x00018828      0x3c1 src/ASF/mega/drivers/usart/usart_megarf.o
                              0x17ba4 (size before relaxing)
 .debug_str     0x00018be9      0x316 src/ASF/thirdparty/wireless/addons/sio2host/uart/sio2host.o
                              0x183b6 (size before relaxing)
 .debug_str     0x00018eff      0x762 src/ASF/thirdparty/wireless/avr2130_lwmesh/source/nwk/src/nwk.o
                              0x164ba (size before relaxing)
 .debug_str     0x00019661      0x36c src/ASF/thirdparty/wireless/avr2130_lwmesh/source/nwk/src/nwkDataReq.o
                              0x16653 (size before relaxing)
 .debug_str     0x000199cd       0x8d src/ASF/thirdparty/wireless/avr2130_lwmesh/source/nwk/src/nwkFrame.o
                              0x164e6 (size before relaxing)
 .debug_str     0x00019a5a      0x269 src/ASF/thirdparty/wireless/avr2130_lwmesh/source/nwk/src/nwkRoute.o
                              0x165da (size before relaxing)
 .debug_str     0x00019cc3      0x446 src/ASF/thirdparty/wireless/avr2130_lwmesh/source/nwk/src/nwkRx.o
                              0x169ae (size before relaxing)
 .debug_str     0x0001a109      0x1fe src/ASF/thirdparty/wireless/avr2130_lwmesh/source/nwk/src/nwkSecurity.o
                              0x16608 (size before relaxing)
 .debug_str     0x0001a307      0x252 src/ASF/thirdparty/wireless/avr2130_lwmesh/source/nwk/src/nwkTx.o
                              0x168d5 (size before relaxing)
 .debug_str     0x0001a559     0x1781 src/ASF/thirdparty/wireless/avr2130_lwmesh/source/phy/atmegarfr2/src/phy.o
                              0x18b0e (size before relaxing)
 .debug_str     0x0001bcda       0x91 src/ASF/thirdparty/wireless/avr2130_lwmesh/source/sys/src/sys.o
                              0x182f8 (size before relaxing)
 .debug_str     0x0001bd6b       0x4a src/ASF/thirdparty/wireless/avr2130_lwmesh/source/sys/src/sysEncrypt.o
                               0x3915 (size before relaxing)
 .debug_str     0x0001bdb5      0x11d src/ASF/thirdparty/wireless/avr2130_lwmesh/source/sys/src/sysTimer.o
                              0x15f4e (size before relaxing)
 .debug_str     0x0001bed2      0x40a src/ASF/thirdparty/wireless/services/common_hw_timer/mega/hw_timer.o
                              0x17450 (size before relaxing)
 .debug_str     0x0001c2dc      0x2f1 src/ASF/thirdparty/wireless/services/mega/drivers/tc/tc_megarf.o
                              0x17366 (size before relaxing)
 .debug_str     0x0001c5cd      0x363 src/ASF/thirdparty/wireless/services/sal/atmegarf_sal/src/sal.o
                               0x3afb (size before relaxing)
 .debug_str     0x0001c930      0x41f src/Peer2Peer.o
                              0x189f0 (size before relaxing)
 .debug_str     0x0001cd4f      0x187 ../src/ASF/thirdparty/wireless/services/common_hw_timer/mega/lib\libmegarfr2_lib_hw_timer.a(common_hw_timer.o)
                                0x2a0 (size before relaxing)

.debug_loc      0x00000000     0x577f
 *(.debug_loc)
 .debug_loc     0x00000000       0x1f src/spi.o
 .debug_loc     0x0000001f      0x1f2 src/ASF/common/services/clock/mega/sysclk.o
 .debug_loc     0x00000211      0x273 src/ASF/common/services/serial/usart_serial.o
 .debug_loc     0x00000484       0x6e src/ASF/common/utils/stdio/read.o
 .debug_loc     0x000004f2       0x52 src/ASF/common/utils/stdio/write.o
 .debug_loc     0x00000544       0x51 src/ASF/mega/boards/atmega256rfr2_xplained_pro/init.o
 .debug_loc     0x00000595      0xca3 src/ASF/mega/drivers/usart/usart_megarf.o
 .debug_loc     0x00001238      0x50d src/ASF/thirdparty/wireless/addons/sio2host/uart/sio2host.o
 .debug_loc     0x00001745      0x14d src/ASF/thirdparty/wireless/avr2130_lwmesh/source/nwk/src/nwk.o
 .debug_loc     0x00001892      0x137 src/ASF/thirdparty/wireless/avr2130_lwmesh/source/nwk/src/nwkDataReq.o
 .debug_loc     0x000019c9      0x11e src/ASF/thirdparty/wireless/avr2130_lwmesh/source/nwk/src/nwkFrame.o
 .debug_loc     0x00001ae7      0x875 src/ASF/thirdparty/wireless/avr2130_lwmesh/source/nwk/src/nwkRoute.o
 .debug_loc     0x0000235c      0x543 src/ASF/thirdparty/wireless/avr2130_lwmesh/source/nwk/src/nwkRx.o
 .debug_loc     0x0000289f      0x186 src/ASF/thirdparty/wireless/avr2130_lwmesh/source/nwk/src/nwkSecurity.o
 .debug_loc     0x00002a25      0x691 src/ASF/thirdparty/wireless/avr2130_lwmesh/source/nwk/src/nwkTx.o
 .debug_loc     0x000030b6      0x571 src/ASF/thirdparty/wireless/avr2130_lwmesh/source/phy/atmegarfr2/src/phy.o
 .debug_loc     0x00003627       0x4c src/ASF/thirdparty/wireless/avr2130_lwmesh/source/sys/src/sysEncrypt.o
 .debug_loc     0x00003673      0x442 src/ASF/thirdparty/wireless/avr2130_lwmesh/source/sys/src/sysTimer.o
 .debug_loc     0x00003ab5      0x1ec src/ASF/thirdparty/wireless/services/common_hw_timer/mega/hw_timer.o
 .debug_loc     0x00003ca1     0x131a src/ASF/thirdparty/wireless/services/mega/drivers/tc/tc_megarf.o
 .debug_loc     0x00004fbb      0x340 src/ASF/thirdparty/wireless/services/sal/atmegarf_sal/src/sal.o
 .debug_loc     0x000052fb      0x316 src/Peer2Peer.o
 .debug_loc     0x00005611      0x16e ../src/ASF/thirdparty/wireless/services/common_hw_timer/mega/lib\libmegarfr2_lib_hw_timer.a(common_hw_timer.o)

.debug_macinfo
 *(.debug_macinfo)

.debug_weaknames
 *(.debug_weaknames)

.debug_funcnames
 *(.debug_funcnames)

.debug_typenames
 *(.debug_typenames)

.debug_varnames
 *(.debug_varnames)

.debug_pubtypes
 *(.debug_pubtypes)

.debug_ranges   0x00000000      0x768
 *(.debug_ranges)
 .debug_ranges  0x00000000       0x18 src/spi.o
 .debug_ranges  0x00000018       0x20 src/ASF/common/services/clock/mega/sysclk.o
 .debug_ranges  0x00000038       0x18 src/ASF/common/services/serial/usart_serial.o
 .debug_ranges  0x00000050       0x10 src/ASF/common/utils/stdio/read.o
 .debug_ranges  0x00000060       0x10 src/ASF/common/utils/stdio/write.o
 .debug_ranges  0x00000070       0x10 src/ASF/mega/boards/atmega256rfr2_xplained_pro/init.o
 .debug_ranges  0x00000080       0x78 src/ASF/mega/drivers/usart/usart_megarf.o
 .debug_ranges  0x000000f8       0x68 src/ASF/thirdparty/wireless/addons/sio2host/uart/sio2host.o
 .debug_ranges  0x00000160       0x60 src/ASF/thirdparty/wireless/avr2130_lwmesh/source/nwk/src/nwk.o
 .debug_ranges  0x000001c0       0x28 src/ASF/thirdparty/wireless/avr2130_lwmesh/source/nwk/src/nwkDataReq.o
 .debug_ranges  0x000001e8       0x30 src/ASF/thirdparty/wireless/avr2130_lwmesh/source/nwk/src/nwkFrame.o
 .debug_ranges  0x00000218       0x88 src/ASF/thirdparty/wireless/avr2130_lwmesh/source/nwk/src/nwkRoute.o
 .debug_ranges  0x000002a0       0xd8 src/ASF/thirdparty/wireless/avr2130_lwmesh/source/nwk/src/nwkRx.o
 .debug_ranges  0x00000378       0x30 src/ASF/thirdparty/wireless/avr2130_lwmesh/source/nwk/src/nwkSecurity.o
 .debug_ranges  0x000003a8       0x70 src/ASF/thirdparty/wireless/avr2130_lwmesh/source/nwk/src/nwkTx.o
 .debug_ranges  0x00000418       0xa0 src/ASF/thirdparty/wireless/avr2130_lwmesh/source/phy/atmegarfr2/src/phy.o
 .debug_ranges  0x000004b8       0x18 src/ASF/thirdparty/wireless/avr2130_lwmesh/source/sys/src/sys.o
 .debug_ranges  0x000004d0       0x10 src/ASF/thirdparty/wireless/avr2130_lwmesh/source/sys/src/sysEncrypt.o
 .debug_ranges  0x000004e0       0x78 src/ASF/thirdparty/wireless/avr2130_lwmesh/source/sys/src/sysTimer.o
 .debug_ranges  0x00000558       0x60 src/ASF/thirdparty/wireless/services/common_hw_timer/mega/hw_timer.o
 .debug_ranges  0x000005b8       0xb8 src/ASF/thirdparty/wireless/services/mega/drivers/tc/tc_megarf.o
 .debug_ranges  0x00000670       0x38 src/ASF/thirdparty/wireless/services/sal/atmegarf_sal/src/sal.o
 .debug_ranges  0x000006a8       0xc0 src/Peer2Peer.o

.debug_macro    0x00000000     0x982b
 *(.debug_macro)
 .debug_macro   0x00000000      0x23f src/spi.o
 .debug_macro   0x0000023f      0xa84 src/spi.o
 .debug_macro   0x00000cc3       0x10 src/spi.o
 .debug_macro   0x00000cd3      0x1c9 src/spi.o
 .debug_macro   0x00000e9c      0x2fc src/spi.o
 .debug_macro   0x00001198       0x9e src/spi.o
 .debug_macro   0x00001236     0x37d1 src/spi.o
 .debug_macro   0x00004a07      0x219 src/spi.o
 .debug_macro   0x00004c20       0xd9 src/spi.o
 .debug_macro   0x00004cf9       0x34 src/spi.o
 .debug_macro   0x00004d2d       0x18 src/spi.o
 .debug_macro   0x00004d45       0x6c src/spi.o
 .debug_macro   0x00004db1       0x22 src/spi.o
 .debug_macro   0x00004dd3      0x16d src/spi.o
 .debug_macro   0x00004f40       0x1c src/spi.o
 .debug_macro   0x00004f5c       0x35 src/spi.o
 .debug_macro   0x00004f91       0x66 src/spi.o
 .debug_macro   0x00004ff7      0x708 src/spi.o
 .debug_macro   0x000056ff       0x43 src/spi.o
 .debug_macro   0x00005742       0x69 src/spi.o
 .debug_macro   0x000057ab       0x31 src/spi.o
 .debug_macro   0x000057dc       0x10 src/spi.o
 .debug_macro   0x000057ec      0x175 src/spi.o
 .debug_macro   0x00005961       0x40 src/spi.o
 .debug_macro   0x000059a1      0x100 src/spi.o
 .debug_macro   0x00005aa1       0x22 src/spi.o
 .debug_macro   0x00005ac3       0x3a src/spi.o
 .debug_macro   0x00005afd      0x2d8 src/spi.o
 .debug_macro   0x00005dd5       0x6e src/spi.o
 .debug_macro   0x00005e43       0x40 src/spi.o
 .debug_macro   0x00005e83       0x16 src/spi.o
 .debug_macro   0x00005e99       0x34 src/spi.o
 .debug_macro   0x00005ecd       0xc9 src/spi.o
 .debug_macro   0x00005f96       0x28 src/spi.o
 .debug_macro   0x00005fbe       0x22 src/spi.o
 .debug_macro   0x00005fe0       0x58 src/spi.o
 .debug_macro   0x00006038       0x10 src/spi.o
 .debug_macro   0x00006048       0xf2 src/spi.o
 .debug_macro   0x0000613a      0x1ca src/spi.o
 .debug_macro   0x00006304       0x16 src/spi.o
 .debug_macro   0x0000631a       0x34 src/spi.o
 .debug_macro   0x0000634e      0x191 src/ASF/common/services/clock/mega/sysclk.o
 .debug_macro   0x000064df      0x1c2 src/ASF/common/services/serial/usart_serial.o
 .debug_macro   0x000066a1      0x11b src/ASF/common/utils/stdio/read.o
 .debug_macro   0x000067bc      0x11b src/ASF/common/utils/stdio/write.o
 .debug_macro   0x000068d7      0x17f src/ASF/mega/boards/atmega256rfr2_xplained_pro/init.o
 .debug_macro   0x00006a56      0x2d2 src/ASF/mega/boards/atmega256rfr2_xplained_pro/init.o
 .debug_macro   0x00006d28      0x1a4 src/ASF/mega/drivers/usart/usart_megarf.o
 .debug_macro   0x00006ecc      0x302 src/ASF/mega/drivers/usart/usart_megarf.o
 .debug_macro   0x000071ce      0x1c4 src/ASF/mega/drivers/usart/usart_megarf.o
 .debug_macro   0x00007392      0x23f src/ASF/thirdparty/wireless/addons/sio2host/uart/sio2host.o
 .debug_macro   0x000075d1       0x3a src/ASF/thirdparty/wireless/addons/sio2host/uart/sio2host.o
 .debug_macro   0x0000760b      0x1c5 src/ASF/thirdparty/wireless/avr2130_lwmesh/source/nwk/src/nwk.o
 .debug_macro   0x000077d0      0x10e src/ASF/thirdparty/wireless/avr2130_lwmesh/source/nwk/src/nwk.o
 .debug_macro   0x000078de       0x16 src/ASF/thirdparty/wireless/avr2130_lwmesh/source/nwk/src/nwk.o
 .debug_macro   0x000078f4       0x20 src/ASF/thirdparty/wireless/avr2130_lwmesh/source/nwk/src/nwk.o
 .debug_macro   0x00007914       0x1c src/ASF/thirdparty/wireless/avr2130_lwmesh/source/nwk/src/nwk.o
 .debug_macro   0x00007930       0x6a src/ASF/thirdparty/wireless/avr2130_lwmesh/source/nwk/src/nwk.o
 .debug_macro   0x0000799a       0x16 src/ASF/thirdparty/wireless/avr2130_lwmesh/source/nwk/src/nwk.o
 .debug_macro   0x000079b0       0x86 src/ASF/thirdparty/wireless/avr2130_lwmesh/source/nwk/src/nwk.o
 .debug_macro   0x00007a36       0x16 src/ASF/thirdparty/wireless/avr2130_lwmesh/source/nwk/src/nwk.o
 .debug_macro   0x00007a4c       0x1c src/ASF/thirdparty/wireless/avr2130_lwmesh/source/nwk/src/nwk.o
 .debug_macro   0x00007a68       0x1c src/ASF/thirdparty/wireless/avr2130_lwmesh/source/nwk/src/nwk.o
 .debug_macro   0x00007a84      0x1b0 src/ASF/thirdparty/wireless/avr2130_lwmesh/source/nwk/src/nwkDataReq.o
 .debug_macro   0x00007c34       0x10 src/ASF/thirdparty/wireless/avr2130_lwmesh/source/nwk/src/nwkDataReq.o
 .debug_macro   0x00007c44      0x19e src/ASF/thirdparty/wireless/avr2130_lwmesh/source/nwk/src/nwkFrame.o
 .debug_macro   0x00007de2      0x1bc src/ASF/thirdparty/wireless/avr2130_lwmesh/source/nwk/src/nwkRoute.o
 .debug_macro   0x00007f9e      0x1f0 src/ASF/thirdparty/wireless/avr2130_lwmesh/source/nwk/src/nwkRx.o
 .debug_macro   0x0000818e      0x1b6 src/ASF/thirdparty/wireless/avr2130_lwmesh/source/nwk/src/nwkSecurity.o
 .debug_macro   0x00008344      0x1de src/ASF/thirdparty/wireless/avr2130_lwmesh/source/nwk/src/nwkTx.o
 .debug_macro   0x00008522      0x1f4 src/ASF/thirdparty/wireless/avr2130_lwmesh/source/phy/atmegarfr2/src/phy.o
 .debug_macro   0x00008716       0x16 src/ASF/thirdparty/wireless/avr2130_lwmesh/source/phy/atmegarfr2/src/phy.o
 .debug_macro   0x0000872c       0x28 src/ASF/thirdparty/wireless/avr2130_lwmesh/source/phy/atmegarfr2/src/phy.o
 .debug_macro   0x00008754       0x16 src/ASF/thirdparty/wireless/avr2130_lwmesh/source/phy/atmegarfr2/src/phy.o
 .debug_macro   0x0000876a       0x23 src/ASF/thirdparty/wireless/avr2130_lwmesh/source/phy/atmegarfr2/src/phy.o
 .debug_macro   0x0000878d      0x27e src/ASF/thirdparty/wireless/avr2130_lwmesh/source/phy/atmegarfr2/src/phy.o
 .debug_macro   0x00008a0b      0x2d4 src/ASF/thirdparty/wireless/avr2130_lwmesh/source/sys/src/sys.o
 .debug_macro   0x00008cdf       0x28 src/ASF/thirdparty/wireless/avr2130_lwmesh/source/sys/src/sys.o
 .debug_macro   0x00008d07       0x6f src/ASF/thirdparty/wireless/avr2130_lwmesh/source/sys/src/sysEncrypt.o
 .debug_macro   0x00008d76       0x97 src/ASF/thirdparty/wireless/avr2130_lwmesh/source/sys/src/sysEncrypt.o
 .debug_macro   0x00008e0d       0x16 src/ASF/thirdparty/wireless/avr2130_lwmesh/source/sys/src/sysEncrypt.o
 .debug_macro   0x00008e23      0x13d src/ASF/thirdparty/wireless/avr2130_lwmesh/source/sys/src/sysTimer.o
 .debug_macro   0x00008f60       0x10 src/ASF/thirdparty/wireless/avr2130_lwmesh/source/sys/src/sysTimer.o
 .debug_macro   0x00008f70      0x1c6 src/ASF/thirdparty/wireless/services/common_hw_timer/mega/hw_timer.o
 .debug_macro   0x00009136       0x10 src/ASF/thirdparty/wireless/services/common_hw_timer/mega/hw_timer.o
 .debug_macro   0x00009146      0x19e src/ASF/thirdparty/wireless/services/mega/drivers/tc/tc_megarf.o
 .debug_macro   0x000092e4       0xfe src/ASF/thirdparty/wireless/services/sal/atmegarf_sal/src/sal.o
 .debug_macro   0x000093e2      0x383 src/Peer2Peer.o
 .debug_macro   0x00009765       0x1c src/Peer2Peer.o
 .debug_macro   0x00009781       0xaa src/Peer2Peer.o
OUTPUT(Wireless_with_spi_rx.elf elf32-avr)
LOAD linker stubs
