Archive member included to satisfy reference by file (symbol)

c:/program files (x86)/atmel/studio/7.0/toolchain/avr8/avr8-gnu-toolchain/bin/../lib/gcc/avr/5.4.0/avr6\libgcc.a(_udivmodsi4.o)
                              src/ASF/mega/drivers/usart/usart_megarf.o (__udivmodsi4)
c:/program files (x86)/atmel/studio/7.0/toolchain/avr8/avr8-gnu-toolchain/bin/../lib/gcc/avr/5.4.0/avr6\libgcc.a(_exit.o)
                              C:/Program Files (x86)/Atmel/Studio/7.0/Packs/atmel/ATmega_DFP/1.3.300/gcc/dev/atmega256rfr2/avr6/crtatmega256rfr2.o (exit)
c:/program files (x86)/atmel/studio/7.0/toolchain/avr8/avr8-gnu-toolchain/bin/../lib/gcc/avr/5.4.0/avr6\libgcc.a(_copy_data.o)
                              src/ASF/thirdparty/wireless/addons/sio2host/uart/sio2host.o (__do_copy_data)
c:/program files (x86)/atmel/studio/7.0/toolchain/avr8/avr8-gnu-toolchain/bin/../lib/gcc/avr/5.4.0/avr6\libgcc.a(_clear_bss.o)
                              src/ASF/common/utils/stdio/read.o (__do_clear_bss)
c:/program files (x86)/atmel/studio/7.0/toolchain/avr8/avr8-gnu-toolchain/bin/../lib/gcc/avr/5.4.0/../../../../avr/lib/avr6\libc.a(fdevopen.o)
                              src/ASF/thirdparty/wireless/addons/sio2host/uart/sio2host.o (fdevopen)
c:/program files (x86)/atmel/studio/7.0/toolchain/avr8/avr8-gnu-toolchain/bin/../lib/gcc/avr/5.4.0/../../../../avr/lib/avr6\libc.a(iob.o)
                              c:/program files (x86)/atmel/studio/7.0/toolchain/avr8/avr8-gnu-toolchain/bin/../lib/gcc/avr/5.4.0/../../../../avr/lib/avr6\libc.a(fdevopen.o) (__iob)
c:/program files (x86)/atmel/studio/7.0/toolchain/avr8/avr8-gnu-toolchain/bin/../lib/gcc/avr/5.4.0/../../../../avr/lib/avr6\libc.a(calloc.o)
                              c:/program files (x86)/atmel/studio/7.0/toolchain/avr8/avr8-gnu-toolchain/bin/../lib/gcc/avr/5.4.0/../../../../avr/lib/avr6\libc.a(fdevopen.o) (calloc)
c:/program files (x86)/atmel/studio/7.0/toolchain/avr8/avr8-gnu-toolchain/bin/../lib/gcc/avr/5.4.0/../../../../avr/lib/avr6\libc.a(malloc.o)
                              c:/program files (x86)/atmel/studio/7.0/toolchain/avr8/avr8-gnu-toolchain/bin/../lib/gcc/avr/5.4.0/../../../../avr/lib/avr6\libc.a(calloc.o) (malloc)
c:/program files (x86)/atmel/studio/7.0/toolchain/avr8/avr8-gnu-toolchain/bin/../lib/gcc/avr/5.4.0/../../../../avr/lib/avr6\libc.a(memset.o)
                              c:/program files (x86)/atmel/studio/7.0/toolchain/avr8/avr8-gnu-toolchain/bin/../lib/gcc/avr/5.4.0/../../../../avr/lib/avr6\libc.a(calloc.o) (memset)

Allocating common symbols
Common symbol       size              file

ptr_get             0x2               src/ASF/common/utils/stdio/read.o
__brkval            0x2               c:/program files (x86)/atmel/studio/7.0/toolchain/avr8/avr8-gnu-toolchain/bin/../lib/gcc/avr/5.4.0/../../../../avr/lib/avr6\libc.a(malloc.o)
ptr_put             0x2               src/ASF/common/utils/stdio/write.o
stdio_base          0x2               src/ASF/common/utils/stdio/write.o
button_down         0x1               src/main.o
__flp               0x2               c:/program files (x86)/atmel/studio/7.0/toolchain/avr8/avr8-gnu-toolchain/bin/../lib/gcc/avr/5.4.0/../../../../avr/lib/avr6\libc.a(malloc.o)
__iob               0x6               c:/program files (x86)/atmel/studio/7.0/toolchain/avr8/avr8-gnu-toolchain/bin/../lib/gcc/avr/5.4.0/../../../../avr/lib/avr6\libc.a(iob.o)

Discarded input sections

 .data          0x00000000        0x0 C:/Program Files (x86)/Atmel/Studio/7.0/Packs/atmel/ATmega_DFP/1.3.300/gcc/dev/atmega256rfr2/avr6/crtatmega256rfr2.o
 .bss           0x00000000        0x0 C:/Program Files (x86)/Atmel/Studio/7.0/Packs/atmel/ATmega_DFP/1.3.300/gcc/dev/atmega256rfr2/avr6/crtatmega256rfr2.o
 .group         0x00000000        0x8 src/ASF/common/services/clock/mega/sysclk.o
 .group         0x00000000        0x8 src/ASF/common/services/clock/mega/sysclk.o
 .group         0x00000000        0x8 src/ASF/common/services/clock/mega/sysclk.o
 .group         0x00000000        0x8 src/ASF/common/services/clock/mega/sysclk.o
 .group         0x00000000        0x8 src/ASF/common/services/clock/mega/sysclk.o
 .group         0x00000000        0x8 src/ASF/common/services/clock/mega/sysclk.o
 .group         0x00000000        0x8 src/ASF/common/services/clock/mega/sysclk.o
 .group         0x00000000        0x8 src/ASF/common/services/clock/mega/sysclk.o
 .group         0x00000000        0x8 src/ASF/common/services/clock/mega/sysclk.o
 .group         0x00000000        0x8 src/ASF/common/services/clock/mega/sysclk.o
 .group         0x00000000        0x8 src/ASF/common/services/clock/mega/sysclk.o
 .group         0x00000000        0x8 src/ASF/common/services/clock/mega/sysclk.o
 .group         0x00000000        0x8 src/ASF/common/services/clock/mega/sysclk.o
 .group         0x00000000        0x8 src/ASF/common/services/clock/mega/sysclk.o
 .group         0x00000000        0x8 src/ASF/common/services/clock/mega/sysclk.o
 .group         0x00000000        0x8 src/ASF/common/services/clock/mega/sysclk.o
 .group         0x00000000        0x8 src/ASF/common/services/clock/mega/sysclk.o
 .group         0x00000000        0x8 src/ASF/common/services/clock/mega/sysclk.o
 .group         0x00000000        0x8 src/ASF/common/services/clock/mega/sysclk.o
 .group         0x00000000        0x8 src/ASF/common/services/clock/mega/sysclk.o
 .group         0x00000000        0x8 src/ASF/common/services/clock/mega/sysclk.o
 .group         0x00000000        0x8 src/ASF/common/services/clock/mega/sysclk.o
 .group         0x00000000        0x8 src/ASF/common/services/clock/mega/sysclk.o
 .group         0x00000000        0x8 src/ASF/common/services/clock/mega/sysclk.o
 .group         0x00000000        0x8 src/ASF/common/services/clock/mega/sysclk.o
 .group         0x00000000        0x8 src/ASF/common/services/clock/mega/sysclk.o
 .group         0x00000000        0x8 src/ASF/common/services/clock/mega/sysclk.o
 .group         0x00000000        0x8 src/ASF/common/services/clock/mega/sysclk.o
 .group         0x00000000        0x8 src/ASF/common/services/clock/mega/sysclk.o
 .group         0x00000000        0x8 src/ASF/common/services/clock/mega/sysclk.o
 .group         0x00000000        0x8 src/ASF/common/services/clock/mega/sysclk.o
 .text          0x00000000        0x0 src/ASF/common/services/clock/mega/sysclk.o
 .data          0x00000000        0x0 src/ASF/common/services/clock/mega/sysclk.o
 .bss           0x00000000        0x0 src/ASF/common/services/clock/mega/sysclk.o
 .text.sysclk_disable_module
                0x00000000       0x2e src/ASF/common/services/clock/mega/sysclk.o
 .group         0x00000000        0x8 src/ASF/common/utils/stdio/read.o
 .group         0x00000000        0x8 src/ASF/common/utils/stdio/read.o
 .group         0x00000000        0x8 src/ASF/common/utils/stdio/read.o
 .group         0x00000000        0x8 src/ASF/common/utils/stdio/read.o
 .group         0x00000000        0x8 src/ASF/common/utils/stdio/read.o
 .group         0x00000000        0x8 src/ASF/common/utils/stdio/read.o
 .group         0x00000000        0x8 src/ASF/common/utils/stdio/read.o
 .group         0x00000000        0x8 src/ASF/common/utils/stdio/read.o
 .group         0x00000000        0x8 src/ASF/common/utils/stdio/read.o
 .group         0x00000000        0x8 src/ASF/common/utils/stdio/read.o
 .group         0x00000000        0x8 src/ASF/common/utils/stdio/read.o
 .group         0x00000000        0x8 src/ASF/common/utils/stdio/read.o
 .group         0x00000000        0x8 src/ASF/common/utils/stdio/read.o
 .group         0x00000000        0x8 src/ASF/common/utils/stdio/read.o
 .group         0x00000000        0x8 src/ASF/common/utils/stdio/read.o
 .group         0x00000000        0x8 src/ASF/common/utils/stdio/read.o
 .group         0x00000000        0x8 src/ASF/common/utils/stdio/read.o
 .group         0x00000000        0x8 src/ASF/common/utils/stdio/read.o
 .group         0x00000000        0x8 src/ASF/common/utils/stdio/read.o
 .group         0x00000000        0x8 src/ASF/common/utils/stdio/read.o
 .group         0x00000000        0x8 src/ASF/common/utils/stdio/read.o
 .group         0x00000000        0x8 src/ASF/common/utils/stdio/read.o
 .group         0x00000000        0x8 src/ASF/common/utils/stdio/read.o
 .group         0x00000000        0x8 src/ASF/common/utils/stdio/read.o
 .text          0x00000000        0x0 src/ASF/common/utils/stdio/read.o
 .data          0x00000000        0x0 src/ASF/common/utils/stdio/read.o
 .bss           0x00000000        0x0 src/ASF/common/utils/stdio/read.o
 .debug_macro   0x00000000      0xa78 src/ASF/common/utils/stdio/read.o
 .debug_macro   0x00000000       0x10 src/ASF/common/utils/stdio/read.o
 .debug_macro   0x00000000      0x1c9 src/ASF/common/utils/stdio/read.o
 .debug_macro   0x00000000      0x2fc src/ASF/common/utils/stdio/read.o
 .debug_macro   0x00000000       0x9e src/ASF/common/utils/stdio/read.o
 .debug_macro   0x00000000     0x37d1 src/ASF/common/utils/stdio/read.o
 .debug_macro   0x00000000      0x219 src/ASF/common/utils/stdio/read.o
 .debug_macro   0x00000000       0xd9 src/ASF/common/utils/stdio/read.o
 .debug_macro   0x00000000       0x34 src/ASF/common/utils/stdio/read.o
 .debug_macro   0x00000000       0x18 src/ASF/common/utils/stdio/read.o
 .debug_macro   0x00000000       0x6c src/ASF/common/utils/stdio/read.o
 .debug_macro   0x00000000       0x22 src/ASF/common/utils/stdio/read.o
 .debug_macro   0x00000000      0x16d src/ASF/common/utils/stdio/read.o
 .debug_macro   0x00000000       0x1c src/ASF/common/utils/stdio/read.o
 .debug_macro   0x00000000       0x35 src/ASF/common/utils/stdio/read.o
 .debug_macro   0x00000000       0x66 src/ASF/common/utils/stdio/read.o
 .debug_macro   0x00000000      0x708 src/ASF/common/utils/stdio/read.o
 .debug_macro   0x00000000       0x43 src/ASF/common/utils/stdio/read.o
 .debug_macro   0x00000000       0x69 src/ASF/common/utils/stdio/read.o
 .debug_macro   0x00000000       0x31 src/ASF/common/utils/stdio/read.o
 .debug_macro   0x00000000       0x10 src/ASF/common/utils/stdio/read.o
 .debug_macro   0x00000000      0x175 src/ASF/common/utils/stdio/read.o
 .debug_macro   0x00000000       0x40 src/ASF/common/utils/stdio/read.o
 .debug_macro   0x00000000      0x100 src/ASF/common/utils/stdio/read.o
 .group         0x00000000        0x8 src/ASF/mega/drivers/usart/usart_megarf.o
 .group         0x00000000        0x8 src/ASF/mega/drivers/usart/usart_megarf.o
 .group         0x00000000        0x8 src/ASF/mega/drivers/usart/usart_megarf.o
 .group         0x00000000        0x8 src/ASF/mega/drivers/usart/usart_megarf.o
 .group         0x00000000        0x8 src/ASF/mega/drivers/usart/usart_megarf.o
 .group         0x00000000        0x8 src/ASF/mega/drivers/usart/usart_megarf.o
 .group         0x00000000        0x8 src/ASF/mega/drivers/usart/usart_megarf.o
 .group         0x00000000        0x8 src/ASF/mega/drivers/usart/usart_megarf.o
 .group         0x00000000        0x8 src/ASF/mega/drivers/usart/usart_megarf.o
 .group         0x00000000        0x8 src/ASF/mega/drivers/usart/usart_megarf.o
 .group         0x00000000        0x8 src/ASF/mega/drivers/usart/usart_megarf.o
 .group         0x00000000        0x8 src/ASF/mega/drivers/usart/usart_megarf.o
 .group         0x00000000        0x8 src/ASF/mega/drivers/usart/usart_megarf.o
 .group         0x00000000        0x8 src/ASF/mega/drivers/usart/usart_megarf.o
 .group         0x00000000        0x8 src/ASF/mega/drivers/usart/usart_megarf.o
 .group         0x00000000        0x8 src/ASF/mega/drivers/usart/usart_megarf.o
 .group         0x00000000        0x8 src/ASF/mega/drivers/usart/usart_megarf.o
 .group         0x00000000        0x8 src/ASF/mega/drivers/usart/usart_megarf.o
 .group         0x00000000        0x8 src/ASF/mega/drivers/usart/usart_megarf.o
 .group         0x00000000        0x8 src/ASF/mega/drivers/usart/usart_megarf.o
 .group         0x00000000        0x8 src/ASF/mega/drivers/usart/usart_megarf.o
 .group         0x00000000        0x8 src/ASF/mega/drivers/usart/usart_megarf.o
 .group         0x00000000        0x8 src/ASF/mega/drivers/usart/usart_megarf.o
 .group         0x00000000        0x8 src/ASF/mega/drivers/usart/usart_megarf.o
 .group         0x00000000        0x8 src/ASF/mega/drivers/usart/usart_megarf.o
 .group         0x00000000        0x8 src/ASF/mega/drivers/usart/usart_megarf.o
 .group         0x00000000        0x8 src/ASF/mega/drivers/usart/usart_megarf.o
 .group         0x00000000        0x8 src/ASF/mega/drivers/usart/usart_megarf.o
 .group         0x00000000        0x8 src/ASF/mega/drivers/usart/usart_megarf.o
 .group         0x00000000        0x8 src/ASF/mega/drivers/usart/usart_megarf.o
 .group         0x00000000        0x8 src/ASF/mega/drivers/usart/usart_megarf.o
 .group         0x00000000        0x8 src/ASF/mega/drivers/usart/usart_megarf.o
 .text          0x00000000        0x0 src/ASF/mega/drivers/usart/usart_megarf.o
 .data          0x00000000        0x0 src/ASF/mega/drivers/usart/usart_megarf.o
 .bss           0x00000000        0x0 src/ASF/mega/drivers/usart/usart_megarf.o
 .text.usart_init_spi
                0x00000000       0xf0 src/ASF/mega/drivers/usart/usart_megarf.o
 .text.usart_set_baudrate_precalculated
                0x00000000       0xe8 src/ASF/mega/drivers/usart/usart_megarf.o
 .text.usart_spi_set_baudrate
                0x00000000       0x68 src/ASF/mega/drivers/usart/usart_megarf.o
 .progmem.data.baudctrl_16mhz
                0x00000000        0xe src/ASF/mega/drivers/usart/usart_megarf.o
 .progmem.data.baudctrl_8mhz
                0x00000000        0xe src/ASF/mega/drivers/usart/usart_megarf.o
 .progmem.data.baudctrl_1mhz
                0x00000000        0xe src/ASF/mega/drivers/usart/usart_megarf.o
 .debug_macro   0x00000000      0xa78 src/ASF/mega/drivers/usart/usart_megarf.o
 .debug_macro   0x00000000      0x1c9 src/ASF/mega/drivers/usart/usart_megarf.o
 .debug_macro   0x00000000       0x10 src/ASF/mega/drivers/usart/usart_megarf.o
 .debug_macro   0x00000000       0x9e src/ASF/mega/drivers/usart/usart_megarf.o
 .debug_macro   0x00000000     0x37d1 src/ASF/mega/drivers/usart/usart_megarf.o
 .debug_macro   0x00000000      0x219 src/ASF/mega/drivers/usart/usart_megarf.o
 .debug_macro   0x00000000       0xd9 src/ASF/mega/drivers/usart/usart_megarf.o
 .debug_macro   0x00000000       0x34 src/ASF/mega/drivers/usart/usart_megarf.o
 .debug_macro   0x00000000       0x18 src/ASF/mega/drivers/usart/usart_megarf.o
 .debug_macro   0x00000000       0x6c src/ASF/mega/drivers/usart/usart_megarf.o
 .debug_macro   0x00000000       0x22 src/ASF/mega/drivers/usart/usart_megarf.o
 .debug_macro   0x00000000      0x16d src/ASF/mega/drivers/usart/usart_megarf.o
 .debug_macro   0x00000000       0x1c src/ASF/mega/drivers/usart/usart_megarf.o
 .debug_macro   0x00000000       0x35 src/ASF/mega/drivers/usart/usart_megarf.o
 .debug_macro   0x00000000       0x66 src/ASF/mega/drivers/usart/usart_megarf.o
 .debug_macro   0x00000000      0x708 src/ASF/mega/drivers/usart/usart_megarf.o
 .debug_macro   0x00000000       0x43 src/ASF/mega/drivers/usart/usart_megarf.o
 .debug_macro   0x00000000       0x69 src/ASF/mega/drivers/usart/usart_megarf.o
 .debug_macro   0x00000000       0x31 src/ASF/mega/drivers/usart/usart_megarf.o
 .debug_macro   0x00000000       0x10 src/ASF/mega/drivers/usart/usart_megarf.o
 .debug_macro   0x00000000      0x175 src/ASF/mega/drivers/usart/usart_megarf.o
 .debug_macro   0x00000000       0x40 src/ASF/mega/drivers/usart/usart_megarf.o
 .debug_macro   0x00000000      0x100 src/ASF/mega/drivers/usart/usart_megarf.o
 .debug_macro   0x00000000       0x3a src/ASF/mega/drivers/usart/usart_megarf.o
 .debug_macro   0x00000000      0x2d8 src/ASF/mega/drivers/usart/usart_megarf.o
 .debug_macro   0x00000000       0x6e src/ASF/mega/drivers/usart/usart_megarf.o
 .debug_macro   0x00000000       0x40 src/ASF/mega/drivers/usart/usart_megarf.o
 .debug_macro   0x00000000       0x16 src/ASF/mega/drivers/usart/usart_megarf.o
 .debug_macro   0x00000000       0x34 src/ASF/mega/drivers/usart/usart_megarf.o
 .debug_macro   0x00000000       0xc9 src/ASF/mega/drivers/usart/usart_megarf.o
 .group         0x00000000        0x8 src/ASF/thirdparty/wireless/addons/sio2host/uart/sio2host.o
 .group         0x00000000        0x8 src/ASF/thirdparty/wireless/addons/sio2host/uart/sio2host.o
 .group         0x00000000        0x8 src/ASF/thirdparty/wireless/addons/sio2host/uart/sio2host.o
 .group         0x00000000        0x8 src/ASF/thirdparty/wireless/addons/sio2host/uart/sio2host.o
 .group         0x00000000        0x8 src/ASF/thirdparty/wireless/addons/sio2host/uart/sio2host.o
 .group         0x00000000        0x8 src/ASF/thirdparty/wireless/addons/sio2host/uart/sio2host.o
 .group         0x00000000        0x8 src/ASF/thirdparty/wireless/addons/sio2host/uart/sio2host.o
 .group         0x00000000        0x8 src/ASF/thirdparty/wireless/addons/sio2host/uart/sio2host.o
 .group         0x00000000        0x8 src/ASF/thirdparty/wireless/addons/sio2host/uart/sio2host.o
 .group         0x00000000        0x8 src/ASF/thirdparty/wireless/addons/sio2host/uart/sio2host.o
 .group         0x00000000        0x8 src/ASF/thirdparty/wireless/addons/sio2host/uart/sio2host.o
 .group         0x00000000        0x8 src/ASF/thirdparty/wireless/addons/sio2host/uart/sio2host.o
 .group         0x00000000        0x8 src/ASF/thirdparty/wireless/addons/sio2host/uart/sio2host.o
 .group         0x00000000        0x8 src/ASF/thirdparty/wireless/addons/sio2host/uart/sio2host.o
 .group         0x00000000        0x8 src/ASF/thirdparty/wireless/addons/sio2host/uart/sio2host.o
 .group         0x00000000        0x8 src/ASF/thirdparty/wireless/addons/sio2host/uart/sio2host.o
 .group         0x00000000        0x8 src/ASF/thirdparty/wireless/addons/sio2host/uart/sio2host.o
 .group         0x00000000        0x8 src/ASF/thirdparty/wireless/addons/sio2host/uart/sio2host.o
 .group         0x00000000        0x8 src/ASF/thirdparty/wireless/addons/sio2host/uart/sio2host.o
 .group         0x00000000        0x8 src/ASF/thirdparty/wireless/addons/sio2host/uart/sio2host.o
 .group         0x00000000        0x8 src/ASF/thirdparty/wireless/addons/sio2host/uart/sio2host.o
 .group         0x00000000        0x8 src/ASF/thirdparty/wireless/addons/sio2host/uart/sio2host.o
 .group         0x00000000        0x8 src/ASF/thirdparty/wireless/addons/sio2host/uart/sio2host.o
 .group         0x00000000        0x8 src/ASF/thirdparty/wireless/addons/sio2host/uart/sio2host.o
 .group         0x00000000        0x8 src/ASF/thirdparty/wireless/addons/sio2host/uart/sio2host.o
 .group         0x00000000        0x8 src/ASF/thirdparty/wireless/addons/sio2host/uart/sio2host.o
 .group         0x00000000        0x8 src/ASF/thirdparty/wireless/addons/sio2host/uart/sio2host.o
 .group         0x00000000        0x8 src/ASF/thirdparty/wireless/addons/sio2host/uart/sio2host.o
 .group         0x00000000        0x8 src/ASF/thirdparty/wireless/addons/sio2host/uart/sio2host.o
 .group         0x00000000        0x8 src/ASF/thirdparty/wireless/addons/sio2host/uart/sio2host.o
 .group         0x00000000        0x8 src/ASF/thirdparty/wireless/addons/sio2host/uart/sio2host.o
 .group         0x00000000        0x8 src/ASF/thirdparty/wireless/addons/sio2host/uart/sio2host.o
 .group         0x00000000        0x8 src/ASF/thirdparty/wireless/addons/sio2host/uart/sio2host.o
 .group         0x00000000        0x8 src/ASF/thirdparty/wireless/addons/sio2host/uart/sio2host.o
 .group         0x00000000        0x8 src/ASF/thirdparty/wireless/addons/sio2host/uart/sio2host.o
 .group         0x00000000        0x8 src/ASF/thirdparty/wireless/addons/sio2host/uart/sio2host.o
 .group         0x00000000        0x8 src/ASF/thirdparty/wireless/addons/sio2host/uart/sio2host.o
 .group         0x00000000        0x8 src/ASF/thirdparty/wireless/addons/sio2host/uart/sio2host.o
 .group         0x00000000        0x8 src/ASF/thirdparty/wireless/addons/sio2host/uart/sio2host.o
 .group         0x00000000        0x8 src/ASF/thirdparty/wireless/addons/sio2host/uart/sio2host.o
 .group         0x00000000        0x8 src/ASF/thirdparty/wireless/addons/sio2host/uart/sio2host.o
 .text          0x00000000        0x0 src/ASF/thirdparty/wireless/addons/sio2host/uart/sio2host.o
 .data          0x00000000        0x0 src/ASF/thirdparty/wireless/addons/sio2host/uart/sio2host.o
 .bss           0x00000000        0x0 src/ASF/thirdparty/wireless/addons/sio2host/uart/sio2host.o
 .text.sio2host_deinit
                0x00000000        0x2 src/ASF/thirdparty/wireless/addons/sio2host/uart/sio2host.o
 .text.sio2host_rx
                0x00000000       0x7e src/ASF/thirdparty/wireless/addons/sio2host/uart/sio2host.o
 .text.sio2host_getchar
                0x00000000       0x22 src/ASF/thirdparty/wireless/addons/sio2host/uart/sio2host.o
 .text.sio2host_getchar_nowait
                0x00000000       0x2a src/ASF/thirdparty/wireless/addons/sio2host/uart/sio2host.o
 .text.sio2host_disable
                0x00000000        0x2 src/ASF/thirdparty/wireless/addons/sio2host/uart/sio2host.o
 .text.sio2host_enable
                0x00000000        0x2 src/ASF/thirdparty/wireless/addons/sio2host/uart/sio2host.o
 .bss.serial_rx_count
                0x00000000        0x1 src/ASF/thirdparty/wireless/addons/sio2host/uart/sio2host.o
 .bss.serial_rx_buf_head
                0x00000000        0x1 src/ASF/thirdparty/wireless/addons/sio2host/uart/sio2host.o
 .debug_macro   0x00000000      0xa78 src/ASF/thirdparty/wireless/addons/sio2host/uart/sio2host.o
 .debug_macro   0x00000000       0x10 src/ASF/thirdparty/wireless/addons/sio2host/uart/sio2host.o
 .debug_macro   0x00000000      0x1c9 src/ASF/thirdparty/wireless/addons/sio2host/uart/sio2host.o
 .debug_macro   0x00000000      0x2fc src/ASF/thirdparty/wireless/addons/sio2host/uart/sio2host.o
 .debug_macro   0x00000000       0x9e src/ASF/thirdparty/wireless/addons/sio2host/uart/sio2host.o
 .debug_macro   0x00000000     0x37d1 src/ASF/thirdparty/wireless/addons/sio2host/uart/sio2host.o
 .debug_macro   0x00000000      0x219 src/ASF/thirdparty/wireless/addons/sio2host/uart/sio2host.o
 .debug_macro   0x00000000       0xd9 src/ASF/thirdparty/wireless/addons/sio2host/uart/sio2host.o
 .debug_macro   0x00000000       0x34 src/ASF/thirdparty/wireless/addons/sio2host/uart/sio2host.o
 .debug_macro   0x00000000       0x18 src/ASF/thirdparty/wireless/addons/sio2host/uart/sio2host.o
 .debug_macro   0x00000000       0x6c src/ASF/thirdparty/wireless/addons/sio2host/uart/sio2host.o
 .debug_macro   0x00000000       0x22 src/ASF/thirdparty/wireless/addons/sio2host/uart/sio2host.o
 .debug_macro   0x00000000      0x16d src/ASF/thirdparty/wireless/addons/sio2host/uart/sio2host.o
 .debug_macro   0x00000000       0x1c src/ASF/thirdparty/wireless/addons/sio2host/uart/sio2host.o
 .debug_macro   0x00000000       0x35 src/ASF/thirdparty/wireless/addons/sio2host/uart/sio2host.o
 .debug_macro   0x00000000       0x66 src/ASF/thirdparty/wireless/addons/sio2host/uart/sio2host.o
 .debug_macro   0x00000000      0x708 src/ASF/thirdparty/wireless/addons/sio2host/uart/sio2host.o
 .debug_macro   0x00000000       0x43 src/ASF/thirdparty/wireless/addons/sio2host/uart/sio2host.o
 .debug_macro   0x00000000       0x69 src/ASF/thirdparty/wireless/addons/sio2host/uart/sio2host.o
 .debug_macro   0x00000000       0x31 src/ASF/thirdparty/wireless/addons/sio2host/uart/sio2host.o
 .debug_macro   0x00000000       0x10 src/ASF/thirdparty/wireless/addons/sio2host/uart/sio2host.o
 .debug_macro   0x00000000      0x175 src/ASF/thirdparty/wireless/addons/sio2host/uart/sio2host.o
 .debug_macro   0x00000000       0x40 src/ASF/thirdparty/wireless/addons/sio2host/uart/sio2host.o
 .debug_macro   0x00000000      0x100 src/ASF/thirdparty/wireless/addons/sio2host/uart/sio2host.o
 .debug_macro   0x00000000       0x3a src/ASF/thirdparty/wireless/addons/sio2host/uart/sio2host.o
 .debug_macro   0x00000000      0x2d8 src/ASF/thirdparty/wireless/addons/sio2host/uart/sio2host.o
 .debug_macro   0x00000000       0x6e src/ASF/thirdparty/wireless/addons/sio2host/uart/sio2host.o
 .debug_macro   0x00000000       0x40 src/ASF/thirdparty/wireless/addons/sio2host/uart/sio2host.o
 .debug_macro   0x00000000       0x16 src/ASF/thirdparty/wireless/addons/sio2host/uart/sio2host.o
 .debug_macro   0x00000000       0x34 src/ASF/thirdparty/wireless/addons/sio2host/uart/sio2host.o
 .debug_macro   0x00000000       0xc9 src/ASF/thirdparty/wireless/addons/sio2host/uart/sio2host.o
 .group         0x00000000        0x8 src/ASF/common/utils/stdio/write.o
 .group         0x00000000        0x8 src/ASF/common/utils/stdio/write.o
 .group         0x00000000        0x8 src/ASF/common/utils/stdio/write.o
 .group         0x00000000        0x8 src/ASF/common/utils/stdio/write.o
 .group         0x00000000        0x8 src/ASF/common/utils/stdio/write.o
 .group         0x00000000        0x8 src/ASF/common/utils/stdio/write.o
 .group         0x00000000        0x8 src/ASF/common/utils/stdio/write.o
 .group         0x00000000        0x8 src/ASF/common/utils/stdio/write.o
 .group         0x00000000        0x8 src/ASF/common/utils/stdio/write.o
 .group         0x00000000        0x8 src/ASF/common/utils/stdio/write.o
 .group         0x00000000        0x8 src/ASF/common/utils/stdio/write.o
 .group         0x00000000        0x8 src/ASF/common/utils/stdio/write.o
 .group         0x00000000        0x8 src/ASF/common/utils/stdio/write.o
 .group         0x00000000        0x8 src/ASF/common/utils/stdio/write.o
 .group         0x00000000        0x8 src/ASF/common/utils/stdio/write.o
 .group         0x00000000        0x8 src/ASF/common/utils/stdio/write.o
 .group         0x00000000        0x8 src/ASF/common/utils/stdio/write.o
 .group         0x00000000        0x8 src/ASF/common/utils/stdio/write.o
 .group         0x00000000        0x8 src/ASF/common/utils/stdio/write.o
 .group         0x00000000        0x8 src/ASF/common/utils/stdio/write.o
 .group         0x00000000        0x8 src/ASF/common/utils/stdio/write.o
 .group         0x00000000        0x8 src/ASF/common/utils/stdio/write.o
 .group         0x00000000        0x8 src/ASF/common/utils/stdio/write.o
 .group         0x00000000        0x8 src/ASF/common/utils/stdio/write.o
 .text          0x00000000        0x0 src/ASF/common/utils/stdio/write.o
 .data          0x00000000        0x0 src/ASF/common/utils/stdio/write.o
 .bss           0x00000000        0x0 src/ASF/common/utils/stdio/write.o
 .debug_macro   0x00000000      0xa78 src/ASF/common/utils/stdio/write.o
 .debug_macro   0x00000000       0x10 src/ASF/common/utils/stdio/write.o
 .debug_macro   0x00000000      0x1c9 src/ASF/common/utils/stdio/write.o
 .debug_macro   0x00000000      0x2fc src/ASF/common/utils/stdio/write.o
 .debug_macro   0x00000000       0x9e src/ASF/common/utils/stdio/write.o
 .debug_macro   0x00000000     0x37d1 src/ASF/common/utils/stdio/write.o
 .debug_macro   0x00000000      0x219 src/ASF/common/utils/stdio/write.o
 .debug_macro   0x00000000       0xd9 src/ASF/common/utils/stdio/write.o
 .debug_macro   0x00000000       0x34 src/ASF/common/utils/stdio/write.o
 .debug_macro   0x00000000       0x18 src/ASF/common/utils/stdio/write.o
 .debug_macro   0x00000000       0x6c src/ASF/common/utils/stdio/write.o
 .debug_macro   0x00000000       0x22 src/ASF/common/utils/stdio/write.o
 .debug_macro   0x00000000      0x16d src/ASF/common/utils/stdio/write.o
 .debug_macro   0x00000000       0x1c src/ASF/common/utils/stdio/write.o
 .debug_macro   0x00000000       0x35 src/ASF/common/utils/stdio/write.o
 .debug_macro   0x00000000       0x66 src/ASF/common/utils/stdio/write.o
 .debug_macro   0x00000000      0x708 src/ASF/common/utils/stdio/write.o
 .debug_macro   0x00000000       0x43 src/ASF/common/utils/stdio/write.o
 .debug_macro   0x00000000       0x69 src/ASF/common/utils/stdio/write.o
 .debug_macro   0x00000000       0x31 src/ASF/common/utils/stdio/write.o
 .debug_macro   0x00000000       0x10 src/ASF/common/utils/stdio/write.o
 .debug_macro   0x00000000      0x175 src/ASF/common/utils/stdio/write.o
 .debug_macro   0x00000000       0x40 src/ASF/common/utils/stdio/write.o
 .debug_macro   0x00000000      0x100 src/ASF/common/utils/stdio/write.o
 .group         0x00000000        0x8 src/ASF/common/services/serial/usart_serial.o
 .group         0x00000000        0x8 src/ASF/common/services/serial/usart_serial.o
 .group         0x00000000        0x8 src/ASF/common/services/serial/usart_serial.o
 .group         0x00000000        0x8 src/ASF/common/services/serial/usart_serial.o
 .group         0x00000000        0x8 src/ASF/common/services/serial/usart_serial.o
 .group         0x00000000        0x8 src/ASF/common/services/serial/usart_serial.o
 .group         0x00000000        0x8 src/ASF/common/services/serial/usart_serial.o
 .group         0x00000000        0x8 src/ASF/common/services/serial/usart_serial.o
 .group         0x00000000        0x8 src/ASF/common/services/serial/usart_serial.o
 .group         0x00000000        0x8 src/ASF/common/services/serial/usart_serial.o
 .group         0x00000000        0x8 src/ASF/common/services/serial/usart_serial.o
 .group         0x00000000        0x8 src/ASF/common/services/serial/usart_serial.o
 .group         0x00000000        0x8 src/ASF/common/services/serial/usart_serial.o
 .group         0x00000000        0x8 src/ASF/common/services/serial/usart_serial.o
 .group         0x00000000        0x8 src/ASF/common/services/serial/usart_serial.o
 .group         0x00000000        0x8 src/ASF/common/services/serial/usart_serial.o
 .group         0x00000000        0x8 src/ASF/common/services/serial/usart_serial.o
 .group         0x00000000        0x8 src/ASF/common/services/serial/usart_serial.o
 .group         0x00000000        0x8 src/ASF/common/services/serial/usart_serial.o
 .group         0x00000000        0x8 src/ASF/common/services/serial/usart_serial.o
 .group         0x00000000        0x8 src/ASF/common/services/serial/usart_serial.o
 .group         0x00000000        0x8 src/ASF/common/services/serial/usart_serial.o
 .group         0x00000000        0x8 src/ASF/common/services/serial/usart_serial.o
 .group         0x00000000        0x8 src/ASF/common/services/serial/usart_serial.o
 .group         0x00000000        0x8 src/ASF/common/services/serial/usart_serial.o
 .group         0x00000000        0x8 src/ASF/common/services/serial/usart_serial.o
 .group         0x00000000        0x8 src/ASF/common/services/serial/usart_serial.o
 .group         0x00000000        0x8 src/ASF/common/services/serial/usart_serial.o
 .group         0x00000000        0x8 src/ASF/common/services/serial/usart_serial.o
 .group         0x00000000        0x8 src/ASF/common/services/serial/usart_serial.o
 .group         0x00000000        0x8 src/ASF/common/services/serial/usart_serial.o
 .group         0x00000000        0x8 src/ASF/common/services/serial/usart_serial.o
 .text          0x00000000        0x0 src/ASF/common/services/serial/usart_serial.o
 .data          0x00000000        0x0 src/ASF/common/services/serial/usart_serial.o
 .bss           0x00000000        0x0 src/ASF/common/services/serial/usart_serial.o
 .debug_macro   0x00000000      0xa78 src/ASF/common/services/serial/usart_serial.o
 .debug_macro   0x00000000      0x708 src/ASF/common/services/serial/usart_serial.o
 .debug_macro   0x00000000       0x10 src/ASF/common/services/serial/usart_serial.o
 .debug_macro   0x00000000      0x1c9 src/ASF/common/services/serial/usart_serial.o
 .debug_macro   0x00000000      0x2fc src/ASF/common/services/serial/usart_serial.o
 .debug_macro   0x00000000       0x9e src/ASF/common/services/serial/usart_serial.o
 .debug_macro   0x00000000     0x37d1 src/ASF/common/services/serial/usart_serial.o
 .debug_macro   0x00000000      0x219 src/ASF/common/services/serial/usart_serial.o
 .debug_macro   0x00000000       0xd9 src/ASF/common/services/serial/usart_serial.o
 .debug_macro   0x00000000       0x34 src/ASF/common/services/serial/usart_serial.o
 .debug_macro   0x00000000       0x18 src/ASF/common/services/serial/usart_serial.o
 .debug_macro   0x00000000       0x6c src/ASF/common/services/serial/usart_serial.o
 .debug_macro   0x00000000       0x22 src/ASF/common/services/serial/usart_serial.o
 .debug_macro   0x00000000      0x16d src/ASF/common/services/serial/usart_serial.o
 .debug_macro   0x00000000       0x1c src/ASF/common/services/serial/usart_serial.o
 .debug_macro   0x00000000       0x35 src/ASF/common/services/serial/usart_serial.o
 .debug_macro   0x00000000       0x66 src/ASF/common/services/serial/usart_serial.o
 .debug_macro   0x00000000       0x43 src/ASF/common/services/serial/usart_serial.o
 .debug_macro   0x00000000       0x69 src/ASF/common/services/serial/usart_serial.o
 .debug_macro   0x00000000       0x31 src/ASF/common/services/serial/usart_serial.o
 .debug_macro   0x00000000       0x10 src/ASF/common/services/serial/usart_serial.o
 .debug_macro   0x00000000      0x175 src/ASF/common/services/serial/usart_serial.o
 .debug_macro   0x00000000       0x40 src/ASF/common/services/serial/usart_serial.o
 .debug_macro   0x00000000      0x100 src/ASF/common/services/serial/usart_serial.o
 .debug_macro   0x00000000       0x3a src/ASF/common/services/serial/usart_serial.o
 .debug_macro   0x00000000      0x2d8 src/ASF/common/services/serial/usart_serial.o
 .debug_macro   0x00000000       0x6e src/ASF/common/services/serial/usart_serial.o
 .debug_macro   0x00000000       0x40 src/ASF/common/services/serial/usart_serial.o
 .debug_macro   0x00000000       0x16 src/ASF/common/services/serial/usart_serial.o
 .debug_macro   0x00000000       0x34 src/ASF/common/services/serial/usart_serial.o
 .debug_macro   0x00000000       0xc9 src/ASF/common/services/serial/usart_serial.o
 .debug_macro   0x00000000      0x1ca src/ASF/common/services/serial/usart_serial.o
 .group         0x00000000        0x8 src/ASF/mega/boards/atmega256rfr2_xplained_pro/init.o
 .group         0x00000000        0x8 src/ASF/mega/boards/atmega256rfr2_xplained_pro/init.o
 .group         0x00000000        0x8 src/ASF/mega/boards/atmega256rfr2_xplained_pro/init.o
 .group         0x00000000        0x8 src/ASF/mega/boards/atmega256rfr2_xplained_pro/init.o
 .group         0x00000000        0x8 src/ASF/mega/boards/atmega256rfr2_xplained_pro/init.o
 .group         0x00000000        0x8 src/ASF/mega/boards/atmega256rfr2_xplained_pro/init.o
 .group         0x00000000        0x8 src/ASF/mega/boards/atmega256rfr2_xplained_pro/init.o
 .group         0x00000000        0x8 src/ASF/mega/boards/atmega256rfr2_xplained_pro/init.o
 .group         0x00000000        0x8 src/ASF/mega/boards/atmega256rfr2_xplained_pro/init.o
 .group         0x00000000        0x8 src/ASF/mega/boards/atmega256rfr2_xplained_pro/init.o
 .group         0x00000000        0x8 src/ASF/mega/boards/atmega256rfr2_xplained_pro/init.o
 .group         0x00000000        0x8 src/ASF/mega/boards/atmega256rfr2_xplained_pro/init.o
 .group         0x00000000        0x8 src/ASF/mega/boards/atmega256rfr2_xplained_pro/init.o
 .group         0x00000000        0x8 src/ASF/mega/boards/atmega256rfr2_xplained_pro/init.o
 .group         0x00000000        0x8 src/ASF/mega/boards/atmega256rfr2_xplained_pro/init.o
 .group         0x00000000        0x8 src/ASF/mega/boards/atmega256rfr2_xplained_pro/init.o
 .group         0x00000000        0x8 src/ASF/mega/boards/atmega256rfr2_xplained_pro/init.o
 .group         0x00000000        0x8 src/ASF/mega/boards/atmega256rfr2_xplained_pro/init.o
 .group         0x00000000        0x8 src/ASF/mega/boards/atmega256rfr2_xplained_pro/init.o
 .group         0x00000000        0x8 src/ASF/mega/boards/atmega256rfr2_xplained_pro/init.o
 .group         0x00000000        0x8 src/ASF/mega/boards/atmega256rfr2_xplained_pro/init.o
 .group         0x00000000        0x8 src/ASF/mega/boards/atmega256rfr2_xplained_pro/init.o
 .group         0x00000000        0x8 src/ASF/mega/boards/atmega256rfr2_xplained_pro/init.o
 .group         0x00000000        0x8 src/ASF/mega/boards/atmega256rfr2_xplained_pro/init.o
 .group         0x00000000        0x8 src/ASF/mega/boards/atmega256rfr2_xplained_pro/init.o
 .group         0x00000000        0x8 src/ASF/mega/boards/atmega256rfr2_xplained_pro/init.o
 .group         0x00000000        0x8 src/ASF/mega/boards/atmega256rfr2_xplained_pro/init.o
 .group         0x00000000        0x8 src/ASF/mega/boards/atmega256rfr2_xplained_pro/init.o
 .group         0x00000000        0x8 src/ASF/mega/boards/atmega256rfr2_xplained_pro/init.o
 .text          0x00000000        0x0 src/ASF/mega/boards/atmega256rfr2_xplained_pro/init.o
 .data          0x00000000        0x0 src/ASF/mega/boards/atmega256rfr2_xplained_pro/init.o
 .bss           0x00000000        0x0 src/ASF/mega/boards/atmega256rfr2_xplained_pro/init.o
 .debug_macro   0x00000000      0xa78 src/ASF/mega/boards/atmega256rfr2_xplained_pro/init.o
 .debug_macro   0x00000000       0x10 src/ASF/mega/boards/atmega256rfr2_xplained_pro/init.o
 .debug_macro   0x00000000      0x1c9 src/ASF/mega/boards/atmega256rfr2_xplained_pro/init.o
 .debug_macro   0x00000000      0x2fc src/ASF/mega/boards/atmega256rfr2_xplained_pro/init.o
 .debug_macro   0x00000000       0x9e src/ASF/mega/boards/atmega256rfr2_xplained_pro/init.o
 .debug_macro   0x00000000     0x37d1 src/ASF/mega/boards/atmega256rfr2_xplained_pro/init.o
 .debug_macro   0x00000000      0x219 src/ASF/mega/boards/atmega256rfr2_xplained_pro/init.o
 .debug_macro   0x00000000       0xd9 src/ASF/mega/boards/atmega256rfr2_xplained_pro/init.o
 .debug_macro   0x00000000       0x34 src/ASF/mega/boards/atmega256rfr2_xplained_pro/init.o
 .debug_macro   0x00000000       0x18 src/ASF/mega/boards/atmega256rfr2_xplained_pro/init.o
 .debug_macro   0x00000000       0x6c src/ASF/mega/boards/atmega256rfr2_xplained_pro/init.o
 .debug_macro   0x00000000       0x22 src/ASF/mega/boards/atmega256rfr2_xplained_pro/init.o
 .debug_macro   0x00000000      0x16d src/ASF/mega/boards/atmega256rfr2_xplained_pro/init.o
 .debug_macro   0x00000000       0x1c src/ASF/mega/boards/atmega256rfr2_xplained_pro/init.o
 .debug_macro   0x00000000       0x35 src/ASF/mega/boards/atmega256rfr2_xplained_pro/init.o
 .debug_macro   0x00000000       0x66 src/ASF/mega/boards/atmega256rfr2_xplained_pro/init.o
 .debug_macro   0x00000000      0x708 src/ASF/mega/boards/atmega256rfr2_xplained_pro/init.o
 .debug_macro   0x00000000       0x43 src/ASF/mega/boards/atmega256rfr2_xplained_pro/init.o
 .debug_macro   0x00000000       0x69 src/ASF/mega/boards/atmega256rfr2_xplained_pro/init.o
 .debug_macro   0x00000000       0x31 src/ASF/mega/boards/atmega256rfr2_xplained_pro/init.o
 .debug_macro   0x00000000       0x10 src/ASF/mega/boards/atmega256rfr2_xplained_pro/init.o
 .debug_macro   0x00000000      0x175 src/ASF/mega/boards/atmega256rfr2_xplained_pro/init.o
 .debug_macro   0x00000000       0x40 src/ASF/mega/boards/atmega256rfr2_xplained_pro/init.o
 .debug_macro   0x00000000      0x100 src/ASF/mega/boards/atmega256rfr2_xplained_pro/init.o
 .debug_macro   0x00000000       0x6e src/ASF/mega/boards/atmega256rfr2_xplained_pro/init.o
 .debug_macro   0x00000000       0x40 src/ASF/mega/boards/atmega256rfr2_xplained_pro/init.o
 .debug_macro   0x00000000       0x16 src/ASF/mega/boards/atmega256rfr2_xplained_pro/init.o
 .debug_macro   0x00000000       0x34 src/ASF/mega/boards/atmega256rfr2_xplained_pro/init.o
 .group         0x00000000        0x8 src/main.o
 .group         0x00000000        0x8 src/main.o
 .group         0x00000000        0x8 src/main.o
 .group         0x00000000        0x8 src/main.o
 .group         0x00000000        0x8 src/main.o
 .group         0x00000000        0x8 src/main.o
 .group         0x00000000        0x8 src/main.o
 .group         0x00000000        0x8 src/main.o
 .group         0x00000000        0x8 src/main.o
 .group         0x00000000        0x8 src/main.o
 .group         0x00000000        0x8 src/main.o
 .group         0x00000000        0x8 src/main.o
 .group         0x00000000        0x8 src/main.o
 .group         0x00000000        0x8 src/main.o
 .group         0x00000000        0x8 src/main.o
 .group         0x00000000        0x8 src/main.o
 .group         0x00000000        0x8 src/main.o
 .group         0x00000000        0x8 src/main.o
 .group         0x00000000        0x8 src/main.o
 .group         0x00000000        0x8 src/main.o
 .group         0x00000000        0x8 src/main.o
 .group         0x00000000        0x8 src/main.o
 .group         0x00000000        0x8 src/main.o
 .group         0x00000000        0x8 src/main.o
 .group         0x00000000        0x8 src/main.o
 .group         0x00000000        0x8 src/main.o
 .group         0x00000000        0x8 src/main.o
 .group         0x00000000        0x8 src/main.o
 .group         0x00000000        0x8 src/main.o
 .group         0x00000000        0x8 src/main.o
 .group         0x00000000        0x8 src/main.o
 .group         0x00000000        0x8 src/main.o
 .group         0x00000000        0x8 src/main.o
 .group         0x00000000        0x8 src/main.o
 .group         0x00000000        0x8 src/main.o
 .group         0x00000000        0x8 src/main.o
 .group         0x00000000        0x8 src/main.o
 .group         0x00000000        0x8 src/main.o
 .group         0x00000000        0x8 src/main.o
 .group         0x00000000        0x8 src/main.o
 .text          0x00000000        0x0 src/main.o
 .data          0x00000000        0x0 src/main.o
 .bss           0x00000000        0x0 src/main.o
 .text.adc_rx   0x00000000       0x66 src/main.o
 .text.adc_meastemp
                0x00000000       0x26 src/main.o
 .bss.count     0x00000000        0x1 src/main.o
 .bss.adc_rx_count
                0x00000000        0x1 src/main.o
 .bss.adc_rx_buf_head
                0x00000000        0x1 src/main.o
 .debug_macro   0x00000000      0xa78 src/main.o
 .debug_macro   0x00000000       0x10 src/main.o
 .debug_macro   0x00000000      0x1c9 src/main.o
 .debug_macro   0x00000000      0x2fc src/main.o
 .debug_macro   0x00000000       0x9e src/main.o
 .debug_macro   0x00000000     0x37d1 src/main.o
 .debug_macro   0x00000000      0x219 src/main.o
 .debug_macro   0x00000000       0xd9 src/main.o
 .debug_macro   0x00000000       0x34 src/main.o
 .debug_macro   0x00000000       0x18 src/main.o
 .debug_macro   0x00000000       0x6c src/main.o
 .debug_macro   0x00000000       0x22 src/main.o
 .debug_macro   0x00000000      0x16d src/main.o
 .debug_macro   0x00000000       0x1c src/main.o
 .debug_macro   0x00000000       0x35 src/main.o
 .debug_macro   0x00000000       0x66 src/main.o
 .debug_macro   0x00000000      0x708 src/main.o
 .debug_macro   0x00000000       0x43 src/main.o
 .debug_macro   0x00000000       0x69 src/main.o
 .debug_macro   0x00000000       0x31 src/main.o
 .debug_macro   0x00000000       0x10 src/main.o
 .debug_macro   0x00000000      0x175 src/main.o
 .debug_macro   0x00000000       0x40 src/main.o
 .debug_macro   0x00000000      0x100 src/main.o
 .debug_macro   0x00000000       0x3a src/main.o
 .debug_macro   0x00000000      0x2d8 src/main.o
 .debug_macro   0x00000000       0x6e src/main.o
 .debug_macro   0x00000000       0x40 src/main.o
 .debug_macro   0x00000000       0x16 src/main.o
 .debug_macro   0x00000000       0x34 src/main.o
 .debug_macro   0x00000000       0xc9 src/main.o
 .debug_macro   0x00000000       0x1c src/main.o
 .debug_macro   0x00000000       0x2e src/main.o
 .debug_macro   0x00000000       0x28 src/main.o
 .debug_macro   0x00000000       0x28 src/main.o
 .debug_macro   0x00000000       0x22 src/main.o
 .debug_macro   0x00000000       0x58 src/main.o
 .debug_macro   0x00000000       0x10 src/main.o
 .debug_macro   0x00000000       0xf2 src/main.o
 .debug_macro   0x00000000      0x1ca src/main.o
 .text          0x00000000        0x0 c:/program files (x86)/atmel/studio/7.0/toolchain/avr8/avr8-gnu-toolchain/bin/../lib/gcc/avr/5.4.0/avr6\libgcc.a(_udivmodsi4.o)
 .data          0x00000000        0x0 c:/program files (x86)/atmel/studio/7.0/toolchain/avr8/avr8-gnu-toolchain/bin/../lib/gcc/avr/5.4.0/avr6\libgcc.a(_udivmodsi4.o)
 .bss           0x00000000        0x0 c:/program files (x86)/atmel/studio/7.0/toolchain/avr8/avr8-gnu-toolchain/bin/../lib/gcc/avr/5.4.0/avr6\libgcc.a(_udivmodsi4.o)
 .text.libgcc.mul
                0x00000000        0x0 c:/program files (x86)/atmel/studio/7.0/toolchain/avr8/avr8-gnu-toolchain/bin/../lib/gcc/avr/5.4.0/avr6\libgcc.a(_udivmodsi4.o)
 .text.libgcc   0x00000000        0x0 c:/program files (x86)/atmel/studio/7.0/toolchain/avr8/avr8-gnu-toolchain/bin/../lib/gcc/avr/5.4.0/avr6\libgcc.a(_udivmodsi4.o)
 .text.libgcc.prologue
                0x00000000        0x0 c:/program files (x86)/atmel/studio/7.0/toolchain/avr8/avr8-gnu-toolchain/bin/../lib/gcc/avr/5.4.0/avr6\libgcc.a(_udivmodsi4.o)
 .text.libgcc.builtins
                0x00000000        0x0 c:/program files (x86)/atmel/studio/7.0/toolchain/avr8/avr8-gnu-toolchain/bin/../lib/gcc/avr/5.4.0/avr6\libgcc.a(_udivmodsi4.o)
 .text.libgcc.fmul
                0x00000000        0x0 c:/program files (x86)/atmel/studio/7.0/toolchain/avr8/avr8-gnu-toolchain/bin/../lib/gcc/avr/5.4.0/avr6\libgcc.a(_udivmodsi4.o)
 .text.libgcc.fixed
                0x00000000        0x0 c:/program files (x86)/atmel/studio/7.0/toolchain/avr8/avr8-gnu-toolchain/bin/../lib/gcc/avr/5.4.0/avr6\libgcc.a(_udivmodsi4.o)
 .text          0x00000000        0x0 c:/program files (x86)/atmel/studio/7.0/toolchain/avr8/avr8-gnu-toolchain/bin/../lib/gcc/avr/5.4.0/avr6\libgcc.a(_exit.o)
 .data          0x00000000        0x0 c:/program files (x86)/atmel/studio/7.0/toolchain/avr8/avr8-gnu-toolchain/bin/../lib/gcc/avr/5.4.0/avr6\libgcc.a(_exit.o)
 .bss           0x00000000        0x0 c:/program files (x86)/atmel/studio/7.0/toolchain/avr8/avr8-gnu-toolchain/bin/../lib/gcc/avr/5.4.0/avr6\libgcc.a(_exit.o)
 .text.libgcc.mul
                0x00000000        0x0 c:/program files (x86)/atmel/studio/7.0/toolchain/avr8/avr8-gnu-toolchain/bin/../lib/gcc/avr/5.4.0/avr6\libgcc.a(_exit.o)
 .text.libgcc.div
                0x00000000        0x0 c:/program files (x86)/atmel/studio/7.0/toolchain/avr8/avr8-gnu-toolchain/bin/../lib/gcc/avr/5.4.0/avr6\libgcc.a(_exit.o)
 .text.libgcc   0x00000000        0x0 c:/program files (x86)/atmel/studio/7.0/toolchain/avr8/avr8-gnu-toolchain/bin/../lib/gcc/avr/5.4.0/avr6\libgcc.a(_exit.o)
 .text.libgcc.prologue
                0x00000000        0x0 c:/program files (x86)/atmel/studio/7.0/toolchain/avr8/avr8-gnu-toolchain/bin/../lib/gcc/avr/5.4.0/avr6\libgcc.a(_exit.o)
 .text.libgcc.builtins
                0x00000000        0x0 c:/program files (x86)/atmel/studio/7.0/toolchain/avr8/avr8-gnu-toolchain/bin/../lib/gcc/avr/5.4.0/avr6\libgcc.a(_exit.o)
 .text.libgcc.fmul
                0x00000000        0x0 c:/program files (x86)/atmel/studio/7.0/toolchain/avr8/avr8-gnu-toolchain/bin/../lib/gcc/avr/5.4.0/avr6\libgcc.a(_exit.o)
 .text.libgcc.fixed
                0x00000000        0x0 c:/program files (x86)/atmel/studio/7.0/toolchain/avr8/avr8-gnu-toolchain/bin/../lib/gcc/avr/5.4.0/avr6\libgcc.a(_exit.o)
 .text          0x00000000        0x0 c:/program files (x86)/atmel/studio/7.0/toolchain/avr8/avr8-gnu-toolchain/bin/../lib/gcc/avr/5.4.0/avr6\libgcc.a(_copy_data.o)
 .data          0x00000000        0x0 c:/program files (x86)/atmel/studio/7.0/toolchain/avr8/avr8-gnu-toolchain/bin/../lib/gcc/avr/5.4.0/avr6\libgcc.a(_copy_data.o)
 .bss           0x00000000        0x0 c:/program files (x86)/atmel/studio/7.0/toolchain/avr8/avr8-gnu-toolchain/bin/../lib/gcc/avr/5.4.0/avr6\libgcc.a(_copy_data.o)
 .text.libgcc.mul
                0x00000000        0x0 c:/program files (x86)/atmel/studio/7.0/toolchain/avr8/avr8-gnu-toolchain/bin/../lib/gcc/avr/5.4.0/avr6\libgcc.a(_copy_data.o)
 .text.libgcc.div
                0x00000000        0x0 c:/program files (x86)/atmel/studio/7.0/toolchain/avr8/avr8-gnu-toolchain/bin/../lib/gcc/avr/5.4.0/avr6\libgcc.a(_copy_data.o)
 .text.libgcc   0x00000000        0x0 c:/program files (x86)/atmel/studio/7.0/toolchain/avr8/avr8-gnu-toolchain/bin/../lib/gcc/avr/5.4.0/avr6\libgcc.a(_copy_data.o)
 .text.libgcc.prologue
                0x00000000        0x0 c:/program files (x86)/atmel/studio/7.0/toolchain/avr8/avr8-gnu-toolchain/bin/../lib/gcc/avr/5.4.0/avr6\libgcc.a(_copy_data.o)
 .text.libgcc.builtins
                0x00000000        0x0 c:/program files (x86)/atmel/studio/7.0/toolchain/avr8/avr8-gnu-toolchain/bin/../lib/gcc/avr/5.4.0/avr6\libgcc.a(_copy_data.o)
 .text.libgcc.fmul
                0x00000000        0x0 c:/program files (x86)/atmel/studio/7.0/toolchain/avr8/avr8-gnu-toolchain/bin/../lib/gcc/avr/5.4.0/avr6\libgcc.a(_copy_data.o)
 .text.libgcc.fixed
                0x00000000        0x0 c:/program files (x86)/atmel/studio/7.0/toolchain/avr8/avr8-gnu-toolchain/bin/../lib/gcc/avr/5.4.0/avr6\libgcc.a(_copy_data.o)
 .text          0x00000000        0x0 c:/program files (x86)/atmel/studio/7.0/toolchain/avr8/avr8-gnu-toolchain/bin/../lib/gcc/avr/5.4.0/avr6\libgcc.a(_clear_bss.o)
 .data          0x00000000        0x0 c:/program files (x86)/atmel/studio/7.0/toolchain/avr8/avr8-gnu-toolchain/bin/../lib/gcc/avr/5.4.0/avr6\libgcc.a(_clear_bss.o)
 .bss           0x00000000        0x0 c:/program files (x86)/atmel/studio/7.0/toolchain/avr8/avr8-gnu-toolchain/bin/../lib/gcc/avr/5.4.0/avr6\libgcc.a(_clear_bss.o)
 .text.libgcc.mul
                0x00000000        0x0 c:/program files (x86)/atmel/studio/7.0/toolchain/avr8/avr8-gnu-toolchain/bin/../lib/gcc/avr/5.4.0/avr6\libgcc.a(_clear_bss.o)
 .text.libgcc.div
                0x00000000        0x0 c:/program files (x86)/atmel/studio/7.0/toolchain/avr8/avr8-gnu-toolchain/bin/../lib/gcc/avr/5.4.0/avr6\libgcc.a(_clear_bss.o)
 .text.libgcc   0x00000000        0x0 c:/program files (x86)/atmel/studio/7.0/toolchain/avr8/avr8-gnu-toolchain/bin/../lib/gcc/avr/5.4.0/avr6\libgcc.a(_clear_bss.o)
 .text.libgcc.prologue
                0x00000000        0x0 c:/program files (x86)/atmel/studio/7.0/toolchain/avr8/avr8-gnu-toolchain/bin/../lib/gcc/avr/5.4.0/avr6\libgcc.a(_clear_bss.o)
 .text.libgcc.builtins
                0x00000000        0x0 c:/program files (x86)/atmel/studio/7.0/toolchain/avr8/avr8-gnu-toolchain/bin/../lib/gcc/avr/5.4.0/avr6\libgcc.a(_clear_bss.o)
 .text.libgcc.fmul
                0x00000000        0x0 c:/program files (x86)/atmel/studio/7.0/toolchain/avr8/avr8-gnu-toolchain/bin/../lib/gcc/avr/5.4.0/avr6\libgcc.a(_clear_bss.o)
 .text.libgcc.fixed
                0x00000000        0x0 c:/program files (x86)/atmel/studio/7.0/toolchain/avr8/avr8-gnu-toolchain/bin/../lib/gcc/avr/5.4.0/avr6\libgcc.a(_clear_bss.o)
 .text          0x00000000        0x0 c:/program files (x86)/atmel/studio/7.0/toolchain/avr8/avr8-gnu-toolchain/bin/../lib/gcc/avr/5.4.0/../../../../avr/lib/avr6\libc.a(fdevopen.o)
 .data          0x00000000        0x0 c:/program files (x86)/atmel/studio/7.0/toolchain/avr8/avr8-gnu-toolchain/bin/../lib/gcc/avr/5.4.0/../../../../avr/lib/avr6\libc.a(fdevopen.o)
 .bss           0x00000000        0x0 c:/program files (x86)/atmel/studio/7.0/toolchain/avr8/avr8-gnu-toolchain/bin/../lib/gcc/avr/5.4.0/../../../../avr/lib/avr6\libc.a(fdevopen.o)
 .text          0x00000000        0x0 c:/program files (x86)/atmel/studio/7.0/toolchain/avr8/avr8-gnu-toolchain/bin/../lib/gcc/avr/5.4.0/../../../../avr/lib/avr6\libc.a(iob.o)
 .data          0x00000000        0x0 c:/program files (x86)/atmel/studio/7.0/toolchain/avr8/avr8-gnu-toolchain/bin/../lib/gcc/avr/5.4.0/../../../../avr/lib/avr6\libc.a(iob.o)
 .bss           0x00000000        0x0 c:/program files (x86)/atmel/studio/7.0/toolchain/avr8/avr8-gnu-toolchain/bin/../lib/gcc/avr/5.4.0/../../../../avr/lib/avr6\libc.a(iob.o)
 .text          0x00000000        0x0 c:/program files (x86)/atmel/studio/7.0/toolchain/avr8/avr8-gnu-toolchain/bin/../lib/gcc/avr/5.4.0/../../../../avr/lib/avr6\libc.a(calloc.o)
 .data          0x00000000        0x0 c:/program files (x86)/atmel/studio/7.0/toolchain/avr8/avr8-gnu-toolchain/bin/../lib/gcc/avr/5.4.0/../../../../avr/lib/avr6\libc.a(calloc.o)
 .bss           0x00000000        0x0 c:/program files (x86)/atmel/studio/7.0/toolchain/avr8/avr8-gnu-toolchain/bin/../lib/gcc/avr/5.4.0/../../../../avr/lib/avr6\libc.a(calloc.o)
 .text          0x00000000        0x0 c:/program files (x86)/atmel/studio/7.0/toolchain/avr8/avr8-gnu-toolchain/bin/../lib/gcc/avr/5.4.0/../../../../avr/lib/avr6\libc.a(malloc.o)
 .bss           0x00000000        0x0 c:/program files (x86)/atmel/studio/7.0/toolchain/avr8/avr8-gnu-toolchain/bin/../lib/gcc/avr/5.4.0/../../../../avr/lib/avr6\libc.a(malloc.o)
 .text          0x00000000        0x0 c:/program files (x86)/atmel/studio/7.0/toolchain/avr8/avr8-gnu-toolchain/bin/../lib/gcc/avr/5.4.0/../../../../avr/lib/avr6\libc.a(memset.o)
 .data          0x00000000        0x0 c:/program files (x86)/atmel/studio/7.0/toolchain/avr8/avr8-gnu-toolchain/bin/../lib/gcc/avr/5.4.0/../../../../avr/lib/avr6\libc.a(memset.o)
 .bss           0x00000000        0x0 c:/program files (x86)/atmel/studio/7.0/toolchain/avr8/avr8-gnu-toolchain/bin/../lib/gcc/avr/5.4.0/../../../../avr/lib/avr6\libc.a(memset.o)

Memory Configuration

Name             Origin             Length             Attributes
text             0x00000000         0x00100000         xr
data             0x00800200         0x0000fe00         rw !x
eeprom           0x00810000         0x00010000         rw !x
fuse             0x00820000         0x00000003         rw !x
lock             0x00830000         0x00000400         rw !x
signature        0x00840000         0x00000400         rw !x
user_signatures  0x00850000         0x00000400         rw !x
*default*        0x00000000         0xffffffff

Linker script and memory map

Address of section .data set to 0x800200
LOAD C:/Program Files (x86)/Atmel/Studio/7.0/Packs/atmel/ATmega_DFP/1.3.300/gcc/dev/atmega256rfr2/avr6/crtatmega256rfr2.o
LOAD src/ASF/common/services/clock/mega/sysclk.o
LOAD src/ASF/common/utils/stdio/read.o
LOAD src/ASF/mega/drivers/usart/usart_megarf.o
LOAD src/ASF/thirdparty/wireless/addons/sio2host/uart/sio2host.o
LOAD src/ASF/common/utils/stdio/write.o
LOAD src/ASF/common/services/serial/usart_serial.o
LOAD src/ASF/mega/boards/atmega256rfr2_xplained_pro/init.o
LOAD src/main.o
START GROUP
LOAD c:/program files (x86)/atmel/studio/7.0/toolchain/avr8/avr8-gnu-toolchain/bin/../lib/gcc/avr/5.4.0/../../../../avr/lib/avr6\libm.a
END GROUP
START GROUP
LOAD c:/program files (x86)/atmel/studio/7.0/toolchain/avr8/avr8-gnu-toolchain/bin/../lib/gcc/avr/5.4.0/avr6\libgcc.a
LOAD c:/program files (x86)/atmel/studio/7.0/toolchain/avr8/avr8-gnu-toolchain/bin/../lib/gcc/avr/5.4.0/../../../../avr/lib/avr6\libm.a
LOAD c:/program files (x86)/atmel/studio/7.0/toolchain/avr8/avr8-gnu-toolchain/bin/../lib/gcc/avr/5.4.0/../../../../avr/lib/avr6\libc.a
LOAD C:/Program Files (x86)/Atmel/Studio/7.0/Packs/atmel/ATmega_DFP/1.3.300/gcc/dev/atmega256rfr2/avr6\libatmega256rfr2.a
END GROUP
                0x00000000                __TEXT_REGION_ORIGIN__ = DEFINED (__TEXT_REGION_ORIGIN__)?__TEXT_REGION_ORIGIN__:0x0
                0x00800200                __DATA_REGION_ORIGIN__ = DEFINED (__DATA_REGION_ORIGIN__)?__DATA_REGION_ORIGIN__:0x800200
                0x00100000                __TEXT_REGION_LENGTH__ = DEFINED (__TEXT_REGION_LENGTH__)?__TEXT_REGION_LENGTH__:0x100000
                0x0000fe00                __DATA_REGION_LENGTH__ = DEFINED (__DATA_REGION_LENGTH__)?__DATA_REGION_LENGTH__:0xfe00
                0x00010000                __EEPROM_REGION_LENGTH__ = DEFINED (__EEPROM_REGION_LENGTH__)?__EEPROM_REGION_LENGTH__:0x10000
                [0x00000003]                __FUSE_REGION_LENGTH__ = DEFINED (__FUSE_REGION_LENGTH__)?__FUSE_REGION_LENGTH__:0x400
                0x00000400                __LOCK_REGION_LENGTH__ = DEFINED (__LOCK_REGION_LENGTH__)?__LOCK_REGION_LENGTH__:0x400
                0x00000400                __SIGNATURE_REGION_LENGTH__ = DEFINED (__SIGNATURE_REGION_LENGTH__)?__SIGNATURE_REGION_LENGTH__:0x400
                0x00000400                __USER_SIGNATURE_REGION_LENGTH__ = DEFINED (__USER_SIGNATURE_REGION_LENGTH__)?__USER_SIGNATURE_REGION_LENGTH__:0x400

.hash
 *(.hash)

.dynsym
 *(.dynsym)

.dynstr
 *(.dynstr)

.gnu.version
 *(.gnu.version)

.gnu.version_d
 *(.gnu.version_d)

.gnu.version_r
 *(.gnu.version_r)

.rel.init
 *(.rel.init)

.rela.init
 *(.rela.init)

.rel.text
 *(.rel.text)
 *(.rel.text.*)
 *(.rel.gnu.linkonce.t*)

.rela.text
 *(.rela.text)
 *(.rela.text.*)
 *(.rela.gnu.linkonce.t*)

.rel.fini
 *(.rel.fini)

.rela.fini
 *(.rela.fini)

.rel.rodata
 *(.rel.rodata)
 *(.rel.rodata.*)
 *(.rel.gnu.linkonce.r*)

.rela.rodata
 *(.rela.rodata)
 *(.rela.rodata.*)
 *(.rela.gnu.linkonce.r*)

.rel.data
 *(.rel.data)
 *(.rel.data.*)
 *(.rel.gnu.linkonce.d*)

.rela.data
 *(.rela.data)
 *(.rela.data.*)
 *(.rela.gnu.linkonce.d*)

.rel.ctors
 *(.rel.ctors)

.rela.ctors
 *(.rela.ctors)

.rel.dtors
 *(.rel.dtors)

.rela.dtors
 *(.rela.dtors)

.rel.got
 *(.rel.got)

.rela.got
 *(.rela.got)

.rel.bss
 *(.rel.bss)

.rela.bss
 *(.rela.bss)

.rel.plt
 *(.rel.plt)

.rela.plt
 *(.rela.plt)

.text           0x00000000      0xa5a
 *(.vectors)
 .vectors       0x00000000      0x134 C:/Program Files (x86)/Atmel/Studio/7.0/Packs/atmel/ATmega_DFP/1.3.300/gcc/dev/atmega256rfr2/avr6/crtatmega256rfr2.o
                0x00000000                __vector_default
                0x00000000                __vectors
 *(.vectors)
 *(.progmem.gcc*)
                0x00000134                . = ALIGN (0x2)
                0x00000134                __trampolines_start = .
 *(.trampolines)
 .trampolines   0x00000134        0x0 linker stubs
 *(.trampolines*)
                0x00000134                __trampolines_end = .
 *libprintf_flt.a:*(.progmem.data)
 *libc.a:*(.progmem.data)
 *(.progmem*)
                0x00000134                . = ALIGN (0x2)
 *(.jumptables)
 *(.jumptables*)
 *(.lowtext)
 *(.lowtext*)
                0x00000134                __ctors_start = .
 *(.ctors)
                0x00000134                __ctors_end = .
                0x00000134                __dtors_start = .
 *(.dtors)
                0x00000134                __dtors_end = .
 SORT(*)(.ctors)
 SORT(*)(.dtors)
 *(.init0)
 .init0         0x00000134        0x0 C:/Program Files (x86)/Atmel/Studio/7.0/Packs/atmel/ATmega_DFP/1.3.300/gcc/dev/atmega256rfr2/avr6/crtatmega256rfr2.o
                0x00000134                __init
 *(.init0)
 *(.init1)
 *(.init1)
 *(.init2)
 .init2         0x00000134       0x10 C:/Program Files (x86)/Atmel/Studio/7.0/Packs/atmel/ATmega_DFP/1.3.300/gcc/dev/atmega256rfr2/avr6/crtatmega256rfr2.o
 *(.init2)
 *(.init3)
 *(.init3)
 *(.init4)
 .init4         0x00000144       0x1a c:/program files (x86)/atmel/studio/7.0/toolchain/avr8/avr8-gnu-toolchain/bin/../lib/gcc/avr/5.4.0/avr6\libgcc.a(_copy_data.o)
                0x00000144                __do_copy_data
 .init4         0x0000015e       0x10 c:/program files (x86)/atmel/studio/7.0/toolchain/avr8/avr8-gnu-toolchain/bin/../lib/gcc/avr/5.4.0/avr6\libgcc.a(_clear_bss.o)
                0x0000015e                __do_clear_bss
 *(.init4)
 *(.init5)
 *(.init5)
 *(.init6)
 *(.init6)
 *(.init7)
 *(.init7)
 *(.init8)
 *(.init8)
 *(.init9)
 .init9         0x0000016e        0x4 C:/Program Files (x86)/Atmel/Studio/7.0/Packs/atmel/ATmega_DFP/1.3.300/gcc/dev/atmega256rfr2/avr6/crtatmega256rfr2.o
 *(.init9)
 *(.text)
 .text          0x00000172        0x2 C:/Program Files (x86)/Atmel/Studio/7.0/Packs/atmel/ATmega_DFP/1.3.300/gcc/dev/atmega256rfr2/avr6/crtatmega256rfr2.o
                0x00000172                __vector_38
                0x00000172                __vector_22
                0x00000172                __vector_63
                0x00000172                __vector_28
                0x00000172                __vector_67
                0x00000172                __vector_1
                0x00000172                __vector_32
                0x00000172                __vector_75
                0x00000172                __vector_71
                0x00000172                __vector_34
                0x00000172                __vector_62
                0x00000172                __vector_24
                0x00000172                __vector_12
                0x00000172                __vector_55
                0x00000172                __vector_69
                0x00000172                __vector_46
                0x00000172                __bad_interrupt
                0x00000172                __vector_72
                0x00000172                __vector_6
                0x00000172                __vector_31
                0x00000172                __vector_35
                0x00000172                __vector_74
                0x00000172                __vector_39
                0x00000172                __vector_3
                0x00000172                __vector_23
                0x00000172                __vector_68
                0x00000172                __vector_30
                0x00000172                __vector_73
                0x00000172                __vector_45
                0x00000172                __vector_25
                0x00000172                __vector_61
                0x00000172                __vector_11
                0x00000172                __vector_54
                0x00000172                __vector_13
                0x00000172                __vector_17
                0x00000172                __vector_19
                0x00000172                __vector_56
                0x00000172                __vector_7
                0x00000172                __vector_49
                0x00000172                __vector_41
                0x00000172                __vector_64
                0x00000172                __vector_43
                0x00000172                __vector_27
                0x00000172                __vector_5
                0x00000172                __vector_33
                0x00000172                __vector_76
                0x00000172                __vector_47
                0x00000172                __vector_52
                0x00000172                __vector_37
                0x00000172                __vector_4
                0x00000172                __vector_44
                0x00000172                __vector_51
                0x00000172                __vector_9
                0x00000172                __vector_2
                0x00000172                __vector_21
                0x00000172                __vector_15
                0x00000172                __vector_66
                0x00000172                __vector_58
                0x00000172                __vector_70
                0x00000172                __vector_60
                0x00000172                __vector_40
                0x00000172                __vector_8
                0x00000172                __vector_26
                0x00000172                __vector_48
                0x00000172                __vector_14
                0x00000172                __vector_57
                0x00000172                __vector_53
                0x00000172                __vector_10
                0x00000172                __vector_50
                0x00000172                __vector_16
                0x00000172                __vector_59
                0x00000172                __vector_18
                0x00000172                __vector_20
                0x00000172                __vector_42
                0x00000172                __vector_65
                0x00000174                . = ALIGN (0x2)
 *(.text.*)
 .text.sysclk_init
                0x00000174       0x3e src/ASF/common/services/clock/mega/sysclk.o
                0x00000174                sysclk_init
 .text.sysclk_enable_module
                0x000001b2       0x30 src/ASF/common/services/clock/mega/sysclk.o
                0x000001b2                sysclk_enable_module
 .text._read    0x000001e2       0x32 src/ASF/common/utils/stdio/read.o
                0x000001e2                _read
 .text.usart_putchar
                0x00000214        0xe src/ASF/mega/drivers/usart/usart_megarf.o
                0x00000214                usart_putchar
 .text.usart_getchar
                0x00000222        0xc src/ASF/mega/drivers/usart/usart_megarf.o
                0x00000222                usart_getchar
 .text.usart_set_baudrate
                0x0000022e      0x112 src/ASF/mega/drivers/usart/usart_megarf.o
                0x0000022e                usart_set_baudrate
 .text.usart_init_rs232
                0x00000340       0x92 src/ASF/mega/drivers/usart/usart_megarf.o
                0x00000340                usart_init_rs232
 .text.usart_serial_getchar
                0x000003d2       0x10 src/ASF/thirdparty/wireless/addons/sio2host/uart/sio2host.o
 .text.usart_serial_putchar
                0x000003e2        0x4 src/ASF/thirdparty/wireless/addons/sio2host/uart/sio2host.o
 .text.sio2host_init
                0x000003e6       0x90 src/ASF/thirdparty/wireless/addons/sio2host/uart/sio2host.o
                0x000003e6                sio2host_init
 .text.sio2host_tx
                0x00000476       0x2e src/ASF/thirdparty/wireless/addons/sio2host/uart/sio2host.o
                0x00000476                sio2host_tx
 .text.sio2host_putchar
                0x000004a4       0x1c src/ASF/thirdparty/wireless/addons/sio2host/uart/sio2host.o
                0x000004a4                sio2host_putchar
 .text.__vector_36
                0x000004c0       0x90 src/ASF/thirdparty/wireless/addons/sio2host/uart/sio2host.o
                0x000004c0                __vector_36
 .text._write   0x00000550       0x24 src/ASF/common/utils/stdio/write.o
                0x00000550                _write
 .text.usart_serial_write_packet
                0x00000574       0x34 src/ASF/common/services/serial/usart_serial.o
                0x00000574                usart_serial_write_packet
 .text.usart_serial_read_packet
                0x000005a8       0x34 src/ASF/common/services/serial/usart_serial.o
                0x000005a8                usart_serial_read_packet
 .text.board_init
                0x000005dc        0xa src/ASF/mega/boards/atmega256rfr2_xplained_pro/init.o
                0x000005dc                board_init
 .text.main     0x000005e6       0xa6 src/main.o
                0x000005e6                main
 .text.__vector_29
                0x0000068c       0x6e src/main.o
                0x0000068c                __vector_29
 .text.libgcc.div
                0x000006fa       0x44 c:/program files (x86)/atmel/studio/7.0/toolchain/avr8/avr8-gnu-toolchain/bin/../lib/gcc/avr/5.4.0/avr6\libgcc.a(_udivmodsi4.o)
                0x000006fa                __udivmodsi4
 .text.avr-libc
                0x0000073e       0x94 c:/program files (x86)/atmel/studio/7.0/toolchain/avr8/avr8-gnu-toolchain/bin/../lib/gcc/avr/5.4.0/../../../../avr/lib/avr6\libc.a(fdevopen.o)
                0x0000073e                fdevopen
 .text.avr-libc
                0x000007d2       0x34 c:/program files (x86)/atmel/studio/7.0/toolchain/avr8/avr8-gnu-toolchain/bin/../lib/gcc/avr/5.4.0/../../../../avr/lib/avr6\libc.a(calloc.o)
                0x000007d2                calloc
 .text.avr-libc
                0x00000806      0x242 c:/program files (x86)/atmel/studio/7.0/toolchain/avr8/avr8-gnu-toolchain/bin/../lib/gcc/avr/5.4.0/../../../../avr/lib/avr6\libc.a(malloc.o)
                0x00000806                malloc
                0x00000936                free
 .text.avr-libc
                0x00000a48        0xe c:/program files (x86)/atmel/studio/7.0/toolchain/avr8/avr8-gnu-toolchain/bin/../lib/gcc/avr/5.4.0/../../../../avr/lib/avr6\libc.a(memset.o)
                0x00000a48                memset
                0x00000a56                . = ALIGN (0x2)
 *(.fini9)
 .fini9         0x00000a56        0x0 c:/program files (x86)/atmel/studio/7.0/toolchain/avr8/avr8-gnu-toolchain/bin/../lib/gcc/avr/5.4.0/avr6\libgcc.a(_exit.o)
                0x00000a56                _exit
                0x00000a56                exit
 *(.fini9)
 *(.fini8)
 *(.fini8)
 *(.fini7)
 *(.fini7)
 *(.fini6)
 *(.fini6)
 *(.fini5)
 *(.fini5)
 *(.fini4)
 *(.fini4)
 *(.fini3)
 *(.fini3)
 *(.fini2)
 *(.fini2)
 *(.fini1)
 *(.fini1)
 *(.fini0)
 .fini0         0x00000a56        0x4 c:/program files (x86)/atmel/studio/7.0/toolchain/avr8/avr8-gnu-toolchain/bin/../lib/gcc/avr/5.4.0/avr6\libgcc.a(_exit.o)
 *(.fini0)
                0x00000a5a                _etext = .

.data           0x00800200        0xe load address 0x00000a5a
                0x00800200                PROVIDE (__data_start, .)
 *(.data)
 .data          0x00800200        0x6 c:/program files (x86)/atmel/studio/7.0/toolchain/avr8/avr8-gnu-toolchain/bin/../lib/gcc/avr/5.4.0/../../../../avr/lib/avr6\libc.a(malloc.o)
                0x00800200                __malloc_heap_end
                0x00800202                __malloc_heap_start
                0x00800204                __malloc_margin
 *(.data*)
 .data.usart_serial_options
                0x00800206        0x7 src/ASF/thirdparty/wireless/addons/sio2host/uart/sio2host.o
 *(.gnu.linkonce.d*)
 *(.rodata)
 *(.rodata*)
 *(.gnu.linkonce.r*)
                0x0080020e                . = ALIGN (0x2)
 *fill*         0x0080020d        0x1 
                0x0080020e                _edata = .
                0x0080020e                PROVIDE (__data_end, .)

.bss            0x0080020e       0xb2
                0x0080020e                PROVIDE (__bss_start, .)
 *(.bss)
 *(.bss*)
 .bss.serial_rx_buf_tail
                0x0080020e        0x1 src/ASF/thirdparty/wireless/addons/sio2host/uart/sio2host.o
 .bss.serial_rx_buf
                0x0080020f       0x9c src/ASF/thirdparty/wireless/addons/sio2host/uart/sio2host.o
 .bss.count.2882
                0x008002ab        0x1 src/main.o
 .bss.button_state.2883
                0x008002ac        0x1 src/main.o
 .bss.temp      0x008002ad        0x2 src/main.o
 *(COMMON)
 COMMON         0x008002af        0x2 src/ASF/common/utils/stdio/read.o
                0x008002af                ptr_get
 COMMON         0x008002b1        0x4 src/ASF/common/utils/stdio/write.o
                0x008002b1                ptr_put
                0x008002b3                stdio_base
 COMMON         0x008002b5        0x1 src/main.o
                0x008002b5                button_down
 COMMON         0x008002b6        0x6 c:/program files (x86)/atmel/studio/7.0/toolchain/avr8/avr8-gnu-toolchain/bin/../lib/gcc/avr/5.4.0/../../../../avr/lib/avr6\libc.a(iob.o)
                0x008002b6                __iob
 COMMON         0x008002bc        0x4 c:/program files (x86)/atmel/studio/7.0/toolchain/avr8/avr8-gnu-toolchain/bin/../lib/gcc/avr/5.4.0/../../../../avr/lib/avr6\libc.a(malloc.o)
                0x008002bc                __brkval
                0x008002be                __flp
                0x008002c0                PROVIDE (__bss_end, .)
                0x00000a5a                __data_load_start = LOADADDR (.data)
                0x00000a68                __data_load_end = (__data_load_start + SIZEOF (.data))

.noinit         0x008002c0        0x0
                [!provide]                PROVIDE (__noinit_start, .)
 *(.noinit*)
                [!provide]                PROVIDE (__noinit_end, .)
                0x008002c0                _end = .
                0x008002c0                PROVIDE (__heap_start, .)

.eeprom         0x00810000        0x0
 *(.eeprom*)
                0x00810000                __eeprom_end = .

.fuse
 *(.fuse)
 *(.lfuse)
 *(.hfuse)
 *(.efuse)

.lock
 *(.lock*)

.signature
 *(.signature*)

.user_signatures
 *(.user_signatures*)

.stab
 *(.stab)

.stabstr
 *(.stabstr)

.stab.excl
 *(.stab.excl)

.stab.exclstr
 *(.stab.exclstr)

.stab.index
 *(.stab.index)

.stab.indexstr
 *(.stab.indexstr)

.comment        0x00000000       0x30
 *(.comment)
 .comment       0x00000000       0x30 src/ASF/common/services/clock/mega/sysclk.o
                                 0x31 (size before relaxing)
 .comment       0x00000030       0x31 src/ASF/common/utils/stdio/read.o
 .comment       0x00000030       0x31 src/ASF/mega/drivers/usart/usart_megarf.o
 .comment       0x00000030       0x31 src/ASF/thirdparty/wireless/addons/sio2host/uart/sio2host.o
 .comment       0x00000030       0x31 src/ASF/common/utils/stdio/write.o
 .comment       0x00000030       0x31 src/ASF/common/services/serial/usart_serial.o
 .comment       0x00000030       0x31 src/ASF/mega/boards/atmega256rfr2_xplained_pro/init.o
 .comment       0x00000030       0x31 src/main.o
 .comment       0x00000030       0x31 c:/program files (x86)/atmel/studio/7.0/toolchain/avr8/avr8-gnu-toolchain/bin/../lib/gcc/avr/5.4.0/../../../../avr/lib/avr6\libc.a(fdevopen.o)
 .comment       0x00000030       0x31 c:/program files (x86)/atmel/studio/7.0/toolchain/avr8/avr8-gnu-toolchain/bin/../lib/gcc/avr/5.4.0/../../../../avr/lib/avr6\libc.a(iob.o)
 .comment       0x00000030       0x31 c:/program files (x86)/atmel/studio/7.0/toolchain/avr8/avr8-gnu-toolchain/bin/../lib/gcc/avr/5.4.0/../../../../avr/lib/avr6\libc.a(calloc.o)
 .comment       0x00000030       0x31 c:/program files (x86)/atmel/studio/7.0/toolchain/avr8/avr8-gnu-toolchain/bin/../lib/gcc/avr/5.4.0/../../../../avr/lib/avr6\libc.a(malloc.o)

.note.gnu.avr.deviceinfo
                0x00000000       0x40
 .note.gnu.avr.deviceinfo
                0x00000000       0x40 C:/Program Files (x86)/Atmel/Studio/7.0/Packs/atmel/ATmega_DFP/1.3.300/gcc/dev/atmega256rfr2/avr6/crtatmega256rfr2.o

.note.gnu.build-id
 *(.note.gnu.build-id)

.debug
 *(.debug)

.line
 *(.line)

.debug_srcinfo
 *(.debug_srcinfo)

.debug_sfnames
 *(.debug_sfnames)

.debug_aranges  0x00000000      0x1b8
 *(.debug_aranges)
 .debug_aranges
                0x00000000       0x30 src/ASF/common/services/clock/mega/sysclk.o
 .debug_aranges
                0x00000030       0x20 src/ASF/common/utils/stdio/read.o
 .debug_aranges
                0x00000050       0x50 src/ASF/mega/drivers/usart/usart_megarf.o
 .debug_aranges
                0x000000a0       0x78 src/ASF/thirdparty/wireless/addons/sio2host/uart/sio2host.o
 .debug_aranges
                0x00000118       0x20 src/ASF/common/utils/stdio/write.o
 .debug_aranges
                0x00000138       0x28 src/ASF/common/services/serial/usart_serial.o
 .debug_aranges
                0x00000160       0x20 src/ASF/mega/boards/atmega256rfr2_xplained_pro/init.o
 .debug_aranges
                0x00000180       0x38 src/main.o

.debug_pubnames
 *(.debug_pubnames)

.debug_info     0x00000000     0x3925
 *(.debug_info .gnu.linkonce.wi.*)
 .debug_info    0x00000000     0x13e6 C:/Program Files (x86)/Atmel/Studio/7.0/Packs/atmel/ATmega_DFP/1.3.300/gcc/dev/atmega256rfr2/avr6/crtatmega256rfr2.o
 .debug_info    0x000013e6      0x2b5 src/ASF/common/services/clock/mega/sysclk.o
 .debug_info    0x0000169b      0x104 src/ASF/common/utils/stdio/read.o
 .debug_info    0x0000179f      0xb97 src/ASF/mega/drivers/usart/usart_megarf.o
 .debug_info    0x00002336      0x823 src/ASF/thirdparty/wireless/addons/sio2host/uart/sio2host.o
 .debug_info    0x00002b59      0x104 src/ASF/common/utils/stdio/write.o
 .debug_info    0x00002c5d      0x39e src/ASF/common/services/serial/usart_serial.o
 .debug_info    0x00002ffb      0x282 src/ASF/mega/boards/atmega256rfr2_xplained_pro/init.o
 .debug_info    0x0000327d      0x6a8 src/main.o

.debug_abbrev   0x00000000     0x2187
 *(.debug_abbrev)
 .debug_abbrev  0x00000000     0x12d6 C:/Program Files (x86)/Atmel/Studio/7.0/Packs/atmel/ATmega_DFP/1.3.300/gcc/dev/atmega256rfr2/avr6/crtatmega256rfr2.o
 .debug_abbrev  0x000012d6      0x1a6 src/ASF/common/services/clock/mega/sysclk.o
 .debug_abbrev  0x0000147c       0xc5 src/ASF/common/utils/stdio/read.o
 .debug_abbrev  0x00001541      0x345 src/ASF/mega/drivers/usart/usart_megarf.o
 .debug_abbrev  0x00001886      0x301 src/ASF/thirdparty/wireless/addons/sio2host/uart/sio2host.o
 .debug_abbrev  0x00001b87       0xa7 src/ASF/common/utils/stdio/write.o
 .debug_abbrev  0x00001c2e      0x17d src/ASF/common/services/serial/usart_serial.o
 .debug_abbrev  0x00001dab      0x149 src/ASF/mega/boards/atmega256rfr2_xplained_pro/init.o
 .debug_abbrev  0x00001ef4      0x293 src/main.o

.debug_line     0x00000000     0x32a4
 *(.debug_line .debug_line.* .debug_line_end)
 .debug_line    0x00000000      0x271 C:/Program Files (x86)/Atmel/Studio/7.0/Packs/atmel/ATmega_DFP/1.3.300/gcc/dev/atmega256rfr2/avr6/crtatmega256rfr2.o
 .debug_line    0x00000271      0x597 src/ASF/common/services/clock/mega/sysclk.o
 .debug_line    0x00000808      0x32e src/ASF/common/utils/stdio/read.o
 .debug_line    0x00000b36      0x7e2 src/ASF/mega/drivers/usart/usart_megarf.o
 .debug_line    0x00001318      0x948 src/ASF/thirdparty/wireless/addons/sio2host/uart/sio2host.o
 .debug_line    0x00001c60      0x335 src/ASF/common/utils/stdio/write.o
 .debug_line    0x00001f95      0x5e2 src/ASF/common/services/serial/usart_serial.o
 .debug_line    0x00002577      0x479 src/ASF/mega/boards/atmega256rfr2_xplained_pro/init.o
 .debug_line    0x000029f0      0x8b4 src/main.o

.debug_frame    0x00000000      0x4d8
 *(.debug_frame)
 .debug_frame   0x00000000       0x74 src/ASF/common/services/clock/mega/sysclk.o
 .debug_frame   0x00000074       0x34 src/ASF/common/utils/stdio/read.o
 .debug_frame   0x000000a8      0x130 src/ASF/mega/drivers/usart/usart_megarf.o
 .debug_frame   0x000001d8      0x1a0 src/ASF/thirdparty/wireless/addons/sio2host/uart/sio2host.o
 .debug_frame   0x00000378       0x24 src/ASF/common/utils/stdio/write.o
 .debug_frame   0x0000039c       0x74 src/ASF/common/services/serial/usart_serial.o
 .debug_frame   0x00000410       0x24 src/ASF/mega/boards/atmega256rfr2_xplained_pro/init.o
 .debug_frame   0x00000434       0xa4 src/main.o

.debug_str      0x00000000    0x194dc
 *(.debug_str)
 .debug_str     0x00000000      0x7f7 C:/Program Files (x86)/Atmel/Studio/7.0/Packs/atmel/ATmega_DFP/1.3.300/gcc/dev/atmega256rfr2/avr6/crtatmega256rfr2.o
 .debug_str     0x000007f7    0x16d70 src/ASF/common/services/clock/mega/sysclk.o
                              0x16fb8 (size before relaxing)
 .debug_str     0x00017567       0x3e src/ASF/common/utils/stdio/read.o
                              0x15d07 (size before relaxing)
 .debug_str     0x000175a5      0xbba src/ASF/mega/drivers/usart/usart_megarf.o
                              0x17b4a (size before relaxing)
 .debug_str     0x0001815f      0xe19 src/ASF/thirdparty/wireless/addons/sio2host/uart/sio2host.o
                              0x1857c (size before relaxing)
 .debug_str     0x00018f78       0x2d src/ASF/common/utils/stdio/write.o
                              0x15d09 (size before relaxing)
 .debug_str     0x00018fa5       0x31 src/ASF/common/services/serial/usart_serial.o
                              0x176c6 (size before relaxing)
 .debug_str     0x00018fd6       0x67 src/ASF/mega/boards/atmega256rfr2_xplained_pro/init.o
                              0x16cdd (size before relaxing)
 .debug_str     0x0001903d      0x49f src/main.o
                              0x18474 (size before relaxing)

.debug_loc      0x00000000     0x18cd
 *(.debug_loc)
 .debug_loc     0x00000000      0x1f2 src/ASF/common/services/clock/mega/sysclk.o
 .debug_loc     0x000001f2       0x6e src/ASF/common/utils/stdio/read.o
 .debug_loc     0x00000260      0xbfe src/ASF/mega/drivers/usart/usart_megarf.o
 .debug_loc     0x00000e5e      0x50d src/ASF/thirdparty/wireless/addons/sio2host/uart/sio2host.o
 .debug_loc     0x0000136b       0x52 src/ASF/common/utils/stdio/write.o
 .debug_loc     0x000013bd      0x273 src/ASF/common/services/serial/usart_serial.o
 .debug_loc     0x00001630       0x51 src/ASF/mega/boards/atmega256rfr2_xplained_pro/init.o
 .debug_loc     0x00001681      0x24c src/main.o

.debug_macinfo
 *(.debug_macinfo)

.debug_weaknames
 *(.debug_weaknames)

.debug_funcnames
 *(.debug_funcnames)

.debug_typenames
 *(.debug_typenames)

.debug_varnames
 *(.debug_varnames)

.debug_pubtypes
 *(.debug_pubtypes)

.debug_ranges   0x00000000      0x1a0
 *(.debug_ranges)
 .debug_ranges  0x00000000       0x20 src/ASF/common/services/clock/mega/sysclk.o
 .debug_ranges  0x00000020       0x10 src/ASF/common/utils/stdio/read.o
 .debug_ranges  0x00000030       0x78 src/ASF/mega/drivers/usart/usart_megarf.o
 .debug_ranges  0x000000a8       0x68 src/ASF/thirdparty/wireless/addons/sio2host/uart/sio2host.o
 .debug_ranges  0x00000110       0x10 src/ASF/common/utils/stdio/write.o
 .debug_ranges  0x00000120       0x18 src/ASF/common/services/serial/usart_serial.o
 .debug_ranges  0x00000138       0x10 src/ASF/mega/boards/atmega256rfr2_xplained_pro/init.o
 .debug_ranges  0x00000148       0x58 src/main.o

.debug_macro    0x00000000     0x7614
 *(.debug_macro)
 .debug_macro   0x00000000      0x191 src/ASF/common/services/clock/mega/sysclk.o
 .debug_macro   0x00000191      0xa78 src/ASF/common/services/clock/mega/sysclk.o
 .debug_macro   0x00000c09       0x10 src/ASF/common/services/clock/mega/sysclk.o
 .debug_macro   0x00000c19      0x1c9 src/ASF/common/services/clock/mega/sysclk.o
 .debug_macro   0x00000de2      0x2fc src/ASF/common/services/clock/mega/sysclk.o
 .debug_macro   0x000010de       0x9e src/ASF/common/services/clock/mega/sysclk.o
 .debug_macro   0x0000117c     0x37d1 src/ASF/common/services/clock/mega/sysclk.o
 .debug_macro   0x0000494d      0x219 src/ASF/common/services/clock/mega/sysclk.o
 .debug_macro   0x00004b66       0xd9 src/ASF/common/services/clock/mega/sysclk.o
 .debug_macro   0x00004c3f       0x34 src/ASF/common/services/clock/mega/sysclk.o
 .debug_macro   0x00004c73       0x18 src/ASF/common/services/clock/mega/sysclk.o
 .debug_macro   0x00004c8b       0x6c src/ASF/common/services/clock/mega/sysclk.o
 .debug_macro   0x00004cf7       0x22 src/ASF/common/services/clock/mega/sysclk.o
 .debug_macro   0x00004d19      0x16d src/ASF/common/services/clock/mega/sysclk.o
 .debug_macro   0x00004e86       0x1c src/ASF/common/services/clock/mega/sysclk.o
 .debug_macro   0x00004ea2       0x35 src/ASF/common/services/clock/mega/sysclk.o
 .debug_macro   0x00004ed7       0x66 src/ASF/common/services/clock/mega/sysclk.o
 .debug_macro   0x00004f3d      0x708 src/ASF/common/services/clock/mega/sysclk.o
 .debug_macro   0x00005645       0x43 src/ASF/common/services/clock/mega/sysclk.o
 .debug_macro   0x00005688       0x69 src/ASF/common/services/clock/mega/sysclk.o
 .debug_macro   0x000056f1       0x31 src/ASF/common/services/clock/mega/sysclk.o
 .debug_macro   0x00005722       0x10 src/ASF/common/services/clock/mega/sysclk.o
 .debug_macro   0x00005732      0x175 src/ASF/common/services/clock/mega/sysclk.o
 .debug_macro   0x000058a7       0x40 src/ASF/common/services/clock/mega/sysclk.o
 .debug_macro   0x000058e7      0x100 src/ASF/common/services/clock/mega/sysclk.o
 .debug_macro   0x000059e7       0x3a src/ASF/common/services/clock/mega/sysclk.o
 .debug_macro   0x00005a21      0x2d8 src/ASF/common/services/clock/mega/sysclk.o
 .debug_macro   0x00005cf9       0x6e src/ASF/common/services/clock/mega/sysclk.o
 .debug_macro   0x00005d67       0x40 src/ASF/common/services/clock/mega/sysclk.o
 .debug_macro   0x00005da7       0x16 src/ASF/common/services/clock/mega/sysclk.o
 .debug_macro   0x00005dbd       0x34 src/ASF/common/services/clock/mega/sysclk.o
 .debug_macro   0x00005df1       0xc9 src/ASF/common/services/clock/mega/sysclk.o
 .debug_macro   0x00005eba      0x11b src/ASF/common/utils/stdio/read.o
 .debug_macro   0x00005fd5      0x1a4 src/ASF/mega/drivers/usart/usart_megarf.o
 .debug_macro   0x00006179      0x302 src/ASF/mega/drivers/usart/usart_megarf.o
 .debug_macro   0x0000647b      0x1c4 src/ASF/mega/drivers/usart/usart_megarf.o
 .debug_macro   0x0000663f      0x248 src/ASF/thirdparty/wireless/addons/sio2host/uart/sio2host.o
 .debug_macro   0x00006887       0x1c src/ASF/thirdparty/wireless/addons/sio2host/uart/sio2host.o
 .debug_macro   0x000068a3       0x2e src/ASF/thirdparty/wireless/addons/sio2host/uart/sio2host.o
 .debug_macro   0x000068d1       0x28 src/ASF/thirdparty/wireless/addons/sio2host/uart/sio2host.o
 .debug_macro   0x000068f9       0x28 src/ASF/thirdparty/wireless/addons/sio2host/uart/sio2host.o
 .debug_macro   0x00006921       0x22 src/ASF/thirdparty/wireless/addons/sio2host/uart/sio2host.o
 .debug_macro   0x00006943       0x58 src/ASF/thirdparty/wireless/addons/sio2host/uart/sio2host.o
 .debug_macro   0x0000699b       0x10 src/ASF/thirdparty/wireless/addons/sio2host/uart/sio2host.o
 .debug_macro   0x000069ab       0xf2 src/ASF/thirdparty/wireless/addons/sio2host/uart/sio2host.o
 .debug_macro   0x00006a9d      0x1ca src/ASF/thirdparty/wireless/addons/sio2host/uart/sio2host.o
 .debug_macro   0x00006c67       0x3a src/ASF/thirdparty/wireless/addons/sio2host/uart/sio2host.o
 .debug_macro   0x00006ca1      0x11b src/ASF/common/utils/stdio/write.o
 .debug_macro   0x00006dbc      0x1c2 src/ASF/common/services/serial/usart_serial.o
 .debug_macro   0x00006f7e      0x17f src/ASF/mega/boards/atmega256rfr2_xplained_pro/init.o
 .debug_macro   0x000070fd      0x2d2 src/ASF/mega/boards/atmega256rfr2_xplained_pro/init.o
 .debug_macro   0x000073cf      0x245 src/main.o
OUTPUT(TestADC.elf elf32-avr)
LOAD linker stubs
