Archive member included to satisfy reference by file (symbol)

c:/program files (x86)/atmel/studio/7.0/toolchain/avr8/avr8-gnu-toolchain/bin/../lib/gcc/avr/5.4.0/avr6\libgcc.a(_udivmodsi4.o)
                              src/ASF/mega/drivers/usart/usart_megarf.o (__udivmodsi4)
c:/program files (x86)/atmel/studio/7.0/toolchain/avr8/avr8-gnu-toolchain/bin/../lib/gcc/avr/5.4.0/avr6\libgcc.a(_exit.o)
                              C:/Program Files (x86)/Atmel/Studio/7.0/Packs/atmel/ATmega_DFP/1.3.300/gcc/dev/atmega2561/avr6/crtatmega2561.o (exit)
c:/program files (x86)/atmel/studio/7.0/toolchain/avr8/avr8-gnu-toolchain/bin/../lib/gcc/avr/5.4.0/avr6\libgcc.a(_copy_data.o)
                              src/ASF/thirdparty/wireless/addons/sio2host/uart/sio2host.o (__do_copy_data)
c:/program files (x86)/atmel/studio/7.0/toolchain/avr8/avr8-gnu-toolchain/bin/../lib/gcc/avr/5.4.0/avr6\libgcc.a(_clear_bss.o)
                              src/ASF/common/utils/stdio/read.o (__do_clear_bss)

Allocating common symbols
Common symbol       size              file

ptr_get             0x2               src/ASF/common/utils/stdio/read.o
HADCs               0x1               src/main.o
spi_buf_complete    0x1               src/spi_random.o
ptr_put             0x2               src/ASF/common/utils/stdio/write.o
LADCs               0x1               src/main.o
MADCs               0x1               src/main.o
sample_ready        0x1               src/main.o
stdio_base          0x2               src/ASF/common/utils/stdio/write.o

Discarded input sections

 .data          0x00000000        0x0 C:/Program Files (x86)/Atmel/Studio/7.0/Packs/atmel/ATmega_DFP/1.3.300/gcc/dev/atmega2561/avr6/crtatmega2561.o
 .bss           0x00000000        0x0 C:/Program Files (x86)/Atmel/Studio/7.0/Packs/atmel/ATmega_DFP/1.3.300/gcc/dev/atmega2561/avr6/crtatmega2561.o
 .group         0x00000000        0x8 src/ASF/common/services/clock/mega/sysclk.o
 .group         0x00000000        0x8 src/ASF/common/services/clock/mega/sysclk.o
 .group         0x00000000        0x8 src/ASF/common/services/clock/mega/sysclk.o
 .group         0x00000000        0x8 src/ASF/common/services/clock/mega/sysclk.o
 .group         0x00000000        0x8 src/ASF/common/services/clock/mega/sysclk.o
 .group         0x00000000        0x8 src/ASF/common/services/clock/mega/sysclk.o
 .group         0x00000000        0x8 src/ASF/common/services/clock/mega/sysclk.o
 .group         0x00000000        0x8 src/ASF/common/services/clock/mega/sysclk.o
 .group         0x00000000        0x8 src/ASF/common/services/clock/mega/sysclk.o
 .group         0x00000000        0x8 src/ASF/common/services/clock/mega/sysclk.o
 .group         0x00000000        0x8 src/ASF/common/services/clock/mega/sysclk.o
 .group         0x00000000        0x8 src/ASF/common/services/clock/mega/sysclk.o
 .group         0x00000000        0x8 src/ASF/common/services/clock/mega/sysclk.o
 .group         0x00000000        0x8 src/ASF/common/services/clock/mega/sysclk.o
 .group         0x00000000        0x8 src/ASF/common/services/clock/mega/sysclk.o
 .group         0x00000000        0x8 src/ASF/common/services/clock/mega/sysclk.o
 .group         0x00000000        0x8 src/ASF/common/services/clock/mega/sysclk.o
 .group         0x00000000        0x8 src/ASF/common/services/clock/mega/sysclk.o
 .group         0x00000000        0x8 src/ASF/common/services/clock/mega/sysclk.o
 .group         0x00000000        0x8 src/ASF/common/services/clock/mega/sysclk.o
 .group         0x00000000        0x8 src/ASF/common/services/clock/mega/sysclk.o
 .group         0x00000000        0x8 src/ASF/common/services/clock/mega/sysclk.o
 .group         0x00000000        0x8 src/ASF/common/services/clock/mega/sysclk.o
 .group         0x00000000        0x8 src/ASF/common/services/clock/mega/sysclk.o
 .group         0x00000000        0x8 src/ASF/common/services/clock/mega/sysclk.o
 .group         0x00000000        0x8 src/ASF/common/services/clock/mega/sysclk.o
 .group         0x00000000        0x8 src/ASF/common/services/clock/mega/sysclk.o
 .group         0x00000000        0x8 src/ASF/common/services/clock/mega/sysclk.o
 .group         0x00000000        0x8 src/ASF/common/services/clock/mega/sysclk.o
 .group         0x00000000        0x8 src/ASF/common/services/clock/mega/sysclk.o
 .group         0x00000000        0x8 src/ASF/common/services/clock/mega/sysclk.o
 .text          0x00000000        0x0 src/ASF/common/services/clock/mega/sysclk.o
 .data          0x00000000        0x0 src/ASF/common/services/clock/mega/sysclk.o
 .bss           0x00000000        0x0 src/ASF/common/services/clock/mega/sysclk.o
 .text.sysclk_init
                0x00000000       0x36 src/ASF/common/services/clock/mega/sysclk.o
 .text.sysclk_enable_module
                0x00000000       0x30 src/ASF/common/services/clock/mega/sysclk.o
 .text.sysclk_disable_module
                0x00000000       0x2e src/ASF/common/services/clock/mega/sysclk.o
 .debug_info    0x00000000      0x2b5 src/ASF/common/services/clock/mega/sysclk.o
 .debug_abbrev  0x00000000      0x1a6 src/ASF/common/services/clock/mega/sysclk.o
 .debug_loc     0x00000000      0x1f2 src/ASF/common/services/clock/mega/sysclk.o
 .debug_aranges
                0x00000000       0x30 src/ASF/common/services/clock/mega/sysclk.o
 .debug_ranges  0x00000000       0x20 src/ASF/common/services/clock/mega/sysclk.o
 .debug_macro   0x00000000      0x191 src/ASF/common/services/clock/mega/sysclk.o
 .debug_macro   0x00000000      0xa78 src/ASF/common/services/clock/mega/sysclk.o
 .debug_macro   0x00000000       0x10 src/ASF/common/services/clock/mega/sysclk.o
 .debug_macro   0x00000000      0x1c9 src/ASF/common/services/clock/mega/sysclk.o
 .debug_macro   0x00000000      0x2fc src/ASF/common/services/clock/mega/sysclk.o
 .debug_macro   0x00000000       0x9e src/ASF/common/services/clock/mega/sysclk.o
 .debug_macro   0x00000000     0x1a27 src/ASF/common/services/clock/mega/sysclk.o
 .debug_macro   0x00000000      0x20a src/ASF/common/services/clock/mega/sysclk.o
 .debug_macro   0x00000000       0xd9 src/ASF/common/services/clock/mega/sysclk.o
 .debug_macro   0x00000000       0x34 src/ASF/common/services/clock/mega/sysclk.o
 .debug_macro   0x00000000       0x18 src/ASF/common/services/clock/mega/sysclk.o
 .debug_macro   0x00000000       0x6c src/ASF/common/services/clock/mega/sysclk.o
 .debug_macro   0x00000000       0x22 src/ASF/common/services/clock/mega/sysclk.o
 .debug_macro   0x00000000      0x16d src/ASF/common/services/clock/mega/sysclk.o
 .debug_macro   0x00000000       0x1c src/ASF/common/services/clock/mega/sysclk.o
 .debug_macro   0x00000000       0x35 src/ASF/common/services/clock/mega/sysclk.o
 .debug_macro   0x00000000       0x66 src/ASF/common/services/clock/mega/sysclk.o
 .debug_macro   0x00000000      0x708 src/ASF/common/services/clock/mega/sysclk.o
 .debug_macro   0x00000000       0x43 src/ASF/common/services/clock/mega/sysclk.o
 .debug_macro   0x00000000       0x69 src/ASF/common/services/clock/mega/sysclk.o
 .debug_macro   0x00000000       0x2b src/ASF/common/services/clock/mega/sysclk.o
 .debug_macro   0x00000000       0x10 src/ASF/common/services/clock/mega/sysclk.o
 .debug_macro   0x00000000      0x175 src/ASF/common/services/clock/mega/sysclk.o
 .debug_macro   0x00000000       0x40 src/ASF/common/services/clock/mega/sysclk.o
 .debug_macro   0x00000000      0x100 src/ASF/common/services/clock/mega/sysclk.o
 .debug_macro   0x00000000       0x3a src/ASF/common/services/clock/mega/sysclk.o
 .debug_macro   0x00000000      0x2d8 src/ASF/common/services/clock/mega/sysclk.o
 .debug_macro   0x00000000       0x6e src/ASF/common/services/clock/mega/sysclk.o
 .debug_macro   0x00000000       0x40 src/ASF/common/services/clock/mega/sysclk.o
 .debug_macro   0x00000000       0x16 src/ASF/common/services/clock/mega/sysclk.o
 .debug_macro   0x00000000       0x34 src/ASF/common/services/clock/mega/sysclk.o
 .debug_macro   0x00000000       0xa3 src/ASF/common/services/clock/mega/sysclk.o
 .debug_line    0x00000000      0x588 src/ASF/common/services/clock/mega/sysclk.o
 .debug_str     0x00000000    0x135c6 src/ASF/common/services/clock/mega/sysclk.o
 .comment       0x00000000       0x31 src/ASF/common/services/clock/mega/sysclk.o
 .debug_frame   0x00000000       0x74 src/ASF/common/services/clock/mega/sysclk.o
 .group         0x00000000        0x8 src/ASF/common/utils/stdio/read.o
 .group         0x00000000        0x8 src/ASF/common/utils/stdio/read.o
 .group         0x00000000        0x8 src/ASF/common/utils/stdio/read.o
 .group         0x00000000        0x8 src/ASF/common/utils/stdio/read.o
 .group         0x00000000        0x8 src/ASF/common/utils/stdio/read.o
 .group         0x00000000        0x8 src/ASF/common/utils/stdio/read.o
 .group         0x00000000        0x8 src/ASF/common/utils/stdio/read.o
 .group         0x00000000        0x8 src/ASF/common/utils/stdio/read.o
 .group         0x00000000        0x8 src/ASF/common/utils/stdio/read.o
 .group         0x00000000        0x8 src/ASF/common/utils/stdio/read.o
 .group         0x00000000        0x8 src/ASF/common/utils/stdio/read.o
 .group         0x00000000        0x8 src/ASF/common/utils/stdio/read.o
 .group         0x00000000        0x8 src/ASF/common/utils/stdio/read.o
 .group         0x00000000        0x8 src/ASF/common/utils/stdio/read.o
 .group         0x00000000        0x8 src/ASF/common/utils/stdio/read.o
 .group         0x00000000        0x8 src/ASF/common/utils/stdio/read.o
 .group         0x00000000        0x8 src/ASF/common/utils/stdio/read.o
 .group         0x00000000        0x8 src/ASF/common/utils/stdio/read.o
 .group         0x00000000        0x8 src/ASF/common/utils/stdio/read.o
 .group         0x00000000        0x8 src/ASF/common/utils/stdio/read.o
 .group         0x00000000        0x8 src/ASF/common/utils/stdio/read.o
 .group         0x00000000        0x8 src/ASF/common/utils/stdio/read.o
 .group         0x00000000        0x8 src/ASF/common/utils/stdio/read.o
 .group         0x00000000        0x8 src/ASF/common/utils/stdio/read.o
 .text          0x00000000        0x0 src/ASF/common/utils/stdio/read.o
 .data          0x00000000        0x0 src/ASF/common/utils/stdio/read.o
 .bss           0x00000000        0x0 src/ASF/common/utils/stdio/read.o
 .text._read    0x00000000       0x32 src/ASF/common/utils/stdio/read.o
 .debug_info    0x00000000      0x104 src/ASF/common/utils/stdio/read.o
 .debug_abbrev  0x00000000       0xc5 src/ASF/common/utils/stdio/read.o
 .debug_loc     0x00000000       0x6e src/ASF/common/utils/stdio/read.o
 .debug_aranges
                0x00000000       0x20 src/ASF/common/utils/stdio/read.o
 .debug_ranges  0x00000000       0x10 src/ASF/common/utils/stdio/read.o
 .debug_macro   0x00000000      0x11b src/ASF/common/utils/stdio/read.o
 .debug_macro   0x00000000      0xa78 src/ASF/common/utils/stdio/read.o
 .debug_macro   0x00000000       0x10 src/ASF/common/utils/stdio/read.o
 .debug_macro   0x00000000      0x1c9 src/ASF/common/utils/stdio/read.o
 .debug_macro   0x00000000      0x2fc src/ASF/common/utils/stdio/read.o
 .debug_macro   0x00000000       0x9e src/ASF/common/utils/stdio/read.o
 .debug_macro   0x00000000     0x1a27 src/ASF/common/utils/stdio/read.o
 .debug_macro   0x00000000      0x20a src/ASF/common/utils/stdio/read.o
 .debug_macro   0x00000000       0xd9 src/ASF/common/utils/stdio/read.o
 .debug_macro   0x00000000       0x34 src/ASF/common/utils/stdio/read.o
 .debug_macro   0x00000000       0x18 src/ASF/common/utils/stdio/read.o
 .debug_macro   0x00000000       0x6c src/ASF/common/utils/stdio/read.o
 .debug_macro   0x00000000       0x22 src/ASF/common/utils/stdio/read.o
 .debug_macro   0x00000000      0x16d src/ASF/common/utils/stdio/read.o
 .debug_macro   0x00000000       0x1c src/ASF/common/utils/stdio/read.o
 .debug_macro   0x00000000       0x35 src/ASF/common/utils/stdio/read.o
 .debug_macro   0x00000000       0x66 src/ASF/common/utils/stdio/read.o
 .debug_macro   0x00000000      0x708 src/ASF/common/utils/stdio/read.o
 .debug_macro   0x00000000       0x43 src/ASF/common/utils/stdio/read.o
 .debug_macro   0x00000000       0x69 src/ASF/common/utils/stdio/read.o
 .debug_macro   0x00000000       0x2b src/ASF/common/utils/stdio/read.o
 .debug_macro   0x00000000       0x10 src/ASF/common/utils/stdio/read.o
 .debug_macro   0x00000000      0x175 src/ASF/common/utils/stdio/read.o
 .debug_macro   0x00000000       0x40 src/ASF/common/utils/stdio/read.o
 .debug_macro   0x00000000      0x100 src/ASF/common/utils/stdio/read.o
 .debug_line    0x00000000      0x32b src/ASF/common/utils/stdio/read.o
 .debug_str     0x00000000    0x12399 src/ASF/common/utils/stdio/read.o
 .comment       0x00000000       0x31 src/ASF/common/utils/stdio/read.o
 .debug_frame   0x00000000       0x34 src/ASF/common/utils/stdio/read.o
 COMMON         0x00000000        0x2 src/ASF/common/utils/stdio/read.o
 .group         0x00000000        0x8 src/ASF/mega/drivers/usart/usart_megarf.o
 .group         0x00000000        0x8 src/ASF/mega/drivers/usart/usart_megarf.o
 .group         0x00000000        0x8 src/ASF/mega/drivers/usart/usart_megarf.o
 .group         0x00000000        0x8 src/ASF/mega/drivers/usart/usart_megarf.o
 .group         0x00000000        0x8 src/ASF/mega/drivers/usart/usart_megarf.o
 .group         0x00000000        0x8 src/ASF/mega/drivers/usart/usart_megarf.o
 .group         0x00000000        0x8 src/ASF/mega/drivers/usart/usart_megarf.o
 .group         0x00000000        0x8 src/ASF/mega/drivers/usart/usart_megarf.o
 .group         0x00000000        0x8 src/ASF/mega/drivers/usart/usart_megarf.o
 .group         0x00000000        0x8 src/ASF/mega/drivers/usart/usart_megarf.o
 .group         0x00000000        0x8 src/ASF/mega/drivers/usart/usart_megarf.o
 .group         0x00000000        0x8 src/ASF/mega/drivers/usart/usart_megarf.o
 .group         0x00000000        0x8 src/ASF/mega/drivers/usart/usart_megarf.o
 .group         0x00000000        0x8 src/ASF/mega/drivers/usart/usart_megarf.o
 .group         0x00000000        0x8 src/ASF/mega/drivers/usart/usart_megarf.o
 .group         0x00000000        0x8 src/ASF/mega/drivers/usart/usart_megarf.o
 .group         0x00000000        0x8 src/ASF/mega/drivers/usart/usart_megarf.o
 .group         0x00000000        0x8 src/ASF/mega/drivers/usart/usart_megarf.o
 .group         0x00000000        0x8 src/ASF/mega/drivers/usart/usart_megarf.o
 .group         0x00000000        0x8 src/ASF/mega/drivers/usart/usart_megarf.o
 .group         0x00000000        0x8 src/ASF/mega/drivers/usart/usart_megarf.o
 .group         0x00000000        0x8 src/ASF/mega/drivers/usart/usart_megarf.o
 .group         0x00000000        0x8 src/ASF/mega/drivers/usart/usart_megarf.o
 .group         0x00000000        0x8 src/ASF/mega/drivers/usart/usart_megarf.o
 .group         0x00000000        0x8 src/ASF/mega/drivers/usart/usart_megarf.o
 .group         0x00000000        0x8 src/ASF/mega/drivers/usart/usart_megarf.o
 .group         0x00000000        0x8 src/ASF/mega/drivers/usart/usart_megarf.o
 .group         0x00000000        0x8 src/ASF/mega/drivers/usart/usart_megarf.o
 .group         0x00000000        0x8 src/ASF/mega/drivers/usart/usart_megarf.o
 .group         0x00000000        0x8 src/ASF/mega/drivers/usart/usart_megarf.o
 .group         0x00000000        0x8 src/ASF/mega/drivers/usart/usart_megarf.o
 .group         0x00000000        0x8 src/ASF/mega/drivers/usart/usart_megarf.o
 .text          0x00000000        0x0 src/ASF/mega/drivers/usart/usart_megarf.o
 .data          0x00000000        0x0 src/ASF/mega/drivers/usart/usart_megarf.o
 .bss           0x00000000        0x0 src/ASF/mega/drivers/usart/usart_megarf.o
 .text.usart_init_spi
                0x00000000       0xf0 src/ASF/mega/drivers/usart/usart_megarf.o
 .text.usart_putchar
                0x00000000        0xe src/ASF/mega/drivers/usart/usart_megarf.o
 .text.usart_set_baudrate_precalculated
                0x00000000       0xe8 src/ASF/mega/drivers/usart/usart_megarf.o
 .text.usart_set_baudrate
                0x00000000      0x116 src/ASF/mega/drivers/usart/usart_megarf.o
 .text.usart_init_rs232
                0x00000000       0x98 src/ASF/mega/drivers/usart/usart_megarf.o
 .text.usart_spi_set_baudrate
                0x00000000       0x68 src/ASF/mega/drivers/usart/usart_megarf.o
 .progmem.data.baudctrl_16mhz
                0x00000000        0xe src/ASF/mega/drivers/usart/usart_megarf.o
 .progmem.data.baudctrl_8mhz
                0x00000000        0xe src/ASF/mega/drivers/usart/usart_megarf.o
 .progmem.data.baudctrl_1mhz
                0x00000000        0xe src/ASF/mega/drivers/usart/usart_megarf.o
 .debug_macro   0x00000000      0xa78 src/ASF/mega/drivers/usart/usart_megarf.o
 .debug_macro   0x00000000      0x1c9 src/ASF/mega/drivers/usart/usart_megarf.o
 .debug_macro   0x00000000       0x10 src/ASF/mega/drivers/usart/usart_megarf.o
 .debug_macro   0x00000000       0x9e src/ASF/mega/drivers/usart/usart_megarf.o
 .debug_macro   0x00000000     0x1a27 src/ASF/mega/drivers/usart/usart_megarf.o
 .debug_macro   0x00000000      0x20a src/ASF/mega/drivers/usart/usart_megarf.o
 .debug_macro   0x00000000       0xd9 src/ASF/mega/drivers/usart/usart_megarf.o
 .debug_macro   0x00000000       0x34 src/ASF/mega/drivers/usart/usart_megarf.o
 .debug_macro   0x00000000       0x18 src/ASF/mega/drivers/usart/usart_megarf.o
 .debug_macro   0x00000000       0x6c src/ASF/mega/drivers/usart/usart_megarf.o
 .debug_macro   0x00000000       0x22 src/ASF/mega/drivers/usart/usart_megarf.o
 .debug_macro   0x00000000      0x16d src/ASF/mega/drivers/usart/usart_megarf.o
 .debug_macro   0x00000000       0x1c src/ASF/mega/drivers/usart/usart_megarf.o
 .debug_macro   0x00000000       0x35 src/ASF/mega/drivers/usart/usart_megarf.o
 .debug_macro   0x00000000       0x66 src/ASF/mega/drivers/usart/usart_megarf.o
 .debug_macro   0x00000000      0x708 src/ASF/mega/drivers/usart/usart_megarf.o
 .debug_macro   0x00000000       0x43 src/ASF/mega/drivers/usart/usart_megarf.o
 .debug_macro   0x00000000       0x69 src/ASF/mega/drivers/usart/usart_megarf.o
 .debug_macro   0x00000000       0x2b src/ASF/mega/drivers/usart/usart_megarf.o
 .debug_macro   0x00000000       0x10 src/ASF/mega/drivers/usart/usart_megarf.o
 .debug_macro   0x00000000      0x175 src/ASF/mega/drivers/usart/usart_megarf.o
 .debug_macro   0x00000000       0x40 src/ASF/mega/drivers/usart/usart_megarf.o
 .debug_macro   0x00000000      0x100 src/ASF/mega/drivers/usart/usart_megarf.o
 .debug_macro   0x00000000       0x3a src/ASF/mega/drivers/usart/usart_megarf.o
 .debug_macro   0x00000000      0x2d8 src/ASF/mega/drivers/usart/usart_megarf.o
 .debug_macro   0x00000000       0x6e src/ASF/mega/drivers/usart/usart_megarf.o
 .debug_macro   0x00000000       0x40 src/ASF/mega/drivers/usart/usart_megarf.o
 .debug_macro   0x00000000       0x16 src/ASF/mega/drivers/usart/usart_megarf.o
 .debug_macro   0x00000000       0x34 src/ASF/mega/drivers/usart/usart_megarf.o
 .debug_macro   0x00000000       0xa3 src/ASF/mega/drivers/usart/usart_megarf.o
 .group         0x00000000        0x8 src/ASF/thirdparty/wireless/addons/sio2host/uart/sio2host.o
 .group         0x00000000        0x8 src/ASF/thirdparty/wireless/addons/sio2host/uart/sio2host.o
 .group         0x00000000        0x8 src/ASF/thirdparty/wireless/addons/sio2host/uart/sio2host.o
 .group         0x00000000        0x8 src/ASF/thirdparty/wireless/addons/sio2host/uart/sio2host.o
 .group         0x00000000        0x8 src/ASF/thirdparty/wireless/addons/sio2host/uart/sio2host.o
 .group         0x00000000        0x8 src/ASF/thirdparty/wireless/addons/sio2host/uart/sio2host.o
 .group         0x00000000        0x8 src/ASF/thirdparty/wireless/addons/sio2host/uart/sio2host.o
 .group         0x00000000        0x8 src/ASF/thirdparty/wireless/addons/sio2host/uart/sio2host.o
 .group         0x00000000        0x8 src/ASF/thirdparty/wireless/addons/sio2host/uart/sio2host.o
 .group         0x00000000        0x8 src/ASF/thirdparty/wireless/addons/sio2host/uart/sio2host.o
 .group         0x00000000        0x8 src/ASF/thirdparty/wireless/addons/sio2host/uart/sio2host.o
 .group         0x00000000        0x8 src/ASF/thirdparty/wireless/addons/sio2host/uart/sio2host.o
 .group         0x00000000        0x8 src/ASF/thirdparty/wireless/addons/sio2host/uart/sio2host.o
 .group         0x00000000        0x8 src/ASF/thirdparty/wireless/addons/sio2host/uart/sio2host.o
 .group         0x00000000        0x8 src/ASF/thirdparty/wireless/addons/sio2host/uart/sio2host.o
 .group         0x00000000        0x8 src/ASF/thirdparty/wireless/addons/sio2host/uart/sio2host.o
 .group         0x00000000        0x8 src/ASF/thirdparty/wireless/addons/sio2host/uart/sio2host.o
 .group         0x00000000        0x8 src/ASF/thirdparty/wireless/addons/sio2host/uart/sio2host.o
 .group         0x00000000        0x8 src/ASF/thirdparty/wireless/addons/sio2host/uart/sio2host.o
 .group         0x00000000        0x8 src/ASF/thirdparty/wireless/addons/sio2host/uart/sio2host.o
 .group         0x00000000        0x8 src/ASF/thirdparty/wireless/addons/sio2host/uart/sio2host.o
 .group         0x00000000        0x8 src/ASF/thirdparty/wireless/addons/sio2host/uart/sio2host.o
 .group         0x00000000        0x8 src/ASF/thirdparty/wireless/addons/sio2host/uart/sio2host.o
 .group         0x00000000        0x8 src/ASF/thirdparty/wireless/addons/sio2host/uart/sio2host.o
 .group         0x00000000        0x8 src/ASF/thirdparty/wireless/addons/sio2host/uart/sio2host.o
 .group         0x00000000        0x8 src/ASF/thirdparty/wireless/addons/sio2host/uart/sio2host.o
 .group         0x00000000        0x8 src/ASF/thirdparty/wireless/addons/sio2host/uart/sio2host.o
 .group         0x00000000        0x8 src/ASF/thirdparty/wireless/addons/sio2host/uart/sio2host.o
 .group         0x00000000        0x8 src/ASF/thirdparty/wireless/addons/sio2host/uart/sio2host.o
 .group         0x00000000        0x8 src/ASF/thirdparty/wireless/addons/sio2host/uart/sio2host.o
 .group         0x00000000        0x8 src/ASF/thirdparty/wireless/addons/sio2host/uart/sio2host.o
 .group         0x00000000        0x8 src/ASF/thirdparty/wireless/addons/sio2host/uart/sio2host.o
 .group         0x00000000        0x8 src/ASF/thirdparty/wireless/addons/sio2host/uart/sio2host.o
 .group         0x00000000        0x8 src/ASF/thirdparty/wireless/addons/sio2host/uart/sio2host.o
 .group         0x00000000        0x8 src/ASF/thirdparty/wireless/addons/sio2host/uart/sio2host.o
 .group         0x00000000        0x8 src/ASF/thirdparty/wireless/addons/sio2host/uart/sio2host.o
 .group         0x00000000        0x8 src/ASF/thirdparty/wireless/addons/sio2host/uart/sio2host.o
 .text          0x00000000        0x0 src/ASF/thirdparty/wireless/addons/sio2host/uart/sio2host.o
 .data          0x00000000        0x0 src/ASF/thirdparty/wireless/addons/sio2host/uart/sio2host.o
 .bss           0x00000000        0x0 src/ASF/thirdparty/wireless/addons/sio2host/uart/sio2host.o
 .text.usart_serial_getchar
                0x00000000       0x12 src/ASF/thirdparty/wireless/addons/sio2host/uart/sio2host.o
 .text.usart_serial_putchar
                0x00000000        0x6 src/ASF/thirdparty/wireless/addons/sio2host/uart/sio2host.o
 .text.sio2host_init
                0x00000000       0x88 src/ASF/thirdparty/wireless/addons/sio2host/uart/sio2host.o
 .text.sio2host_deinit
                0x00000000        0x2 src/ASF/thirdparty/wireless/addons/sio2host/uart/sio2host.o
 .text.sio2host_tx
                0x00000000       0x30 src/ASF/thirdparty/wireless/addons/sio2host/uart/sio2host.o
 .text.sio2host_rx
                0x00000000       0x7e src/ASF/thirdparty/wireless/addons/sio2host/uart/sio2host.o
 .text.sio2host_getchar
                0x00000000       0x22 src/ASF/thirdparty/wireless/addons/sio2host/uart/sio2host.o
 .text.sio2host_putchar
                0x00000000       0x1e src/ASF/thirdparty/wireless/addons/sio2host/uart/sio2host.o
 .text.sio2host_getchar_nowait
                0x00000000       0x2a src/ASF/thirdparty/wireless/addons/sio2host/uart/sio2host.o
 .text.sio2host_disable
                0x00000000        0x2 src/ASF/thirdparty/wireless/addons/sio2host/uart/sio2host.o
 .text.sio2host_enable
                0x00000000        0x2 src/ASF/thirdparty/wireless/addons/sio2host/uart/sio2host.o
 .bss.serial_rx_count
                0x00000000        0x1 src/ASF/thirdparty/wireless/addons/sio2host/uart/sio2host.o
 .bss.serial_rx_buf_head
                0x00000000        0x1 src/ASF/thirdparty/wireless/addons/sio2host/uart/sio2host.o
 .data.usart_serial_options
                0x00000000        0x7 src/ASF/thirdparty/wireless/addons/sio2host/uart/sio2host.o
 .debug_macro   0x00000000      0xa78 src/ASF/thirdparty/wireless/addons/sio2host/uart/sio2host.o
 .debug_macro   0x00000000       0x10 src/ASF/thirdparty/wireless/addons/sio2host/uart/sio2host.o
 .debug_macro   0x00000000      0x1c9 src/ASF/thirdparty/wireless/addons/sio2host/uart/sio2host.o
 .debug_macro   0x00000000      0x2fc src/ASF/thirdparty/wireless/addons/sio2host/uart/sio2host.o
 .debug_macro   0x00000000       0x9e src/ASF/thirdparty/wireless/addons/sio2host/uart/sio2host.o
 .debug_macro   0x00000000     0x1a27 src/ASF/thirdparty/wireless/addons/sio2host/uart/sio2host.o
 .debug_macro   0x00000000      0x20a src/ASF/thirdparty/wireless/addons/sio2host/uart/sio2host.o
 .debug_macro   0x00000000       0xd9 src/ASF/thirdparty/wireless/addons/sio2host/uart/sio2host.o
 .debug_macro   0x00000000       0x34 src/ASF/thirdparty/wireless/addons/sio2host/uart/sio2host.o
 .debug_macro   0x00000000       0x18 src/ASF/thirdparty/wireless/addons/sio2host/uart/sio2host.o
 .debug_macro   0x00000000       0x6c src/ASF/thirdparty/wireless/addons/sio2host/uart/sio2host.o
 .debug_macro   0x00000000       0x22 src/ASF/thirdparty/wireless/addons/sio2host/uart/sio2host.o
 .debug_macro   0x00000000      0x16d src/ASF/thirdparty/wireless/addons/sio2host/uart/sio2host.o
 .debug_macro   0x00000000       0x1c src/ASF/thirdparty/wireless/addons/sio2host/uart/sio2host.o
 .debug_macro   0x00000000       0x35 src/ASF/thirdparty/wireless/addons/sio2host/uart/sio2host.o
 .debug_macro   0x00000000       0x66 src/ASF/thirdparty/wireless/addons/sio2host/uart/sio2host.o
 .debug_macro   0x00000000      0x708 src/ASF/thirdparty/wireless/addons/sio2host/uart/sio2host.o
 .debug_macro   0x00000000       0x43 src/ASF/thirdparty/wireless/addons/sio2host/uart/sio2host.o
 .debug_macro   0x00000000       0x69 src/ASF/thirdparty/wireless/addons/sio2host/uart/sio2host.o
 .debug_macro   0x00000000       0x2b src/ASF/thirdparty/wireless/addons/sio2host/uart/sio2host.o
 .debug_macro   0x00000000       0x10 src/ASF/thirdparty/wireless/addons/sio2host/uart/sio2host.o
 .debug_macro   0x00000000      0x175 src/ASF/thirdparty/wireless/addons/sio2host/uart/sio2host.o
 .debug_macro   0x00000000       0x40 src/ASF/thirdparty/wireless/addons/sio2host/uart/sio2host.o
 .debug_macro   0x00000000      0x100 src/ASF/thirdparty/wireless/addons/sio2host/uart/sio2host.o
 .debug_macro   0x00000000       0x6e src/ASF/thirdparty/wireless/addons/sio2host/uart/sio2host.o
 .debug_macro   0x00000000       0x40 src/ASF/thirdparty/wireless/addons/sio2host/uart/sio2host.o
 .debug_macro   0x00000000      0x2d8 src/ASF/thirdparty/wireless/addons/sio2host/uart/sio2host.o
 .debug_macro   0x00000000       0x34 src/ASF/thirdparty/wireless/addons/sio2host/uart/sio2host.o
 .debug_macro   0x00000000       0x3a src/ASF/thirdparty/wireless/addons/sio2host/uart/sio2host.o
 .group         0x00000000        0x8 src/ASF/common/utils/stdio/write.o
 .group         0x00000000        0x8 src/ASF/common/utils/stdio/write.o
 .group         0x00000000        0x8 src/ASF/common/utils/stdio/write.o
 .group         0x00000000        0x8 src/ASF/common/utils/stdio/write.o
 .group         0x00000000        0x8 src/ASF/common/utils/stdio/write.o
 .group         0x00000000        0x8 src/ASF/common/utils/stdio/write.o
 .group         0x00000000        0x8 src/ASF/common/utils/stdio/write.o
 .group         0x00000000        0x8 src/ASF/common/utils/stdio/write.o
 .group         0x00000000        0x8 src/ASF/common/utils/stdio/write.o
 .group         0x00000000        0x8 src/ASF/common/utils/stdio/write.o
 .group         0x00000000        0x8 src/ASF/common/utils/stdio/write.o
 .group         0x00000000        0x8 src/ASF/common/utils/stdio/write.o
 .group         0x00000000        0x8 src/ASF/common/utils/stdio/write.o
 .group         0x00000000        0x8 src/ASF/common/utils/stdio/write.o
 .group         0x00000000        0x8 src/ASF/common/utils/stdio/write.o
 .group         0x00000000        0x8 src/ASF/common/utils/stdio/write.o
 .group         0x00000000        0x8 src/ASF/common/utils/stdio/write.o
 .group         0x00000000        0x8 src/ASF/common/utils/stdio/write.o
 .group         0x00000000        0x8 src/ASF/common/utils/stdio/write.o
 .group         0x00000000        0x8 src/ASF/common/utils/stdio/write.o
 .group         0x00000000        0x8 src/ASF/common/utils/stdio/write.o
 .group         0x00000000        0x8 src/ASF/common/utils/stdio/write.o
 .group         0x00000000        0x8 src/ASF/common/utils/stdio/write.o
 .group         0x00000000        0x8 src/ASF/common/utils/stdio/write.o
 .text          0x00000000        0x0 src/ASF/common/utils/stdio/write.o
 .data          0x00000000        0x0 src/ASF/common/utils/stdio/write.o
 .bss           0x00000000        0x0 src/ASF/common/utils/stdio/write.o
 .text._write   0x00000000       0x24 src/ASF/common/utils/stdio/write.o
 .debug_info    0x00000000      0x104 src/ASF/common/utils/stdio/write.o
 .debug_abbrev  0x00000000       0xa7 src/ASF/common/utils/stdio/write.o
 .debug_loc     0x00000000       0x52 src/ASF/common/utils/stdio/write.o
 .debug_aranges
                0x00000000       0x20 src/ASF/common/utils/stdio/write.o
 .debug_ranges  0x00000000       0x10 src/ASF/common/utils/stdio/write.o
 .debug_macro   0x00000000      0x11b src/ASF/common/utils/stdio/write.o
 .debug_macro   0x00000000      0xa78 src/ASF/common/utils/stdio/write.o
 .debug_macro   0x00000000       0x10 src/ASF/common/utils/stdio/write.o
 .debug_macro   0x00000000      0x1c9 src/ASF/common/utils/stdio/write.o
 .debug_macro   0x00000000      0x2fc src/ASF/common/utils/stdio/write.o
 .debug_macro   0x00000000       0x9e src/ASF/common/utils/stdio/write.o
 .debug_macro   0x00000000     0x1a27 src/ASF/common/utils/stdio/write.o
 .debug_macro   0x00000000      0x20a src/ASF/common/utils/stdio/write.o
 .debug_macro   0x00000000       0xd9 src/ASF/common/utils/stdio/write.o
 .debug_macro   0x00000000       0x34 src/ASF/common/utils/stdio/write.o
 .debug_macro   0x00000000       0x18 src/ASF/common/utils/stdio/write.o
 .debug_macro   0x00000000       0x6c src/ASF/common/utils/stdio/write.o
 .debug_macro   0x00000000       0x22 src/ASF/common/utils/stdio/write.o
 .debug_macro   0x00000000      0x16d src/ASF/common/utils/stdio/write.o
 .debug_macro   0x00000000       0x1c src/ASF/common/utils/stdio/write.o
 .debug_macro   0x00000000       0x35 src/ASF/common/utils/stdio/write.o
 .debug_macro   0x00000000       0x66 src/ASF/common/utils/stdio/write.o
 .debug_macro   0x00000000      0x708 src/ASF/common/utils/stdio/write.o
 .debug_macro   0x00000000       0x43 src/ASF/common/utils/stdio/write.o
 .debug_macro   0x00000000       0x69 src/ASF/common/utils/stdio/write.o
 .debug_macro   0x00000000       0x2b src/ASF/common/utils/stdio/write.o
 .debug_macro   0x00000000       0x10 src/ASF/common/utils/stdio/write.o
 .debug_macro   0x00000000      0x175 src/ASF/common/utils/stdio/write.o
 .debug_macro   0x00000000       0x40 src/ASF/common/utils/stdio/write.o
 .debug_macro   0x00000000      0x100 src/ASF/common/utils/stdio/write.o
 .debug_line    0x00000000      0x332 src/ASF/common/utils/stdio/write.o
 .debug_str     0x00000000    0x1239b src/ASF/common/utils/stdio/write.o
 .comment       0x00000000       0x31 src/ASF/common/utils/stdio/write.o
 .debug_frame   0x00000000       0x24 src/ASF/common/utils/stdio/write.o
 COMMON         0x00000000        0x4 src/ASF/common/utils/stdio/write.o
 .group         0x00000000        0x8 src/ASF/common/services/serial/usart_serial.o
 .group         0x00000000        0x8 src/ASF/common/services/serial/usart_serial.o
 .group         0x00000000        0x8 src/ASF/common/services/serial/usart_serial.o
 .group         0x00000000        0x8 src/ASF/common/services/serial/usart_serial.o
 .group         0x00000000        0x8 src/ASF/common/services/serial/usart_serial.o
 .group         0x00000000        0x8 src/ASF/common/services/serial/usart_serial.o
 .group         0x00000000        0x8 src/ASF/common/services/serial/usart_serial.o
 .group         0x00000000        0x8 src/ASF/common/services/serial/usart_serial.o
 .group         0x00000000        0x8 src/ASF/common/services/serial/usart_serial.o
 .group         0x00000000        0x8 src/ASF/common/services/serial/usart_serial.o
 .group         0x00000000        0x8 src/ASF/common/services/serial/usart_serial.o
 .group         0x00000000        0x8 src/ASF/common/services/serial/usart_serial.o
 .group         0x00000000        0x8 src/ASF/common/services/serial/usart_serial.o
 .group         0x00000000        0x8 src/ASF/common/services/serial/usart_serial.o
 .group         0x00000000        0x8 src/ASF/common/services/serial/usart_serial.o
 .group         0x00000000        0x8 src/ASF/common/services/serial/usart_serial.o
 .group         0x00000000        0x8 src/ASF/common/services/serial/usart_serial.o
 .group         0x00000000        0x8 src/ASF/common/services/serial/usart_serial.o
 .group         0x00000000        0x8 src/ASF/common/services/serial/usart_serial.o
 .group         0x00000000        0x8 src/ASF/common/services/serial/usart_serial.o
 .group         0x00000000        0x8 src/ASF/common/services/serial/usart_serial.o
 .group         0x00000000        0x8 src/ASF/common/services/serial/usart_serial.o
 .group         0x00000000        0x8 src/ASF/common/services/serial/usart_serial.o
 .group         0x00000000        0x8 src/ASF/common/services/serial/usart_serial.o
 .group         0x00000000        0x8 src/ASF/common/services/serial/usart_serial.o
 .group         0x00000000        0x8 src/ASF/common/services/serial/usart_serial.o
 .group         0x00000000        0x8 src/ASF/common/services/serial/usart_serial.o
 .group         0x00000000        0x8 src/ASF/common/services/serial/usart_serial.o
 .group         0x00000000        0x8 src/ASF/common/services/serial/usart_serial.o
 .group         0x00000000        0x8 src/ASF/common/services/serial/usart_serial.o
 .group         0x00000000        0x8 src/ASF/common/services/serial/usart_serial.o
 .group         0x00000000        0x8 src/ASF/common/services/serial/usart_serial.o
 .text          0x00000000        0x0 src/ASF/common/services/serial/usart_serial.o
 .data          0x00000000        0x0 src/ASF/common/services/serial/usart_serial.o
 .bss           0x00000000        0x0 src/ASF/common/services/serial/usart_serial.o
 .text.usart_serial_write_packet
                0x00000000       0x36 src/ASF/common/services/serial/usart_serial.o
 .debug_macro   0x00000000      0xa78 src/ASF/common/services/serial/usart_serial.o
 .debug_macro   0x00000000      0x708 src/ASF/common/services/serial/usart_serial.o
 .debug_macro   0x00000000       0x10 src/ASF/common/services/serial/usart_serial.o
 .debug_macro   0x00000000      0x1c9 src/ASF/common/services/serial/usart_serial.o
 .debug_macro   0x00000000      0x2fc src/ASF/common/services/serial/usart_serial.o
 .debug_macro   0x00000000       0x9e src/ASF/common/services/serial/usart_serial.o
 .debug_macro   0x00000000     0x1a27 src/ASF/common/services/serial/usart_serial.o
 .debug_macro   0x00000000      0x20a src/ASF/common/services/serial/usart_serial.o
 .debug_macro   0x00000000       0xd9 src/ASF/common/services/serial/usart_serial.o
 .debug_macro   0x00000000       0x34 src/ASF/common/services/serial/usart_serial.o
 .debug_macro   0x00000000       0x18 src/ASF/common/services/serial/usart_serial.o
 .debug_macro   0x00000000       0x6c src/ASF/common/services/serial/usart_serial.o
 .debug_macro   0x00000000       0x22 src/ASF/common/services/serial/usart_serial.o
 .debug_macro   0x00000000      0x16d src/ASF/common/services/serial/usart_serial.o
 .debug_macro   0x00000000       0x1c src/ASF/common/services/serial/usart_serial.o
 .debug_macro   0x00000000       0x35 src/ASF/common/services/serial/usart_serial.o
 .debug_macro   0x00000000       0x66 src/ASF/common/services/serial/usart_serial.o
 .debug_macro   0x00000000       0x43 src/ASF/common/services/serial/usart_serial.o
 .debug_macro   0x00000000       0x69 src/ASF/common/services/serial/usart_serial.o
 .debug_macro   0x00000000       0x2b src/ASF/common/services/serial/usart_serial.o
 .debug_macro   0x00000000       0x10 src/ASF/common/services/serial/usart_serial.o
 .debug_macro   0x00000000      0x175 src/ASF/common/services/serial/usart_serial.o
 .debug_macro   0x00000000       0x40 src/ASF/common/services/serial/usart_serial.o
 .debug_macro   0x00000000      0x100 src/ASF/common/services/serial/usart_serial.o
 .debug_macro   0x00000000       0x3a src/ASF/common/services/serial/usart_serial.o
 .debug_macro   0x00000000      0x2d8 src/ASF/common/services/serial/usart_serial.o
 .debug_macro   0x00000000       0x6e src/ASF/common/services/serial/usart_serial.o
 .debug_macro   0x00000000       0x40 src/ASF/common/services/serial/usart_serial.o
 .debug_macro   0x00000000       0x16 src/ASF/common/services/serial/usart_serial.o
 .debug_macro   0x00000000       0x34 src/ASF/common/services/serial/usart_serial.o
 .debug_macro   0x00000000       0xa3 src/ASF/common/services/serial/usart_serial.o
 .debug_macro   0x00000000      0x1ca src/ASF/common/services/serial/usart_serial.o
 .group         0x00000000        0x8 src/spi_random.o
 .group         0x00000000        0x8 src/spi_random.o
 .group         0x00000000        0x8 src/spi_random.o
 .group         0x00000000        0x8 src/spi_random.o
 .group         0x00000000        0x8 src/spi_random.o
 .group         0x00000000        0x8 src/spi_random.o
 .group         0x00000000        0x8 src/spi_random.o
 .group         0x00000000        0x8 src/spi_random.o
 .group         0x00000000        0x8 src/spi_random.o
 .group         0x00000000        0x8 src/spi_random.o
 .group         0x00000000        0x8 src/spi_random.o
 .group         0x00000000        0x8 src/spi_random.o
 .group         0x00000000        0x8 src/spi_random.o
 .group         0x00000000        0x8 src/spi_random.o
 .group         0x00000000        0x8 src/spi_random.o
 .group         0x00000000        0x8 src/spi_random.o
 .group         0x00000000        0x8 src/spi_random.o
 .group         0x00000000        0x8 src/spi_random.o
 .group         0x00000000        0x8 src/spi_random.o
 .group         0x00000000        0x8 src/spi_random.o
 .group         0x00000000        0x8 src/spi_random.o
 .group         0x00000000        0x8 src/spi_random.o
 .group         0x00000000        0x8 src/spi_random.o
 .group         0x00000000        0x8 src/spi_random.o
 .group         0x00000000        0x8 src/spi_random.o
 .group         0x00000000        0x8 src/spi_random.o
 .group         0x00000000        0x8 src/spi_random.o
 .group         0x00000000        0x8 src/spi_random.o
 .group         0x00000000        0x8 src/spi_random.o
 .group         0x00000000        0x8 src/spi_random.o
 .group         0x00000000        0x8 src/spi_random.o
 .group         0x00000000        0x8 src/spi_random.o
 .group         0x00000000        0x8 src/spi_random.o
 .group         0x00000000        0x8 src/spi_random.o
 .group         0x00000000        0x8 src/spi_random.o
 .group         0x00000000        0x8 src/spi_random.o
 .group         0x00000000        0x8 src/spi_random.o
 .text          0x00000000        0x0 src/spi_random.o
 .data          0x00000000        0x0 src/spi_random.o
 .bss           0x00000000        0x0 src/spi_random.o
 .text.init_SPI_mstr
                0x00000000       0x20 src/spi_random.o
 .text.SPI_Transmit_IRQ
                0x00000000       0x10 src/spi_random.o
 .text.SPI_Transmit_no_IRQ
                0x00000000        0x6 src/spi_random.o
 .text.spi_rx   0x00000000       0x7e src/spi_random.o
 .bss.spi_rx_count
                0x00000000        0x1 src/spi_random.o
 .bss.spi_rx_buf_head
                0x00000000        0x1 src/spi_random.o
 .debug_macro   0x00000000      0xa78 src/spi_random.o
 .debug_macro   0x00000000       0x10 src/spi_random.o
 .debug_macro   0x00000000      0x1c9 src/spi_random.o
 .debug_macro   0x00000000      0x2fc src/spi_random.o
 .debug_macro   0x00000000       0x9e src/spi_random.o
 .debug_macro   0x00000000     0x1a27 src/spi_random.o
 .debug_macro   0x00000000      0x20a src/spi_random.o
 .debug_macro   0x00000000       0xd9 src/spi_random.o
 .debug_macro   0x00000000       0x34 src/spi_random.o
 .debug_macro   0x00000000       0x18 src/spi_random.o
 .debug_macro   0x00000000       0x6c src/spi_random.o
 .debug_macro   0x00000000       0x22 src/spi_random.o
 .debug_macro   0x00000000      0x16d src/spi_random.o
 .debug_macro   0x00000000       0x1c src/spi_random.o
 .debug_macro   0x00000000       0x35 src/spi_random.o
 .debug_macro   0x00000000       0x66 src/spi_random.o
 .debug_macro   0x00000000      0x708 src/spi_random.o
 .debug_macro   0x00000000       0x43 src/spi_random.o
 .debug_macro   0x00000000       0x69 src/spi_random.o
 .debug_macro   0x00000000       0x2b src/spi_random.o
 .debug_macro   0x00000000       0x10 src/spi_random.o
 .debug_macro   0x00000000      0x175 src/spi_random.o
 .debug_macro   0x00000000       0x40 src/spi_random.o
 .debug_macro   0x00000000      0x100 src/spi_random.o
 .debug_macro   0x00000000       0x22 src/spi_random.o
 .debug_macro   0x00000000       0x6e src/spi_random.o
 .debug_macro   0x00000000       0x40 src/spi_random.o
 .debug_macro   0x00000000      0x2d8 src/spi_random.o
 .debug_macro   0x00000000       0x1c src/spi_random.o
 .debug_macro   0x00000000       0x34 src/spi_random.o
 .debug_macro   0x00000000       0x58 src/spi_random.o
 .debug_macro   0x00000000       0x10 src/spi_random.o
 .debug_macro   0x00000000       0xf2 src/spi_random.o
 .debug_macro   0x00000000       0x3a src/spi_random.o
 .debug_macro   0x00000000       0xa9 src/spi_random.o
 .debug_macro   0x00000000      0x1ca src/spi_random.o
 .group         0x00000000        0x8 src/ASF/mega/boards/atmega256rfr2_xplained_pro/init.o
 .group         0x00000000        0x8 src/ASF/mega/boards/atmega256rfr2_xplained_pro/init.o
 .group         0x00000000        0x8 src/ASF/mega/boards/atmega256rfr2_xplained_pro/init.o
 .group         0x00000000        0x8 src/ASF/mega/boards/atmega256rfr2_xplained_pro/init.o
 .group         0x00000000        0x8 src/ASF/mega/boards/atmega256rfr2_xplained_pro/init.o
 .group         0x00000000        0x8 src/ASF/mega/boards/atmega256rfr2_xplained_pro/init.o
 .group         0x00000000        0x8 src/ASF/mega/boards/atmega256rfr2_xplained_pro/init.o
 .group         0x00000000        0x8 src/ASF/mega/boards/atmega256rfr2_xplained_pro/init.o
 .group         0x00000000        0x8 src/ASF/mega/boards/atmega256rfr2_xplained_pro/init.o
 .group         0x00000000        0x8 src/ASF/mega/boards/atmega256rfr2_xplained_pro/init.o
 .group         0x00000000        0x8 src/ASF/mega/boards/atmega256rfr2_xplained_pro/init.o
 .group         0x00000000        0x8 src/ASF/mega/boards/atmega256rfr2_xplained_pro/init.o
 .group         0x00000000        0x8 src/ASF/mega/boards/atmega256rfr2_xplained_pro/init.o
 .group         0x00000000        0x8 src/ASF/mega/boards/atmega256rfr2_xplained_pro/init.o
 .group         0x00000000        0x8 src/ASF/mega/boards/atmega256rfr2_xplained_pro/init.o
 .group         0x00000000        0x8 src/ASF/mega/boards/atmega256rfr2_xplained_pro/init.o
 .group         0x00000000        0x8 src/ASF/mega/boards/atmega256rfr2_xplained_pro/init.o
 .group         0x00000000        0x8 src/ASF/mega/boards/atmega256rfr2_xplained_pro/init.o
 .group         0x00000000        0x8 src/ASF/mega/boards/atmega256rfr2_xplained_pro/init.o
 .group         0x00000000        0x8 src/ASF/mega/boards/atmega256rfr2_xplained_pro/init.o
 .group         0x00000000        0x8 src/ASF/mega/boards/atmega256rfr2_xplained_pro/init.o
 .group         0x00000000        0x8 src/ASF/mega/boards/atmega256rfr2_xplained_pro/init.o
 .group         0x00000000        0x8 src/ASF/mega/boards/atmega256rfr2_xplained_pro/init.o
 .group         0x00000000        0x8 src/ASF/mega/boards/atmega256rfr2_xplained_pro/init.o
 .group         0x00000000        0x8 src/ASF/mega/boards/atmega256rfr2_xplained_pro/init.o
 .group         0x00000000        0x8 src/ASF/mega/boards/atmega256rfr2_xplained_pro/init.o
 .group         0x00000000        0x8 src/ASF/mega/boards/atmega256rfr2_xplained_pro/init.o
 .group         0x00000000        0x8 src/ASF/mega/boards/atmega256rfr2_xplained_pro/init.o
 .group         0x00000000        0x8 src/ASF/mega/boards/atmega256rfr2_xplained_pro/init.o
 .text          0x00000000        0x0 src/ASF/mega/boards/atmega256rfr2_xplained_pro/init.o
 .data          0x00000000        0x0 src/ASF/mega/boards/atmega256rfr2_xplained_pro/init.o
 .bss           0x00000000        0x0 src/ASF/mega/boards/atmega256rfr2_xplained_pro/init.o
 .text.board_init
                0x00000000        0xa src/ASF/mega/boards/atmega256rfr2_xplained_pro/init.o
 .debug_info    0x00000000      0x282 src/ASF/mega/boards/atmega256rfr2_xplained_pro/init.o
 .debug_abbrev  0x00000000      0x149 src/ASF/mega/boards/atmega256rfr2_xplained_pro/init.o
 .debug_loc     0x00000000       0x51 src/ASF/mega/boards/atmega256rfr2_xplained_pro/init.o
 .debug_aranges
                0x00000000       0x20 src/ASF/mega/boards/atmega256rfr2_xplained_pro/init.o
 .debug_ranges  0x00000000       0x10 src/ASF/mega/boards/atmega256rfr2_xplained_pro/init.o
 .debug_macro   0x00000000      0x17f src/ASF/mega/boards/atmega256rfr2_xplained_pro/init.o
 .debug_macro   0x00000000      0xa78 src/ASF/mega/boards/atmega256rfr2_xplained_pro/init.o
 .debug_macro   0x00000000       0x10 src/ASF/mega/boards/atmega256rfr2_xplained_pro/init.o
 .debug_macro   0x00000000      0x1c9 src/ASF/mega/boards/atmega256rfr2_xplained_pro/init.o
 .debug_macro   0x00000000      0x2fc src/ASF/mega/boards/atmega256rfr2_xplained_pro/init.o
 .debug_macro   0x00000000       0x9e src/ASF/mega/boards/atmega256rfr2_xplained_pro/init.o
 .debug_macro   0x00000000     0x1a27 src/ASF/mega/boards/atmega256rfr2_xplained_pro/init.o
 .debug_macro   0x00000000      0x20a src/ASF/mega/boards/atmega256rfr2_xplained_pro/init.o
 .debug_macro   0x00000000       0xd9 src/ASF/mega/boards/atmega256rfr2_xplained_pro/init.o
 .debug_macro   0x00000000       0x34 src/ASF/mega/boards/atmega256rfr2_xplained_pro/init.o
 .debug_macro   0x00000000       0x18 src/ASF/mega/boards/atmega256rfr2_xplained_pro/init.o
 .debug_macro   0x00000000       0x6c src/ASF/mega/boards/atmega256rfr2_xplained_pro/init.o
 .debug_macro   0x00000000       0x22 src/ASF/mega/boards/atmega256rfr2_xplained_pro/init.o
 .debug_macro   0x00000000      0x16d src/ASF/mega/boards/atmega256rfr2_xplained_pro/init.o
 .debug_macro   0x00000000       0x1c src/ASF/mega/boards/atmega256rfr2_xplained_pro/init.o
 .debug_macro   0x00000000       0x35 src/ASF/mega/boards/atmega256rfr2_xplained_pro/init.o
 .debug_macro   0x00000000       0x66 src/ASF/mega/boards/atmega256rfr2_xplained_pro/init.o
 .debug_macro   0x00000000      0x708 src/ASF/mega/boards/atmega256rfr2_xplained_pro/init.o
 .debug_macro   0x00000000       0x43 src/ASF/mega/boards/atmega256rfr2_xplained_pro/init.o
 .debug_macro   0x00000000       0x69 src/ASF/mega/boards/atmega256rfr2_xplained_pro/init.o
 .debug_macro   0x00000000       0x2b src/ASF/mega/boards/atmega256rfr2_xplained_pro/init.o
 .debug_macro   0x00000000       0x10 src/ASF/mega/boards/atmega256rfr2_xplained_pro/init.o
 .debug_macro   0x00000000      0x175 src/ASF/mega/boards/atmega256rfr2_xplained_pro/init.o
 .debug_macro   0x00000000       0x40 src/ASF/mega/boards/atmega256rfr2_xplained_pro/init.o
 .debug_macro   0x00000000      0x100 src/ASF/mega/boards/atmega256rfr2_xplained_pro/init.o
 .debug_macro   0x00000000      0x2d2 src/ASF/mega/boards/atmega256rfr2_xplained_pro/init.o
 .debug_macro   0x00000000       0x6e src/ASF/mega/boards/atmega256rfr2_xplained_pro/init.o
 .debug_macro   0x00000000       0x40 src/ASF/mega/boards/atmega256rfr2_xplained_pro/init.o
 .debug_macro   0x00000000       0x16 src/ASF/mega/boards/atmega256rfr2_xplained_pro/init.o
 .debug_macro   0x00000000       0x34 src/ASF/mega/boards/atmega256rfr2_xplained_pro/init.o
 .debug_line    0x00000000      0x476 src/ASF/mega/boards/atmega256rfr2_xplained_pro/init.o
 .debug_str     0x00000000    0x1336f src/ASF/mega/boards/atmega256rfr2_xplained_pro/init.o
 .comment       0x00000000       0x31 src/ASF/mega/boards/atmega256rfr2_xplained_pro/init.o
 .debug_frame   0x00000000       0x24 src/ASF/mega/boards/atmega256rfr2_xplained_pro/init.o
 .group         0x00000000        0x8 src/main.o
 .group         0x00000000        0x8 src/main.o
 .group         0x00000000        0x8 src/main.o
 .group         0x00000000        0x8 src/main.o
 .group         0x00000000        0x8 src/main.o
 .group         0x00000000        0x8 src/main.o
 .group         0x00000000        0x8 src/main.o
 .group         0x00000000        0x8 src/main.o
 .group         0x00000000        0x8 src/main.o
 .group         0x00000000        0x8 src/main.o
 .group         0x00000000        0x8 src/main.o
 .group         0x00000000        0x8 src/main.o
 .group         0x00000000        0x8 src/main.o
 .group         0x00000000        0x8 src/main.o
 .group         0x00000000        0x8 src/main.o
 .group         0x00000000        0x8 src/main.o
 .group         0x00000000        0x8 src/main.o
 .group         0x00000000        0x8 src/main.o
 .group         0x00000000        0x8 src/main.o
 .group         0x00000000        0x8 src/main.o
 .group         0x00000000        0x8 src/main.o
 .group         0x00000000        0x8 src/main.o
 .group         0x00000000        0x8 src/main.o
 .group         0x00000000        0x8 src/main.o
 .group         0x00000000        0x8 src/main.o
 .group         0x00000000        0x8 src/main.o
 .group         0x00000000        0x8 src/main.o
 .group         0x00000000        0x8 src/main.o
 .group         0x00000000        0x8 src/main.o
 .group         0x00000000        0x8 src/main.o
 .group         0x00000000        0x8 src/main.o
 .group         0x00000000        0x8 src/main.o
 .group         0x00000000        0x8 src/main.o
 .group         0x00000000        0x8 src/main.o
 .group         0x00000000        0x8 src/main.o
 .group         0x00000000        0x8 src/main.o
 .group         0x00000000        0x8 src/main.o
 .group         0x00000000        0x8 src/main.o
 .group         0x00000000        0x8 src/main.o
 .text          0x00000000        0x0 src/main.o
 .data          0x00000000        0x0 src/main.o
 .bss           0x00000000        0x0 src/main.o
 .debug_macro   0x00000000      0xa78 src/main.o
 .debug_macro   0x00000000       0x10 src/main.o
 .debug_macro   0x00000000      0x1c9 src/main.o
 .debug_macro   0x00000000      0x2fc src/main.o
 .debug_macro   0x00000000       0x9e src/main.o
 .debug_macro   0x00000000     0x1a27 src/main.o
 .debug_macro   0x00000000      0x20a src/main.o
 .debug_macro   0x00000000       0xd9 src/main.o
 .debug_macro   0x00000000       0x34 src/main.o
 .debug_macro   0x00000000       0x18 src/main.o
 .debug_macro   0x00000000       0x6c src/main.o
 .debug_macro   0x00000000       0x22 src/main.o
 .debug_macro   0x00000000      0x16d src/main.o
 .debug_macro   0x00000000       0x1c src/main.o
 .debug_macro   0x00000000       0x35 src/main.o
 .debug_macro   0x00000000       0x66 src/main.o
 .debug_macro   0x00000000      0x708 src/main.o
 .debug_macro   0x00000000       0x43 src/main.o
 .debug_macro   0x00000000       0x69 src/main.o
 .debug_macro   0x00000000       0x2b src/main.o
 .debug_macro   0x00000000       0x10 src/main.o
 .debug_macro   0x00000000      0x175 src/main.o
 .debug_macro   0x00000000       0x40 src/main.o
 .debug_macro   0x00000000      0x100 src/main.o
 .debug_macro   0x00000000       0x22 src/main.o
 .debug_macro   0x00000000       0x6e src/main.o
 .debug_macro   0x00000000       0x40 src/main.o
 .debug_macro   0x00000000      0x2d8 src/main.o
 .debug_macro   0x00000000       0x1c src/main.o
 .debug_macro   0x00000000       0x34 src/main.o
 .debug_macro   0x00000000       0x58 src/main.o
 .debug_macro   0x00000000       0x10 src/main.o
 .debug_macro   0x00000000       0xf2 src/main.o
 .debug_macro   0x00000000       0x3a src/main.o
 .debug_macro   0x00000000       0xa9 src/main.o
 .debug_macro   0x00000000      0x1ca src/main.o
 .debug_macro   0x00000000       0x46 src/main.o
 .debug_macro   0x00000000       0x3a src/main.o
 .text          0x00000000        0x0 c:/program files (x86)/atmel/studio/7.0/toolchain/avr8/avr8-gnu-toolchain/bin/../lib/gcc/avr/5.4.0/avr6\libgcc.a(_udivmodsi4.o)
 .data          0x00000000        0x0 c:/program files (x86)/atmel/studio/7.0/toolchain/avr8/avr8-gnu-toolchain/bin/../lib/gcc/avr/5.4.0/avr6\libgcc.a(_udivmodsi4.o)
 .bss           0x00000000        0x0 c:/program files (x86)/atmel/studio/7.0/toolchain/avr8/avr8-gnu-toolchain/bin/../lib/gcc/avr/5.4.0/avr6\libgcc.a(_udivmodsi4.o)
 .text.libgcc.mul
                0x00000000        0x0 c:/program files (x86)/atmel/studio/7.0/toolchain/avr8/avr8-gnu-toolchain/bin/../lib/gcc/avr/5.4.0/avr6\libgcc.a(_udivmodsi4.o)
 .text.libgcc.div
                0x00000000       0x44 c:/program files (x86)/atmel/studio/7.0/toolchain/avr8/avr8-gnu-toolchain/bin/../lib/gcc/avr/5.4.0/avr6\libgcc.a(_udivmodsi4.o)
 .text.libgcc   0x00000000        0x0 c:/program files (x86)/atmel/studio/7.0/toolchain/avr8/avr8-gnu-toolchain/bin/../lib/gcc/avr/5.4.0/avr6\libgcc.a(_udivmodsi4.o)
 .text.libgcc.prologue
                0x00000000        0x0 c:/program files (x86)/atmel/studio/7.0/toolchain/avr8/avr8-gnu-toolchain/bin/../lib/gcc/avr/5.4.0/avr6\libgcc.a(_udivmodsi4.o)
 .text.libgcc.builtins
                0x00000000        0x0 c:/program files (x86)/atmel/studio/7.0/toolchain/avr8/avr8-gnu-toolchain/bin/../lib/gcc/avr/5.4.0/avr6\libgcc.a(_udivmodsi4.o)
 .text.libgcc.fmul
                0x00000000        0x0 c:/program files (x86)/atmel/studio/7.0/toolchain/avr8/avr8-gnu-toolchain/bin/../lib/gcc/avr/5.4.0/avr6\libgcc.a(_udivmodsi4.o)
 .text.libgcc.fixed
                0x00000000        0x0 c:/program files (x86)/atmel/studio/7.0/toolchain/avr8/avr8-gnu-toolchain/bin/../lib/gcc/avr/5.4.0/avr6\libgcc.a(_udivmodsi4.o)
 .text          0x00000000        0x0 c:/program files (x86)/atmel/studio/7.0/toolchain/avr8/avr8-gnu-toolchain/bin/../lib/gcc/avr/5.4.0/avr6\libgcc.a(_exit.o)
 .data          0x00000000        0x0 c:/program files (x86)/atmel/studio/7.0/toolchain/avr8/avr8-gnu-toolchain/bin/../lib/gcc/avr/5.4.0/avr6\libgcc.a(_exit.o)
 .bss           0x00000000        0x0 c:/program files (x86)/atmel/studio/7.0/toolchain/avr8/avr8-gnu-toolchain/bin/../lib/gcc/avr/5.4.0/avr6\libgcc.a(_exit.o)
 .text.libgcc.mul
                0x00000000        0x0 c:/program files (x86)/atmel/studio/7.0/toolchain/avr8/avr8-gnu-toolchain/bin/../lib/gcc/avr/5.4.0/avr6\libgcc.a(_exit.o)
 .text.libgcc.div
                0x00000000        0x0 c:/program files (x86)/atmel/studio/7.0/toolchain/avr8/avr8-gnu-toolchain/bin/../lib/gcc/avr/5.4.0/avr6\libgcc.a(_exit.o)
 .text.libgcc   0x00000000        0x0 c:/program files (x86)/atmel/studio/7.0/toolchain/avr8/avr8-gnu-toolchain/bin/../lib/gcc/avr/5.4.0/avr6\libgcc.a(_exit.o)
 .text.libgcc.prologue
                0x00000000        0x0 c:/program files (x86)/atmel/studio/7.0/toolchain/avr8/avr8-gnu-toolchain/bin/../lib/gcc/avr/5.4.0/avr6\libgcc.a(_exit.o)
 .text.libgcc.builtins
                0x00000000        0x0 c:/program files (x86)/atmel/studio/7.0/toolchain/avr8/avr8-gnu-toolchain/bin/../lib/gcc/avr/5.4.0/avr6\libgcc.a(_exit.o)
 .text.libgcc.fmul
                0x00000000        0x0 c:/program files (x86)/atmel/studio/7.0/toolchain/avr8/avr8-gnu-toolchain/bin/../lib/gcc/avr/5.4.0/avr6\libgcc.a(_exit.o)
 .text.libgcc.fixed
                0x00000000        0x0 c:/program files (x86)/atmel/studio/7.0/toolchain/avr8/avr8-gnu-toolchain/bin/../lib/gcc/avr/5.4.0/avr6\libgcc.a(_exit.o)
 .text          0x00000000        0x0 c:/program files (x86)/atmel/studio/7.0/toolchain/avr8/avr8-gnu-toolchain/bin/../lib/gcc/avr/5.4.0/avr6\libgcc.a(_copy_data.o)
 .data          0x00000000        0x0 c:/program files (x86)/atmel/studio/7.0/toolchain/avr8/avr8-gnu-toolchain/bin/../lib/gcc/avr/5.4.0/avr6\libgcc.a(_copy_data.o)
 .bss           0x00000000        0x0 c:/program files (x86)/atmel/studio/7.0/toolchain/avr8/avr8-gnu-toolchain/bin/../lib/gcc/avr/5.4.0/avr6\libgcc.a(_copy_data.o)
 .text.libgcc.mul
                0x00000000        0x0 c:/program files (x86)/atmel/studio/7.0/toolchain/avr8/avr8-gnu-toolchain/bin/../lib/gcc/avr/5.4.0/avr6\libgcc.a(_copy_data.o)
 .text.libgcc.div
                0x00000000        0x0 c:/program files (x86)/atmel/studio/7.0/toolchain/avr8/avr8-gnu-toolchain/bin/../lib/gcc/avr/5.4.0/avr6\libgcc.a(_copy_data.o)
 .text.libgcc   0x00000000        0x0 c:/program files (x86)/atmel/studio/7.0/toolchain/avr8/avr8-gnu-toolchain/bin/../lib/gcc/avr/5.4.0/avr6\libgcc.a(_copy_data.o)
 .text.libgcc.prologue
                0x00000000        0x0 c:/program files (x86)/atmel/studio/7.0/toolchain/avr8/avr8-gnu-toolchain/bin/../lib/gcc/avr/5.4.0/avr6\libgcc.a(_copy_data.o)
 .text.libgcc.builtins
                0x00000000        0x0 c:/program files (x86)/atmel/studio/7.0/toolchain/avr8/avr8-gnu-toolchain/bin/../lib/gcc/avr/5.4.0/avr6\libgcc.a(_copy_data.o)
 .text.libgcc.fmul
                0x00000000        0x0 c:/program files (x86)/atmel/studio/7.0/toolchain/avr8/avr8-gnu-toolchain/bin/../lib/gcc/avr/5.4.0/avr6\libgcc.a(_copy_data.o)
 .text.libgcc.fixed
                0x00000000        0x0 c:/program files (x86)/atmel/studio/7.0/toolchain/avr8/avr8-gnu-toolchain/bin/../lib/gcc/avr/5.4.0/avr6\libgcc.a(_copy_data.o)
 .text          0x00000000        0x0 c:/program files (x86)/atmel/studio/7.0/toolchain/avr8/avr8-gnu-toolchain/bin/../lib/gcc/avr/5.4.0/avr6\libgcc.a(_clear_bss.o)
 .data          0x00000000        0x0 c:/program files (x86)/atmel/studio/7.0/toolchain/avr8/avr8-gnu-toolchain/bin/../lib/gcc/avr/5.4.0/avr6\libgcc.a(_clear_bss.o)
 .bss           0x00000000        0x0 c:/program files (x86)/atmel/studio/7.0/toolchain/avr8/avr8-gnu-toolchain/bin/../lib/gcc/avr/5.4.0/avr6\libgcc.a(_clear_bss.o)
 .text.libgcc.mul
                0x00000000        0x0 c:/program files (x86)/atmel/studio/7.0/toolchain/avr8/avr8-gnu-toolchain/bin/../lib/gcc/avr/5.4.0/avr6\libgcc.a(_clear_bss.o)
 .text.libgcc.div
                0x00000000        0x0 c:/program files (x86)/atmel/studio/7.0/toolchain/avr8/avr8-gnu-toolchain/bin/../lib/gcc/avr/5.4.0/avr6\libgcc.a(_clear_bss.o)
 .text.libgcc   0x00000000        0x0 c:/program files (x86)/atmel/studio/7.0/toolchain/avr8/avr8-gnu-toolchain/bin/../lib/gcc/avr/5.4.0/avr6\libgcc.a(_clear_bss.o)
 .text.libgcc.prologue
                0x00000000        0x0 c:/program files (x86)/atmel/studio/7.0/toolchain/avr8/avr8-gnu-toolchain/bin/../lib/gcc/avr/5.4.0/avr6\libgcc.a(_clear_bss.o)
 .text.libgcc.builtins
                0x00000000        0x0 c:/program files (x86)/atmel/studio/7.0/toolchain/avr8/avr8-gnu-toolchain/bin/../lib/gcc/avr/5.4.0/avr6\libgcc.a(_clear_bss.o)
 .text.libgcc.fmul
                0x00000000        0x0 c:/program files (x86)/atmel/studio/7.0/toolchain/avr8/avr8-gnu-toolchain/bin/../lib/gcc/avr/5.4.0/avr6\libgcc.a(_clear_bss.o)
 .text.libgcc.fixed
                0x00000000        0x0 c:/program files (x86)/atmel/studio/7.0/toolchain/avr8/avr8-gnu-toolchain/bin/../lib/gcc/avr/5.4.0/avr6\libgcc.a(_clear_bss.o)

Memory Configuration

Name             Origin             Length             Attributes
text             0x00000000         0x00100000         xr
data             0x00800200         0x0000fe00         rw !x
eeprom           0x00810000         0x00010000         rw !x
fuse             0x00820000         0x00000003         rw !x
lock             0x00830000         0x00000400         rw !x
signature        0x00840000         0x00000400         rw !x
user_signatures  0x00850000         0x00000400         rw !x
*default*        0x00000000         0xffffffff

Linker script and memory map

Address of section .data set to 0x800200
LOAD C:/Program Files (x86)/Atmel/Studio/7.0/Packs/atmel/ATmega_DFP/1.3.300/gcc/dev/atmega2561/avr6/crtatmega2561.o
LOAD src/ASF/common/services/clock/mega/sysclk.o
LOAD src/ASF/common/utils/stdio/read.o
LOAD src/ASF/mega/drivers/usart/usart_megarf.o
LOAD src/ASF/thirdparty/wireless/addons/sio2host/uart/sio2host.o
LOAD src/ASF/common/utils/stdio/write.o
LOAD src/ASF/common/services/serial/usart_serial.o
LOAD src/spi_random.o
LOAD src/ASF/mega/boards/atmega256rfr2_xplained_pro/init.o
LOAD src/main.o
START GROUP
LOAD c:/program files (x86)/atmel/studio/7.0/toolchain/avr8/avr8-gnu-toolchain/bin/../lib/gcc/avr/5.4.0/../../../../avr/lib/avr6\libm.a
END GROUP
START GROUP
LOAD c:/program files (x86)/atmel/studio/7.0/toolchain/avr8/avr8-gnu-toolchain/bin/../lib/gcc/avr/5.4.0/avr6\libgcc.a
LOAD c:/program files (x86)/atmel/studio/7.0/toolchain/avr8/avr8-gnu-toolchain/bin/../lib/gcc/avr/5.4.0/../../../../avr/lib/avr6\libm.a
LOAD c:/program files (x86)/atmel/studio/7.0/toolchain/avr8/avr8-gnu-toolchain/bin/../lib/gcc/avr/5.4.0/../../../../avr/lib/avr6\libc.a
LOAD C:/Program Files (x86)/Atmel/Studio/7.0/Packs/atmel/ATmega_DFP/1.3.300/gcc/dev/atmega2561/avr6\libatmega2561.a
END GROUP
                0x00000000                __TEXT_REGION_ORIGIN__ = DEFINED (__TEXT_REGION_ORIGIN__)?__TEXT_REGION_ORIGIN__:0x0
                0x00800200                __DATA_REGION_ORIGIN__ = DEFINED (__DATA_REGION_ORIGIN__)?__DATA_REGION_ORIGIN__:0x800200
                0x00100000                __TEXT_REGION_LENGTH__ = DEFINED (__TEXT_REGION_LENGTH__)?__TEXT_REGION_LENGTH__:0x100000
                0x0000fe00                __DATA_REGION_LENGTH__ = DEFINED (__DATA_REGION_LENGTH__)?__DATA_REGION_LENGTH__:0xfe00
                0x00010000                __EEPROM_REGION_LENGTH__ = DEFINED (__EEPROM_REGION_LENGTH__)?__EEPROM_REGION_LENGTH__:0x10000
                [0x00000003]                __FUSE_REGION_LENGTH__ = DEFINED (__FUSE_REGION_LENGTH__)?__FUSE_REGION_LENGTH__:0x400
                0x00000400                __LOCK_REGION_LENGTH__ = DEFINED (__LOCK_REGION_LENGTH__)?__LOCK_REGION_LENGTH__:0x400
                0x00000400                __SIGNATURE_REGION_LENGTH__ = DEFINED (__SIGNATURE_REGION_LENGTH__)?__SIGNATURE_REGION_LENGTH__:0x400
                0x00000400                __USER_SIGNATURE_REGION_LENGTH__ = DEFINED (__USER_SIGNATURE_REGION_LENGTH__)?__USER_SIGNATURE_REGION_LENGTH__:0x400

.hash
 *(.hash)

.dynsym
 *(.dynsym)

.dynstr
 *(.dynstr)

.gnu.version
 *(.gnu.version)

.gnu.version_d
 *(.gnu.version_d)

.gnu.version_r
 *(.gnu.version_r)

.rel.init
 *(.rel.init)

.rela.init
 *(.rela.init)

.rel.text
 *(.rel.text)
 *(.rel.text.*)
 *(.rel.gnu.linkonce.t*)

.rela.text
 *(.rela.text)
 *(.rela.text.*)
 *(.rela.gnu.linkonce.t*)

.rel.fini
 *(.rel.fini)

.rela.fini
 *(.rela.fini)

.rel.rodata
 *(.rel.rodata)
 *(.rel.rodata.*)
 *(.rel.gnu.linkonce.r*)

.rela.rodata
 *(.rela.rodata)
 *(.rela.rodata.*)
 *(.rela.gnu.linkonce.r*)

.rel.data
 *(.rel.data)
 *(.rel.data.*)
 *(.rel.gnu.linkonce.d*)

.rela.data
 *(.rela.data)
 *(.rela.data.*)
 *(.rela.gnu.linkonce.d*)

.rel.ctors
 *(.rel.ctors)

.rela.ctors
 *(.rela.ctors)

.rel.dtors
 *(.rel.dtors)

.rela.dtors
 *(.rela.dtors)

.rel.got
 *(.rel.got)

.rela.got
 *(.rela.got)

.rel.bss
 *(.rel.bss)

.rela.bss
 *(.rela.bss)

.rel.plt
 *(.rel.plt)

.rela.plt
 *(.rela.plt)

.text           0x00000000      0x2ee
 *(.vectors)
 .vectors       0x00000000       0xcc C:/Program Files (x86)/Atmel/Studio/7.0/Packs/atmel/ATmega_DFP/1.3.300/gcc/dev/atmega2561/avr6/crtatmega2561.o
                0x00000000                __vector_default
                0x00000000                __vectors
 *(.vectors)
 *(.progmem.gcc*)
                0x000000cc                . = ALIGN (0x2)
                0x000000cc                __trampolines_start = .
 *(.trampolines)
 .trampolines   0x000000cc        0x0 linker stubs
 *(.trampolines*)
                0x000000cc                __trampolines_end = .
 *libprintf_flt.a:*(.progmem.data)
 *libc.a:*(.progmem.data)
 *(.progmem*)
                0x000000cc                . = ALIGN (0x2)
 *(.jumptables)
 *(.jumptables*)
 *(.lowtext)
 *(.lowtext*)
                0x000000cc                __ctors_start = .
 *(.ctors)
                0x000000cc                __ctors_end = .
                0x000000cc                __dtors_start = .
 *(.dtors)
                0x000000cc                __dtors_end = .
 SORT(*)(.ctors)
 SORT(*)(.dtors)
 *(.init0)
 .init0         0x000000cc        0x0 C:/Program Files (x86)/Atmel/Studio/7.0/Packs/atmel/ATmega_DFP/1.3.300/gcc/dev/atmega2561/avr6/crtatmega2561.o
                0x000000cc                __init
 *(.init0)
 *(.init1)
 *(.init1)
 *(.init2)
 .init2         0x000000cc       0x10 C:/Program Files (x86)/Atmel/Studio/7.0/Packs/atmel/ATmega_DFP/1.3.300/gcc/dev/atmega2561/avr6/crtatmega2561.o
 *(.init2)
 *(.init3)
 *(.init3)
 *(.init4)
 .init4         0x000000dc       0x1a c:/program files (x86)/atmel/studio/7.0/toolchain/avr8/avr8-gnu-toolchain/bin/../lib/gcc/avr/5.4.0/avr6\libgcc.a(_copy_data.o)
                0x000000dc                __do_copy_data
 .init4         0x000000f6       0x10 c:/program files (x86)/atmel/studio/7.0/toolchain/avr8/avr8-gnu-toolchain/bin/../lib/gcc/avr/5.4.0/avr6\libgcc.a(_clear_bss.o)
                0x000000f6                __do_clear_bss
 *(.init4)
 *(.init5)
 *(.init5)
 *(.init6)
 *(.init6)
 *(.init7)
 *(.init7)
 *(.init8)
 *(.init8)
 *(.init9)
 .init9         0x00000106        0x4 C:/Program Files (x86)/Atmel/Studio/7.0/Packs/atmel/ATmega_DFP/1.3.300/gcc/dev/atmega2561/avr6/crtatmega2561.o
 *(.init9)
 *(.text)
 .text          0x0000010a        0x2 C:/Program Files (x86)/Atmel/Studio/7.0/Packs/atmel/ATmega_DFP/1.3.300/gcc/dev/atmega2561/avr6/crtatmega2561.o
                0x0000010a                __vector_38
                0x0000010a                __vector_22
                0x0000010a                __vector_28
                0x0000010a                __vector_1
                0x0000010a                __vector_32
                0x0000010a                __vector_34
                0x0000010a                __vector_12
                0x0000010a                __vector_46
                0x0000010a                __bad_interrupt
                0x0000010a                __vector_6
                0x0000010a                __vector_31
                0x0000010a                __vector_35
                0x0000010a                __vector_39
                0x0000010a                __vector_3
                0x0000010a                __vector_23
                0x0000010a                __vector_30
                0x0000010a                __vector_45
                0x0000010a                __vector_25
                0x0000010a                __vector_11
                0x0000010a                __vector_13
                0x0000010a                __vector_17
                0x0000010a                __vector_19
                0x0000010a                __vector_7
                0x0000010a                __vector_49
                0x0000010a                __vector_41
                0x0000010a                __vector_43
                0x0000010a                __vector_27
                0x0000010a                __vector_5
                0x0000010a                __vector_33
                0x0000010a                __vector_47
                0x0000010a                __vector_37
                0x0000010a                __vector_4
                0x0000010a                __vector_44
                0x0000010a                __vector_9
                0x0000010a                __vector_2
                0x0000010a                __vector_21
                0x0000010a                __vector_15
                0x0000010a                __vector_29
                0x0000010a                __vector_40
                0x0000010a                __vector_8
                0x0000010a                __vector_26
                0x0000010a                __vector_48
                0x0000010a                __vector_14
                0x0000010a                __vector_10
                0x0000010a                __vector_50
                0x0000010a                __vector_16
                0x0000010a                __vector_18
                0x0000010a                __vector_20
                0x0000010a                __vector_42
                0x0000010c                . = ALIGN (0x2)
 *(.text.*)
 .text.usart_getchar
                0x0000010c        0xc src/ASF/mega/drivers/usart/usart_megarf.o
                0x0000010c                usart_getchar
 .text.__vector_36
                0x00000118       0x90 src/ASF/thirdparty/wireless/addons/sio2host/uart/sio2host.o
                0x00000118                __vector_36
 .text.usart_serial_read_packet
                0x000001a8       0x34 src/ASF/common/services/serial/usart_serial.o
                0x000001a8                usart_serial_read_packet
 .text.__vector_24
                0x000001dc       0x56 src/spi_random.o
                0x000001dc                __vector_24
 .text.main     0x00000232       0xb8 src/main.o
                0x00000232                main
                0x000002ea                . = ALIGN (0x2)
 *(.fini9)
 .fini9         0x000002ea        0x0 c:/program files (x86)/atmel/studio/7.0/toolchain/avr8/avr8-gnu-toolchain/bin/../lib/gcc/avr/5.4.0/avr6\libgcc.a(_exit.o)
                0x000002ea                _exit
                0x000002ea                exit
 *(.fini9)
 *(.fini8)
 *(.fini8)
 *(.fini7)
 *(.fini7)
 *(.fini6)
 *(.fini6)
 *(.fini5)
 *(.fini5)
 *(.fini4)
 *(.fini4)
 *(.fini3)
 *(.fini3)
 *(.fini2)
 *(.fini2)
 *(.fini1)
 *(.fini1)
 *(.fini0)
 .fini0         0x000002ea        0x4 c:/program files (x86)/atmel/studio/7.0/toolchain/avr8/avr8-gnu-toolchain/bin/../lib/gcc/avr/5.4.0/avr6\libgcc.a(_exit.o)
 *(.fini0)
                0x000002ee                _etext = .

.data           0x00800200        0x0 load address 0x000002ee
                0x00800200                PROVIDE (__data_start, .)
 *(.data)
 *(.data*)
 *(.gnu.linkonce.d*)
 *(.rodata)
 *(.rodata*)
 *(.gnu.linkonce.r*)
                0x00800200                . = ALIGN (0x2)
                0x00800200                _edata = .
                0x00800200                PROVIDE (__data_end, .)

.bss            0x00800200      0x140
                0x00800200                PROVIDE (__bss_start, .)
 *(.bss)
 *(.bss*)
 .bss.serial_rx_buf_tail
                0x00800200        0x1 src/ASF/thirdparty/wireless/addons/sio2host/uart/sio2host.o
 .bss.serial_rx_buf
                0x00800201       0x9c src/ASF/thirdparty/wireless/addons/sio2host/uart/sio2host.o
 .bss.spi_rx_buf_tail
                0x0080029d        0x1 src/spi_random.o
 .bss.spi_rx_buf
                0x0080029e       0x9c src/spi_random.o
 .bss.STATUS_byte
                0x0080033a        0x1 src/main.o
                0x0080033a                STATUS_byte
 *(COMMON)
 COMMON         0x0080033b        0x1 src/spi_random.o
                0x0080033b                spi_buf_complete
 COMMON         0x0080033c        0x4 src/main.o
                0x0080033c                HADCs
                0x0080033d                LADCs
                0x0080033e                MADCs
                0x0080033f                sample_ready
                0x00800340                PROVIDE (__bss_end, .)
                0x000002ee                __data_load_start = LOADADDR (.data)
                0x000002ee                __data_load_end = (__data_load_start + SIZEOF (.data))

.noinit         0x00800340        0x0
                [!provide]                PROVIDE (__noinit_start, .)
 *(.noinit*)
                [!provide]                PROVIDE (__noinit_end, .)
                0x00800340                _end = .
                [!provide]                PROVIDE (__heap_start, .)

.eeprom         0x00810000        0x0
 *(.eeprom*)
                0x00810000                __eeprom_end = .

.fuse
 *(.fuse)
 *(.lfuse)
 *(.hfuse)
 *(.efuse)

.lock
 *(.lock*)

.signature
 *(.signature*)

.user_signatures
 *(.user_signatures*)

.stab
 *(.stab)

.stabstr
 *(.stabstr)

.stab.excl
 *(.stab.excl)

.stab.exclstr
 *(.stab.exclstr)

.stab.index
 *(.stab.index)

.stab.indexstr
 *(.stab.indexstr)

.comment        0x00000000       0x30
 *(.comment)
 .comment       0x00000000       0x30 src/ASF/mega/drivers/usart/usart_megarf.o
                                 0x31 (size before relaxing)
 .comment       0x00000030       0x31 src/ASF/thirdparty/wireless/addons/sio2host/uart/sio2host.o
 .comment       0x00000030       0x31 src/ASF/common/services/serial/usart_serial.o
 .comment       0x00000030       0x31 src/spi_random.o
 .comment       0x00000030       0x31 src/main.o

.note.gnu.avr.deviceinfo
                0x00000000       0x40
 .note.gnu.avr.deviceinfo
                0x00000000       0x40 C:/Program Files (x86)/Atmel/Studio/7.0/Packs/atmel/ATmega_DFP/1.3.300/gcc/dev/atmega2561/avr6/crtatmega2561.o

.note.gnu.build-id
 *(.note.gnu.build-id)

.debug
 *(.debug)

.line
 *(.line)

.debug_srcinfo
 *(.debug_srcinfo)

.debug_sfnames
 *(.debug_sfnames)

.debug_aranges  0x00000000      0x150
 *(.debug_aranges)
 .debug_aranges
                0x00000000       0x50 src/ASF/mega/drivers/usart/usart_megarf.o
 .debug_aranges
                0x00000050       0x78 src/ASF/thirdparty/wireless/addons/sio2host/uart/sio2host.o
 .debug_aranges
                0x000000c8       0x28 src/ASF/common/services/serial/usart_serial.o
 .debug_aranges
                0x000000f0       0x40 src/spi_random.o
 .debug_aranges
                0x00000130       0x20 src/main.o

.debug_pubnames
 *(.debug_pubnames)

.debug_info     0x00000000     0x27a9
 *(.debug_info .gnu.linkonce.wi.*)
 .debug_info    0x00000000      0xa1a C:/Program Files (x86)/Atmel/Studio/7.0/Packs/atmel/ATmega_DFP/1.3.300/gcc/dev/atmega2561/avr6/crtatmega2561.o
 .debug_info    0x00000a1a      0xb97 src/ASF/mega/drivers/usart/usart_megarf.o
 .debug_info    0x000015b1      0x808 src/ASF/thirdparty/wireless/addons/sio2host/uart/sio2host.o
 .debug_info    0x00001db9      0x39e src/ASF/common/services/serial/usart_serial.o
 .debug_info    0x00002157      0x30b src/spi_random.o
 .debug_info    0x00002462      0x347 src/main.o

.debug_abbrev   0x00000000     0x1459
 *(.debug_abbrev)
 .debug_abbrev  0x00000000      0x98e C:/Program Files (x86)/Atmel/Studio/7.0/Packs/atmel/ATmega_DFP/1.3.300/gcc/dev/atmega2561/avr6/crtatmega2561.o
 .debug_abbrev  0x0000098e      0x345 src/ASF/mega/drivers/usart/usart_megarf.o
 .debug_abbrev  0x00000cd3      0x2f6 src/ASF/thirdparty/wireless/addons/sio2host/uart/sio2host.o
 .debug_abbrev  0x00000fc9      0x17d src/ASF/common/services/serial/usart_serial.o
 .debug_abbrev  0x00001146      0x176 src/spi_random.o
 .debug_abbrev  0x000012bc      0x19d src/main.o

.debug_line     0x00000000     0x2726
 *(.debug_line .debug_line.* .debug_line_end)
 .debug_line    0x00000000      0x1d5 C:/Program Files (x86)/Atmel/Studio/7.0/Packs/atmel/ATmega_DFP/1.3.300/gcc/dev/atmega2561/avr6/crtatmega2561.o
 .debug_line    0x000001d5      0x7df src/ASF/mega/drivers/usart/usart_megarf.o
 .debug_line    0x000009b4      0x8a3 src/ASF/thirdparty/wireless/addons/sio2host/uart/sio2host.o
 .debug_line    0x00001257      0x5df src/ASF/common/services/serial/usart_serial.o
 .debug_line    0x00001836      0x769 src/spi_random.o
 .debug_line    0x00001f9f      0x787 src/main.o

.debug_frame    0x00000000      0x3ec
 *(.debug_frame)
 .debug_frame   0x00000000      0x130 src/ASF/mega/drivers/usart/usart_megarf.o
 .debug_frame   0x00000130      0x1a0 src/ASF/thirdparty/wireless/addons/sio2host/uart/sio2host.o
 .debug_frame   0x000002d0       0x74 src/ASF/common/services/serial/usart_serial.o
 .debug_frame   0x00000344       0x84 src/spi_random.o
 .debug_frame   0x000003c8       0x24 src/main.o

.debug_str      0x00000000    0x14f75
 *(.debug_str)
 .debug_str     0x00000000      0x366 C:/Program Files (x86)/Atmel/Studio/7.0/Packs/atmel/ATmega_DFP/1.3.300/gcc/dev/atmega2561/avr6/crtatmega2561.o
 .debug_str     0x00000366    0x13ee9 src/ASF/mega/drivers/usart/usart_megarf.o
                              0x14158 (size before relaxing)
 .debug_str     0x0001424f      0x942 src/ASF/thirdparty/wireless/addons/sio2host/uart/sio2host.o
                              0x146d9 (size before relaxing)
 .debug_str     0x00014b91       0x31 src/ASF/common/services/serial/usart_serial.o
                              0x13cd4 (size before relaxing)
 .debug_str     0x00014bc2      0x186 src/spi_random.o
                              0x14260 (size before relaxing)
 .debug_str     0x00014d48      0x22d src/main.o
                              0x14581 (size before relaxing)

.debug_loc      0x00000000     0x14ef
 *(.debug_loc)
 .debug_loc     0x00000000      0xbfe src/ASF/mega/drivers/usart/usart_megarf.o
 .debug_loc     0x00000bfe      0x50d src/ASF/thirdparty/wireless/addons/sio2host/uart/sio2host.o
 .debug_loc     0x0000110b      0x273 src/ASF/common/services/serial/usart_serial.o
 .debug_loc     0x0000137e      0x15d src/spi_random.o
 .debug_loc     0x000014db       0x14 src/main.o

.debug_macinfo
 *(.debug_macinfo)

.debug_weaknames
 *(.debug_weaknames)

.debug_funcnames
 *(.debug_funcnames)

.debug_typenames
 *(.debug_typenames)

.debug_varnames
 *(.debug_varnames)

.debug_pubtypes
 *(.debug_pubtypes)

.debug_ranges   0x00000000      0x138
 *(.debug_ranges)
 .debug_ranges  0x00000000       0x78 src/ASF/mega/drivers/usart/usart_megarf.o
 .debug_ranges  0x00000078       0x68 src/ASF/thirdparty/wireless/addons/sio2host/uart/sio2host.o
 .debug_ranges  0x000000e0       0x18 src/ASF/common/services/serial/usart_serial.o
 .debug_ranges  0x000000f8       0x30 src/spi_random.o
 .debug_ranges  0x00000128       0x10 src/main.o

.debug_macro    0x00000000     0x1348
 *(.debug_macro)
 .debug_macro   0x00000000      0x1a4 src/ASF/mega/drivers/usart/usart_megarf.o
 .debug_macro   0x000001a4      0x302 src/ASF/mega/drivers/usart/usart_megarf.o
 .debug_macro   0x000004a6      0x1c4 src/ASF/mega/drivers/usart/usart_megarf.o
 .debug_macro   0x0000066a      0x212 src/ASF/thirdparty/wireless/addons/sio2host/uart/sio2host.o
 .debug_macro   0x0000087c       0x22 src/ASF/thirdparty/wireless/addons/sio2host/uart/sio2host.o
 .debug_macro   0x0000089e       0x1c src/ASF/thirdparty/wireless/addons/sio2host/uart/sio2host.o
 .debug_macro   0x000008ba       0x58 src/ASF/thirdparty/wireless/addons/sio2host/uart/sio2host.o
 .debug_macro   0x00000912       0x10 src/ASF/thirdparty/wireless/addons/sio2host/uart/sio2host.o
 .debug_macro   0x00000922       0xf2 src/ASF/thirdparty/wireless/addons/sio2host/uart/sio2host.o
 .debug_macro   0x00000a14       0xa9 src/ASF/thirdparty/wireless/addons/sio2host/uart/sio2host.o
 .debug_macro   0x00000abd      0x1ca src/ASF/thirdparty/wireless/addons/sio2host/uart/sio2host.o
 .debug_macro   0x00000c87       0x3a src/ASF/thirdparty/wireless/addons/sio2host/uart/sio2host.o
 .debug_macro   0x00000cc1      0x1c2 src/ASF/common/services/serial/usart_serial.o
 .debug_macro   0x00000e83      0x212 src/spi_random.o
 .debug_macro   0x00001095       0x46 src/spi_random.o
 .debug_macro   0x000010db      0x257 src/main.o
 .debug_macro   0x00001332       0x16 src/main.o
OUTPUT(Ziggys_DR_IRQ_Time_Test.elf elf32-avr)
LOAD linker stubs
